08:39:55 | INFO     | 🚀 INICIANDO PIPELINE DE EXTRAÇÃO DE COMPRAS PÚBLICAS
08:39:55 | INFO     | ============================================================
08:39:55 | INFO     | ℹ️  Módulo LEGADO está desativado em config.config['CONFIG_APIS']['LEGADO']['executar_legado']; pulando extração.
08:39:55 | INFO     | ▶ Módulo LEI 14.133 — 24 tarefas | 2 threads
08:39:57 | INFO     | ✅ DONE | RT | PNCP-CONCORRENCIA     | 2021 | 1/24 (4.2%) | Falhas: 0
08:39:57 | INFO     | ✅ DONE | RT | PNCP-PREGAO           | 2021 | 2/24 (8.3%) | Falhas: 0
08:39:59 | INFO     | ✅ DONE | RT | PNCP-INEXIGIBILIDADE  | 2021 | 3/24 (12.5%) | Falhas: 0
08:39:59 | INFO     | ✅ DONE | RT | PNCP-DISPENSA         | 2021 | 4/24 (16.7%) | Falhas: 0
08:40:03 | INFO     | ✅ DONE | RT | PNCP-PREGAO           | 2022 | 5/24 (20.8%) | Falhas: 0
08:40:03 | INFO     | ✅ DONE | RT | PNCP-CONCORRENCIA     | 2022 | 6/24 (25.0%) | Falhas: 0
08:40:06 | INFO     | ✅ DONE | RT | PNCP-INEXIGIBILIDADE  | 2022 | 7/24 (29.2%) | Falhas: 0
08:40:07 | INFO     | ✅ DONE | RT | PNCP-DISPENSA         | 2022 | 8/24 (33.3%) | Falhas: 0
08:40:08 | INFO     | ✅ DONE | RT | PNCP-CONCORRENCIA     | 2023 | 9/24 (37.5%) | Falhas: 0
08:40:08 | INFO     | ✅ DONE | RT | PNCP-PREGAO           | 2023 | 10/24 (41.7%) | Falhas: 0
08:40:10 | INFO     | ✅ DONE | RT | PNCP-INEXIGIBILIDADE  | 2023 | 11/24 (45.8%) | Falhas: 0
08:40:10 | INFO     | ✅ DONE | RT | PNCP-DISPENSA         | 2023 | 12/24 (50.0%) | Falhas: 0
08:40:11 | INFO     | ✅ DONE | RT | PNCP-CONCORRENCIA     | 2024 | 13/24 (54.2%) | Falhas: 0
08:40:11 | INFO     | ✅ DONE | RT | PNCP-PREGAO           | 2024 | 14/24 (58.3%) | Falhas: 0
08:40:14 | INFO     | ✅ DONE | RT | PNCP-DISPENSA         | 2024 | 15/24 (62.5%) | Falhas: 0
08:40:16 | INFO     | ✅ DONE | RT | PNCP-CONCORRENCIA     | 2025 | 16/24 (66.7%) | Falhas: 0
08:40:16 | INFO     | ✅ DONE | RT | PNCP-INEXIGIBILIDADE  | 2024 | 17/24 (70.8%) | Falhas: 0
08:40:18 | INFO     | ✅ DONE | RT | PNCP-PREGAO           | 2025 | 18/24 (75.0%) | Falhas: 0
08:40:18 | INFO     | ✅ DONE | RT | PNCP-DISPENSA         | 2025 | 19/24 (79.2%) | Falhas: 0
08:40:19 | INFO     | ✅ DONE | RT | PNCP-INEXIGIBILIDADE  | 2025 | 20/24 (83.3%) | Falhas: 0
08:40:20 | INFO     | ✅ DONE | RT | PNCP-CONCORRENCIA     | 2026 | 21/24 (87.5%) | Falhas: 0
08:40:21 | INFO     | ✅ DONE | RT | PNCP-PREGAO           | 2026 | 22/24 (91.7%) | Falhas: 0
08:40:22 | INFO     | ✅ DONE | RT | PNCP-DISPENSA         | 2026 | 23/24 (95.8%) | Falhas: 0
08:40:22 | INFO     | ✅ DONE | RT | PNCP-INEXIGIBILIDADE  | 2026 | 24/24 (100.0%) | Falhas: 0
08:40:22 | INFO     |    Concluído — DONE: 24 | SKIP: 0 | FAIL: 0
08:40:22 | INFO     | ============================================================
08:40:22 | INFO     | 📊 RESUMO DA EXTRAÇÃO DE COMPRAS
08:40:22 | INFO     |   Falhas Legado   : 0
08:40:22 | INFO     |   Falhas Lei14133 : 0
08:40:22 | INFO     |   SKIPs           : 0
08:40:22 | INFO     | ============================================================
08:40:22 | INFO     | 📤 GERANDO compras.csv...
08:40:22 | INFO     | 📂 415 arquivo(s) encontrado(s). Processando...
08:40:25 | INFO     | ✅ CSV gerado: data\compras.csv
08:40:25 | INFO     | IDs únicos     : 2360
08:40:25 | INFO     | Legado         : 1924
08:40:25 | INFO     | Lei 14.133     : 436
08:40:25 | INFO     | Com responsável: 2061
08:40:25 | INFO     | Sem objeto     : 0
08:40:25 | INFO     | Colunas        : 27
08:40:25 | INFO     | ============================================================
08:40:25 | INFO     | 🔩 INICIANDO EXTRAÇÃO DE ITENS
08:40:25 | INFO     | 🔍 Coletando ids de compras para montar a fila de itens...
08:40:50 | INFO     | IDs únicos     : 2360
08:40:50 | INFO     | Consultas prev.: 4672  (vs 9440 no modo bruto)
08:40:50 | INFO     | Já em cache    : 4670
08:40:50 | INFO     | A extrair      : 2
08:40:50 | INFO     | TOTAL fila     : 2
08:40:50 | INFO     | 🚀 INICIANDO EXTRAÇÃO DE ITENS | WORKERS: 3 | TOTAL: 2
08:40:50 | INFO     | [08:40:50] 🌐 Consultando | 15813203900872026 | pncp p1...
08:40:50 | INFO     | [08:40:50] 🌐 Consultando | 15813206000742026 | pncp p1...
08:40:51 | INFO     | [08:40:51] 🌐 Consultando | 15813203900872026 | pncp p2...
08:40:51 | INFO     | [08:40:51] 🌐 Consultando | 15813206000742026 | pncp p2...
08:40:52 | INFO     | [08:40:52] 🔁 LOOP detectado (API) | 15813206000742026 | pncp p2 — parando.
08:40:52 | INFO     | [08:40:52] ✅ DONE | 15813206000742026 | pncp | 1/2 (50.0%) | Falhas: 0
08:40:52 | INFO     | [08:40:52] 🔁 LOOP detectado (API) | 15813203900872026 | pncp p2 — parando.
08:40:52 | INFO     | [08:40:52] ✅ DONE | 15813203900872026 | pncp | 2/2 (100.0%) | Falhas: 0
08:40:52 | INFO     | ✅ FIM | Falhas: 0 | SKIPs: 0
08:40:52 | INFO     | ============================================================
08:40:52 | INFO     | 📤 GERANDO compras_itens.csv...
08:40:52 | INFO     | 📂 6964 arquivo(s) de itens encontrado(s). Processando...
08:41:05 | INFO     | ✅ CSV gerado: data\compras_itens.csv
08:41:05 | INFO     | Itens únicos  : 27477
08:41:05 | INFO     | Legado        : 20870
08:41:05 | INFO     | Lei 14.133    : 6607
08:41:05 | INFO     | Colunas       : 33
08:41:05 | INFO     | ============================================================
08:41:05 | INFO     | 📋 INICIANDO EXTRAÇÃO DE ATAS
08:41:05 | INFO     | UASG      : RT (158132)
08:41:05 | INFO     | Anos      : 2023–2026
08:41:05 | INFO     | A extrair : 4
08:41:05 | INFO     | 🚀 INICIANDO EXTRAÇÃO DE ATAS | WORKERS: 3 | TOTAL: 4
08:41:06 | INFO     | [08:41:06] ✅ DONE | RT | 2023 | 1/4 (25.0%) | Falhas: 0
08:41:06 | INFO     | [08:41:06] ✅ DONE | RT | 2024 | 2/4 (50.0%) | Falhas: 0
08:41:07 | INFO     | [08:41:07] ✅ DONE | RT | 2025 | 3/4 (75.0%) | Falhas: 0
08:41:07 | INFO     | [08:41:07] ✅ DONE | RT | 2026 | 4/4 (100.0%) | Falhas: 0
08:41:07 | INFO     | ✅ FIM | Falhas: 0
08:41:07 | INFO     | ============================================================
08:41:07 | INFO     | 📤 GERANDO atas.csv...
08:41:07 | INFO     | 📂 5 arquivo(s) de atas encontrado(s). Processando...
08:41:07 | INFO     | ✅ CSV gerado: data\atas.csv
08:41:07 | INFO     | Atas únicas   : 369
08:41:07 | INFO     | Atas excluídas: 0
08:41:07 | INFO     | Colunas       : 22
08:41:07 | INFO     | ============================================================
08:41:07 | INFO     | 📦 INICIANDO EXTRAÇÃO DE ITENS DAS ATAS
08:41:07 | INFO     | UASG        : RT (158132)
08:41:07 | INFO     | Anos        : 2023–2027
08:41:07 | INFO     | Já em cache : 5
08:41:07 | INFO     | A extrair   : 0
08:41:07 | INFO     | ⏭️  Tudo em cache. Nada a extrair.
08:41:07 | INFO     | ============================================================
08:41:07 | INFO     | 📤 GERANDO atas_itens.csv...
08:41:07 | INFO     | ✅ Mapa de atas carregado: 65 compras | 369 atas conhecidas
08:41:07 | INFO     | 📂 9 arquivo(s) de itens de atas encontrado(s). Processando...
08:41:07 | INFO     | ✅ Nenhuma ata ausente detectada.
08:41:07 | INFO     | ✅ CSV gerado: data\atas_itens.csv
08:41:07 | INFO     | Itens únicos     : 2961
08:41:07 | INFO     | Material         : 2406
08:41:07 | INFO     | Serviço          : 555
08:41:07 | INFO     | Excluídos        : 0
08:41:07 | INFO     | Sem id_compra    : 0
08:41:07 | INFO     | Sem numero_compra: 0
08:41:07 | INFO     | Colunas          : 35
08:41:07 | INFO     | ============================================================
08:41:07 | INFO     | 💰 INICIANDO EXTRAÇÃO DE SALDOS DAS ATAS
08:41:09 | INFO     | UASG             : RT (158132)
08:41:09 | INFO     | Validade cache   : 3 dias
08:41:09 | INFO     | A extrair/atualizar: 239
08:41:09 | INFO     | 🚀 INICIANDO EXTRAÇÃO DE SALDOS | WORKERS: 3 | TOTAL: 239
08:41:18 | INFO     | [08:41:18] ✅ DONE | RT | 00001/2023 | 1/239 (0.4%) | Falhas: 0
08:41:19 | INFO     | [08:41:19] ✅ DONE | RT | 00001/2025 | 2/239 (0.8%) | Falhas: 0
08:41:20 | INFO     | [08:41:20] ✅ DONE | RT | 00001/2024 | 3/239 (1.3%) | Falhas: 0
08:41:23 | INFO     | [08:41:23] ✅ DONE | RT | 00002/2023 | 4/239 (1.7%) | Falhas: 0
08:41:23 | INFO     | [08:41:23] ✅ DONE | RT | 00002/2024 | 5/239 (2.1%) | Falhas: 0
08:41:25 | INFO     | [08:41:25] ✅ DONE | RT | 00001/2026 | 6/239 (2.5%) | Falhas: 0
08:41:26 | INFO     | [08:41:26] ✅ DONE | RT | 00002/2026 | 7/239 (2.9%) | Falhas: 0
08:41:29 | INFO     | [08:41:29] ✅ DONE | RT | 00002/2025 | 8/239 (3.3%) | Falhas: 0
08:41:31 | INFO     | [08:41:31] ✅ DONE | RT | 00003/2023 | 9/239 (3.8%) | Falhas: 0
08:41:33 | INFO     | [08:41:33] ✅ DONE | RT | 00003/2024 | 10/239 (4.2%) | Falhas: 0
08:41:35 | INFO     | [08:41:35] ✅ DONE | RT | 00004/2023 | 11/239 (4.6%) | Falhas: 0
08:41:38 | INFO     | [08:41:38] ✅ DONE | RT | 00003/2026 | 12/239 (5.0%) | Falhas: 0
08:41:38 | INFO     | [08:41:38] ✅ DONE | RT | 00004/2024 | 13/239 (5.4%) | Falhas: 0
08:41:39 | INFO     | [08:41:39] ✅ DONE | RT | 00003/2025 | 14/239 (5.9%) | Falhas: 0
08:41:41 | INFO     | [08:41:41] ✅ DONE | RT | 00004/2026 | 15/239 (6.3%) | Falhas: 0
08:41:42 | INFO     | [08:41:42] ✅ DONE | RT | 00004/2025 | 16/239 (6.7%) | Falhas: 0
08:41:42 | INFO     | [08:41:42] ✅ DONE | RT | 00005/2023 | 17/239 (7.1%) | Falhas: 0
08:41:44 | INFO     | [08:41:44] ✅ DONE | RT | 00005/2025 | 18/239 (7.5%) | Falhas: 0
08:41:44 | INFO     | [08:41:44] ✅ DONE | RT | 00005/2026 | 19/239 (7.9%) | Falhas: 0
08:41:44 | INFO     | [08:41:44] ✅ DONE | RT | 00005/2024 | 20/239 (8.4%) | Falhas: 0
08:41:45 | INFO     | [08:41:45] ✅ DONE | RT | 00006/2023 | 21/239 (8.8%) | Falhas: 0
08:41:46 | INFO     | [08:41:46] ✅ DONE | RT | 00006/2024 | 22/239 (9.2%) | Falhas: 0
08:41:47 | INFO     | [08:41:47] ✅ DONE | RT | 00006/2026 | 23/239 (9.6%) | Falhas: 0
08:41:51 | INFO     | [08:41:51] ✅ DONE | RT | 00007/2023 | 24/239 (10.0%) | Falhas: 0
08:41:52 | INFO     | [08:41:52] ✅ DONE | RT | 00006/2025 | 25/239 (10.5%) | Falhas: 0
08:41:53 | INFO     | [08:41:53] ✅ DONE | RT | 00007/2024 | 26/239 (10.9%) | Falhas: 0
08:41:57 | INFO     | [08:41:57] ✅ DONE | RT | 00008/2023 | 27/239 (11.3%) | Falhas: 0
08:41:58 | INFO     | [08:41:58] ✅ DONE | RT | 00008/2024 | 28/239 (11.7%) | Falhas: 0
08:41:58 | INFO     | [08:41:58] ✅ DONE | RT | 00007/2025 | 29/239 (12.1%) | Falhas: 0
08:41:59 | INFO     | [08:41:59] ✅ DONE | RT | 00008/2025 | 30/239 (12.6%) | Falhas: 0
08:42:07 | INFO     | [08:42:07] ✅ DONE | RT | 00009/2026 | 31/239 (13.0%) | Falhas: 0
08:42:10 | INFO     | [08:42:10] ✅ DONE | RT | 00009/2025 | 32/239 (13.4%) | Falhas: 0
08:42:12 | INFO     | [08:42:12] ✅ DONE | RT | 00008/2026 | 33/239 (13.8%) | Falhas: 0
08:42:13 | INFO     | [08:42:13] ✅ DONE | RT | 00010/2023 | 34/239 (14.2%) | Falhas: 0
08:42:16 | INFO     | [08:42:16] ✅ DONE | RT | 00010/2025 | 35/239 (14.6%) | Falhas: 0
08:42:21 | INFO     | [08:42:21] ✅ DONE | RT | 00011/2024 | 36/239 (15.1%) | Falhas: 0
08:42:23 | INFO     | [08:42:23] ✅ DONE | RT | 00010/2026 | 37/239 (15.5%) | Falhas: 0
08:42:28 | INFO     | [08:42:28] ✅ DONE | RT | 00012/2026 | 38/239 (15.9%) | Falhas: 0
08:42:28 | INFO     | [08:42:28] ✅ DONE | RT | 00011/2026 | 39/239 (16.3%) | Falhas: 0
08:42:31 | INFO     | [08:42:31] ✅ DONE | RT | 00013/2023 | 40/239 (16.7%) | Falhas: 0
08:42:38 | INFO     | [08:42:38] ✅ DONE | RT | 00014/2026 | 41/239 (17.2%) | Falhas: 0
08:42:39 | INFO     | [08:42:39] ✅ DONE | RT | 00013/2026 | 42/239 (17.6%) | Falhas: 0
08:42:40 | INFO     | [08:42:40] ✅ DONE | RT | 00015/2023 | 43/239 (18.0%) | Falhas: 0
08:42:44 | INFO     | [08:42:44] ✅ DONE | RT | 00015/2024 | 44/239 (18.4%) | Falhas: 0
08:42:45 | INFO     | [08:42:45] ✅ DONE | RT | 00016/2023 | 45/239 (18.8%) | Falhas: 0
08:42:47 | INFO     | [08:42:47] ✅ DONE | RT | 00016/2025 | 46/239 (19.2%) | Falhas: 0
08:42:49 | INFO     | [08:42:49] ✅ DONE | RT | 00015/2026 | 47/239 (19.7%) | Falhas: 0
08:42:52 | INFO     | [08:42:52] ✅ DONE | RT | 00016/2026 | 48/239 (20.1%) | Falhas: 0
08:42:53 | INFO     | [08:42:53] ✅ DONE | RT | 00017/2023 | 49/239 (20.5%) | Falhas: 0
08:42:56 | INFO     | [08:42:56] ✅ DONE | RT | 00016/2024 | 50/239 (20.9%) | Falhas: 0
08:43:00 | INFO     | [08:43:00] ✅ DONE | RT | 00017/2024 | 51/239 (21.3%) | Falhas: 0
08:43:01 | INFO     | [08:43:01] ✅ DONE | RT | 00018/2023 | 52/239 (21.8%) | Falhas: 0
08:43:03 | INFO     | [08:43:03] ✅ DONE | RT | 00017/2025 | 53/239 (22.2%) | Falhas: 0
08:43:03 | INFO     | [08:43:03] ✅ DONE | RT | 00018/2024 | 54/239 (22.6%) | Falhas: 0
08:43:05 | INFO     | [08:43:05] ✅ DONE | RT | 00018/2025 | 55/239 (23.0%) | Falhas: 0
08:43:08 | INFO     | [08:43:08] ✅ DONE | RT | 00019/2025 | 56/239 (23.4%) | Falhas: 0
08:43:10 | INFO     | [08:43:10] ✅ DONE | RT | 00019/2024 | 57/239 (23.8%) | Falhas: 0
08:43:11 | INFO     | [08:43:11] ✅ DONE | RT | 00020/2023 | 58/239 (24.3%) | Falhas: 0
08:43:14 | INFO     | [08:43:14] ✅ DONE | RT | 00019/2023 | 59/239 (24.7%) | Falhas: 0
08:43:16 | INFO     | [08:43:16] ✅ DONE | RT | 00020/2024 | 60/239 (25.1%) | Falhas: 0
08:43:18 | INFO     | [08:43:18] ✅ DONE | RT | 00021/2024 | 61/239 (25.5%) | Falhas: 0
08:43:20 | INFO     | [08:43:20] ✅ DONE | RT | 00022/2024 | 62/239 (25.9%) | Falhas: 0
08:43:22 | INFO     | [08:43:22] ✅ DONE | RT | 00022/2023 | 63/239 (26.4%) | Falhas: 0
08:43:24 | INFO     | [08:43:24] ✅ DONE | RT | 00023/2024 | 64/239 (26.8%) | Falhas: 0
08:43:25 | INFO     | [08:43:25] ✅ DONE | RT | 00023/2023 | 65/239 (27.2%) | Falhas: 0
08:43:35 | INFO     | [08:43:35] ✅ DONE | RT | 00024/2023 | 66/239 (27.6%) | Falhas: 0
08:43:35 | INFO     | [08:43:35] ✅ DONE | RT | 00023/2025 | 67/239 (28.0%) | Falhas: 0
08:43:38 | INFO     | [08:43:38] ✅ DONE | RT | 00025/2023 | 68/239 (28.5%) | Falhas: 0
08:43:40 | INFO     | [08:43:40] ✅ DONE | RT | 00024/2024 | 69/239 (28.9%) | Falhas: 0
08:43:43 | INFO     | [08:43:43] ✅ DONE | RT | 00025/2024 | 70/239 (29.3%) | Falhas: 0
08:43:47 | INFO     | [08:43:47] ✅ DONE | RT | 00024/2025 | 71/239 (29.7%) | Falhas: 0
08:43:48 | INFO     | [08:43:48] ✅ DONE | RT | 00026/2024 | 72/239 (30.1%) | Falhas: 0
08:43:49 | INFO     | [08:43:49] ✅ DONE | RT | 00026/2023 | 73/239 (30.5%) | Falhas: 0
08:43:50 | INFO     | [08:43:50] ✅ DONE | RT | 00026/2025 | 74/239 (31.0%) | Falhas: 0
08:43:52 | INFO     | [08:43:52] ✅ DONE | RT | 00027/2023 | 75/239 (31.4%) | Falhas: 0
08:43:58 | INFO     | [08:43:58] ✅ DONE | RT | 00027/2025 | 76/239 (31.8%) | Falhas: 0
08:43:58 | INFO     | [08:43:58] ✅ DONE | RT | 00028/2023 | 77/239 (32.2%) | Falhas: 0
08:44:02 | INFO     | [08:44:02] ✅ DONE | RT | 00028/2025 | 78/239 (32.6%) | Falhas: 0
08:44:05 | INFO     | [08:44:05] ✅ DONE | RT | 00027/2024 | 79/239 (33.1%) | Falhas: 0
08:44:05 | INFO     | [08:44:05] ✅ DONE | RT | 00028/2024 | 80/239 (33.5%) | Falhas: 0
08:44:08 | INFO     | [08:44:08] ✅ DONE | RT | 00029/2024 | 81/239 (33.9%) | Falhas: 0
08:44:09 | INFO     | [08:44:09] ✅ DONE | RT | 00029/2023 | 82/239 (34.3%) | Falhas: 0
08:44:09 | INFO     | [08:44:09] ✅ DONE | RT | 00029/2025 | 83/239 (34.7%) | Falhas: 0
08:44:13 | INFO     | [08:44:13] ✅ DONE | RT | 00030/2023 | 84/239 (35.1%) | Falhas: 0
08:44:15 | INFO     | [08:44:15] ✅ DONE | RT | 00031/2024 | 85/239 (35.6%) | Falhas: 0
08:44:17 | INFO     | [08:44:17] ✅ DONE | RT | 00030/2024 | 86/239 (36.0%) | Falhas: 0
08:44:17 | INFO     | [08:44:17] ✅ DONE | RT | 00030/2025 | 87/239 (36.4%) | Falhas: 0
08:44:19 | INFO     | [08:44:19] ✅ DONE | RT | 00032/2024 | 88/239 (36.8%) | Falhas: 0
08:44:24 | INFO     | [08:44:24] ✅ DONE | RT | 00032/2023 | 89/239 (37.2%) | Falhas: 0
08:44:26 | INFO     | [08:44:26] ✅ DONE | RT | 00035/2023 | 90/239 (37.7%) | Falhas: 0
08:44:27 | INFO     | [08:44:27] ✅ DONE | RT | 00032/2025 | 91/239 (38.1%) | Falhas: 0
08:44:28 | INFO     | [08:44:28] ✅ DONE | RT | 00034/2025 | 92/239 (38.5%) | Falhas: 0
08:44:30 | INFO     | [08:44:30] ✅ DONE | RT | 00035/2025 | 93/239 (38.9%) | Falhas: 0
08:44:32 | INFO     | [08:44:32] ✅ DONE | RT | 00037/2023 | 94/239 (39.3%) | Falhas: 0
08:44:32 | INFO     | [08:44:32] ✅ DONE | RT | 00036/2023 | 95/239 (39.7%) | Falhas: 0
08:44:34 | INFO     | [08:44:34] ✅ DONE | RT | 00037/2024 | 96/239 (40.2%) | Falhas: 0
08:44:35 | INFO     | [08:44:35] ✅ DONE | RT | 00038/2024 | 97/239 (40.6%) | Falhas: 0
08:44:38 | INFO     | [08:44:38] ✅ DONE | RT | 00039/2024 | 98/239 (41.0%) | Falhas: 0
08:44:39 | INFO     | [08:44:39] ✅ DONE | RT | 00038/2025 | 99/239 (41.4%) | Falhas: 0
08:44:41 | INFO     | [08:44:41] ✅ DONE | RT | 00040/2023 | 100/239 (41.8%) | Falhas: 0
08:44:43 | INFO     | [08:44:43] ✅ DONE | RT | 00041/2024 | 101/239 (42.3%) | Falhas: 0
08:44:44 | INFO     | [08:44:44] ✅ DONE | RT | 00040/2025 | 102/239 (42.7%) | Falhas: 0
08:44:48 | INFO     | [08:44:48] ✅ DONE | RT | 00044/2025 | 103/239 (43.1%) | Falhas: 0
08:44:50 | INFO     | [08:44:50] ✅ DONE | RT | 00045/2024 | 104/239 (43.5%) | Falhas: 0
08:44:50 | INFO     | [08:44:50] ✅ DONE | RT | 00045/2025 | 105/239 (43.9%) | Falhas: 0
08:44:52 | INFO     | [08:44:52] ✅ DONE | RT | 00044/2024 | 106/239 (44.4%) | Falhas: 0
08:44:54 | INFO     | [08:44:54] ✅ DONE | RT | 00046/2024 | 107/239 (44.8%) | Falhas: 0
08:44:56 | INFO     | [08:44:56] ✅ DONE | RT | 00048/2025 | 108/239 (45.2%) | Falhas: 0
08:44:56 | INFO     | [08:44:56] ✅ DONE | RT | 00050/2024 | 109/239 (45.6%) | Falhas: 0
08:44:58 | INFO     | [08:44:58] ✅ DONE | RT | 00053/2024 | 110/239 (46.0%) | Falhas: 0
08:44:59 | INFO     | [08:44:59] ✅ DONE | RT | 00048/2024 | 111/239 (46.4%) | Falhas: 0
08:45:00 | INFO     | [08:45:00] ✅ DONE | RT | 00054/2024 | 112/239 (46.9%) | Falhas: 0
08:45:06 | INFO     | [08:45:06] ✅ DONE | RT | 00055/2024 | 113/239 (47.3%) | Falhas: 0
08:45:09 | INFO     | [08:45:09] ✅ DONE | RT | 00053/2025 | 114/239 (47.7%) | Falhas: 0
08:45:12 | INFO     | [08:45:12] ✅ DONE | RT | 00054/2025 | 115/239 (48.1%) | Falhas: 0
08:45:15 | INFO     | [08:45:15] ✅ DONE | RT | 00056/2025 | 116/239 (48.5%) | Falhas: 0
08:45:15 | INFO     | [08:45:15] ✅ DONE | RT | 00056/2024 | 117/239 (49.0%) | Falhas: 0
08:45:18 | INFO     | [08:45:18] ✅ DONE | RT | 00057/2024 | 118/239 (49.4%) | Falhas: 0
08:45:20 | INFO     | [08:45:20] ✅ DONE | RT | 00055/2025 | 119/239 (49.8%) | Falhas: 0
08:45:26 | INFO     | [08:45:26] ✅ DONE | RT | 00057/2025 | 120/239 (50.2%) | Falhas: 0
08:45:29 | INFO     | [08:45:29] ✅ DONE | RT | 00058/2024 | 121/239 (50.6%) | Falhas: 0
08:45:30 | INFO     | [08:45:30] ✅ DONE | RT | 00058/2025 | 122/239 (51.0%) | Falhas: 0
08:45:31 | INFO     | [08:45:31] ✅ DONE | RT | 00059/2024 | 123/239 (51.5%) | Falhas: 0
08:45:32 | INFO     | [08:45:32] ✅ DONE | RT | 00059/2025 | 124/239 (51.9%) | Falhas: 0
08:45:34 | INFO     | [08:45:34] ✅ DONE | RT | 00060/2025 | 125/239 (52.3%) | Falhas: 0
08:45:34 | INFO     | [08:45:34] ✅ DONE | RT | 00061/2024 | 126/239 (52.7%) | Falhas: 0
08:45:38 | INFO     | [08:45:38] ✅ DONE | RT | 00060/2024 | 127/239 (53.1%) | Falhas: 0
08:45:39 | INFO     | [08:45:39] ✅ DONE | RT | 00061/2025 | 128/239 (53.6%) | Falhas: 0
08:45:40 | INFO     | [08:45:40] ✅ DONE | RT | 00062/2024 | 129/239 (54.0%) | Falhas: 0
08:45:44 | INFO     | [08:45:44] ✅ DONE | RT | 00062/2025 | 130/239 (54.4%) | Falhas: 0
08:45:48 | INFO     | [08:45:48] ✅ DONE | RT | 00063/2025 | 131/239 (54.8%) | Falhas: 0
08:45:48 | INFO     | [08:45:48] ✅ DONE | RT | 00063/2024 | 132/239 (55.2%) | Falhas: 0
08:45:56 | INFO     | [08:45:56] ✅ DONE | RT | 00064/2024 | 133/239 (55.6%) | Falhas: 0
08:45:56 | INFO     | [08:45:56] ✅ DONE | RT | 00064/2025 | 134/239 (56.1%) | Falhas: 0
08:45:58 | INFO     | [08:45:58] ✅ DONE | RT | 00065/2024 | 135/239 (56.5%) | Falhas: 0
08:46:00 | INFO     | [08:46:00] ✅ DONE | RT | 00066/2024 | 136/239 (56.9%) | Falhas: 0
08:46:03 | INFO     | [08:46:03] ✅ DONE | RT | 00066/2025 | 137/239 (57.3%) | Falhas: 0
08:46:04 | INFO     | [08:46:04] ✅ DONE | RT | 00067/2024 | 138/239 (57.7%) | Falhas: 0
08:46:05 | INFO     | [08:46:05] ✅ DONE | RT | 00067/2025 | 139/239 (58.2%) | Falhas: 0
08:46:06 | INFO     | [08:46:06] ✅ DONE | RT | 00065/2025 | 140/239 (58.6%) | Falhas: 0
08:46:12 | INFO     | [08:46:12] ✅ DONE | RT | 00069/2024 | 141/239 (59.0%) | Falhas: 0
08:46:12 | INFO     | [08:46:12] ✅ DONE | RT | 00069/2025 | 142/239 (59.4%) | Falhas: 0
08:46:12 | INFO     | [08:46:12] ✅ DONE | RT | 00068/2024 | 143/239 (59.8%) | Falhas: 0
08:46:17 | INFO     | [08:46:17] ✅ DONE | RT | 00071/2025 | 144/239 (60.3%) | Falhas: 0
08:46:18 | INFO     | [08:46:18] ✅ DONE | RT | 00070/2025 | 145/239 (60.7%) | Falhas: 0
08:46:22 | INFO     | [08:46:22] ✅ DONE | RT | 00072/2024 | 146/239 (61.1%) | Falhas: 0
08:46:23 | INFO     | [08:46:23] ✅ DONE | RT | 00070/2024 | 147/239 (61.5%) | Falhas: 0
08:46:27 | INFO     | [08:46:27] ✅ DONE | RT | 00073/2025 | 148/239 (61.9%) | Falhas: 0
08:46:27 | INFO     | [08:46:27] ✅ DONE | RT | 00072/2025 | 149/239 (62.3%) | Falhas: 0
08:46:34 | INFO     | [08:46:34] ✅ DONE | RT | 00074/2024 | 150/239 (62.8%) | Falhas: 0
08:46:34 | INFO     | [08:46:34] ✅ DONE | RT | 00074/2025 | 151/239 (63.2%) | Falhas: 0
08:46:37 | INFO     | [08:46:37] ✅ DONE | RT | 00075/2024 | 152/239 (63.6%) | Falhas: 0
08:46:40 | INFO     | [08:46:40] ✅ DONE | RT | 00076/2024 | 153/239 (64.0%) | Falhas: 0
08:46:40 | INFO     | [08:46:40] ✅ DONE | RT | 00075/2025 | 154/239 (64.4%) | Falhas: 0
08:46:42 | INFO     | [08:46:42] ✅ DONE | RT | 00076/2025 | 155/239 (64.9%) | Falhas: 0
08:46:46 | INFO     | [08:46:46] ✅ DONE | RT | 00079/2024 | 156/239 (65.3%) | Falhas: 0
08:46:46 | INFO     | [08:46:46] ✅ DONE | RT | 00078/2024 | 157/239 (65.7%) | Falhas: 0
08:46:46 | INFO     | [08:46:46] ✅ DONE | RT | 00078/2025 | 158/239 (66.1%) | Falhas: 0
08:46:54 | INFO     | [08:46:54] ✅ DONE | RT | 00080/2025 | 159/239 (66.5%) | Falhas: 0
08:46:57 | INFO     | [08:46:57] ✅ DONE | RT | 00079/2025 | 160/239 (66.9%) | Falhas: 0
08:46:57 | INFO     | [08:46:57] ✅ DONE | RT | 00080/2024 | 161/239 (67.4%) | Falhas: 0
08:47:03 | INFO     | [08:47:03] ✅ DONE | RT | 00081/2024 | 162/239 (67.8%) | Falhas: 0
08:47:04 | INFO     | [08:47:04] ✅ DONE | RT | 00081/2025 | 163/239 (68.2%) | Falhas: 0
08:47:04 | INFO     | [08:47:04] ✅ DONE | RT | 00082/2024 | 164/239 (68.6%) | Falhas: 0
08:47:06 | INFO     | [08:47:06] ✅ DONE | RT | 00082/2025 | 165/239 (69.0%) | Falhas: 0
08:47:10 | INFO     | [08:47:10] ✅ DONE | RT | 00084/2025 | 166/239 (69.5%) | Falhas: 0
08:47:10 | INFO     | [08:47:10] ✅ DONE | RT | 00083/2024 | 167/239 (69.9%) | Falhas: 0
08:47:12 | INFO     | [08:47:12] ✅ DONE | RT | 00084/2024 | 168/239 (70.3%) | Falhas: 0
08:47:13 | INFO     | [08:47:13] ✅ DONE | RT | 00086/2024 | 169/239 (70.7%) | Falhas: 0
08:47:15 | INFO     | [08:47:15] ✅ DONE | RT | 00087/2025 | 170/239 (71.1%) | Falhas: 0
08:47:15 | INFO     | [08:47:15] ✅ DONE | RT | 00085/2025 | 171/239 (71.5%) | Falhas: 0
08:47:17 | INFO     | [08:47:17] ✅ DONE | RT | 00088/2025 | 172/239 (72.0%) | Falhas: 0
08:47:19 | INFO     | [08:47:19] ✅ DONE | RT | 00086/2025 | 173/239 (72.4%) | Falhas: 0
08:47:21 | INFO     | [08:47:21] ✅ DONE | RT | 00089/2024 | 174/239 (72.8%) | Falhas: 0
08:47:24 | INFO     | [08:47:24] ✅ DONE | RT | 00093/2024 | 175/239 (73.2%) | Falhas: 0
08:47:24 | INFO     | [08:47:24] ✅ DONE | RT | 00092/2024 | 176/239 (73.6%) | Falhas: 0
08:47:26 | INFO     | [08:47:26] ✅ DONE | RT | 00096/2024 | 177/239 (74.1%) | Falhas: 0
08:47:26 | INFO     | [08:47:26] ✅ DONE | RT | 00092/2025 | 178/239 (74.5%) | Falhas: 0
08:47:28 | INFO     | [08:47:28] ✅ DONE | RT | 00093/2025 | 179/239 (74.9%) | Falhas: 0
08:47:28 | INFO     | [08:47:28] ✅ DONE | RT | 00099/2025 | 180/239 (75.3%) | Falhas: 0
08:47:29 | INFO     | [08:47:29] ✅ DONE | RT | 00101/2024 | 181/239 (75.7%) | Falhas: 0
08:47:30 | INFO     | [08:47:30] ✅ DONE | RT | 00101/2025 | 182/239 (76.2%) | Falhas: 0
08:47:30 | INFO     | [08:47:30] ✅ DONE | RT | 00105/2025 | 183/239 (76.6%) | Falhas: 0
08:47:31 | INFO     | [08:47:31] ✅ DONE | RT | 00106/2025 | 184/239 (77.0%) | Falhas: 0
08:47:33 | INFO     | [08:47:33] ✅ DONE | RT | 00118/2025 | 185/239 (77.4%) | Falhas: 0
08:47:33 | INFO     | [08:47:33] ✅ DONE | RT | 00107/2025 | 186/239 (77.8%) | Falhas: 0
08:47:33 | INFO     | [08:47:33] ✅ DONE | RT | 00110/2025 | 187/239 (78.2%) | Falhas: 0
08:47:35 | INFO     | [08:47:35] ✅ DONE | RT | 00123/2025 | 188/239 (78.7%) | Falhas: 0
08:47:35 | INFO     | [08:47:35] ✅ DONE | RT | 00125/2025 | 189/239 (79.1%) | Falhas: 0
08:47:35 | INFO     | [08:47:35] ✅ DONE | RT | 00121/2025 | 190/239 (79.5%) | Falhas: 0
08:47:38 | INFO     | [08:47:38] ✅ DONE | RT | 00131/2023 | 191/239 (79.9%) | Falhas: 0
08:47:38 | INFO     | [08:47:38] ✅ DONE | RT | 00131/2025 | 192/239 (80.3%) | Falhas: 0
08:47:40 | INFO     | [08:47:40] ✅ DONE | RT | 00132/2025 | 193/239 (80.8%) | Falhas: 0
08:47:42 | INFO     | [08:47:42] ✅ DONE | RT | 00127/2025 | 194/239 (81.2%) | Falhas: 0
08:47:45 | INFO     | [08:47:45] ✅ DONE | RT | 00134/2025 | 195/239 (81.6%) | Falhas: 0
08:47:48 | INFO     | [08:47:48] ✅ DONE | RT | 00133/2025 | 196/239 (82.0%) | Falhas: 0
08:47:48 | INFO     | [08:47:48] ✅ DONE | RT | 00136/2025 | 197/239 (82.4%) | Falhas: 0
08:47:52 | INFO     | [08:47:52] ✅ DONE | RT | 00137/2025 | 198/239 (82.8%) | Falhas: 0
08:47:52 | INFO     | [08:47:52] ✅ DONE | RT | 00138/2025 | 199/239 (83.3%) | Falhas: 0
08:47:54 | INFO     | [08:47:54] ✅ DONE | RT | 00146/2025 | 200/239 (83.7%) | Falhas: 0
08:47:55 | INFO     | [08:47:55] ✅ DONE | RT | 00140/2025 | 201/239 (84.1%) | Falhas: 0
08:47:56 | INFO     | [08:47:56] ✅ DONE | RT | 00147/2025 | 202/239 (84.5%) | Falhas: 0
08:47:57 | INFO     | [08:47:57] ✅ DONE | RT | 00149/2025 | 203/239 (84.9%) | Falhas: 0
08:48:01 | INFO     | [08:48:01] ✅ DONE | RT | 00148/2025 | 204/239 (85.4%) | Falhas: 0
08:48:01 | INFO     | [08:48:01] ✅ DONE | RT | 00144/2025 | 205/239 (85.8%) | Falhas: 0
08:48:02 | INFO     | [08:48:02] ✅ DONE | RT | 00152/2025 | 206/239 (86.2%) | Falhas: 0
08:48:02 | INFO     | [08:48:02] ✅ DONE | RT | 00163/2025 | 207/239 (86.6%) | Falhas: 0
08:48:05 | INFO     | [08:48:05] ✅ DONE | RT | 00165/2025 | 208/239 (87.0%) | Falhas: 0
08:48:05 | INFO     | [08:48:05] ✅ DONE | RT | 00167/2025 | 209/239 (87.4%) | Falhas: 0
08:48:09 | INFO     | [08:48:09] ✅ DONE | RT | 00151/2025 | 210/239 (87.9%) | Falhas: 0
08:48:13 | INFO     | [08:48:13] ✅ DONE | RT | 00170/2025 | 211/239 (88.3%) | Falhas: 0
08:48:14 | INFO     | [08:48:14] ✅ DONE | RT | 00171/2025 | 212/239 (88.7%) | Falhas: 0
08:48:15 | INFO     | [08:48:15] ✅ DONE | RT | 00168/2025 | 213/239 (89.1%) | Falhas: 0
08:48:18 | INFO     | [08:48:18] ✅ DONE | RT | 00174/2025 | 214/239 (89.5%) | Falhas: 0
08:48:19 | INFO     | [08:48:19] ✅ DONE | RT | 00179/2025 | 215/239 (90.0%) | Falhas: 0
08:48:19 | INFO     | [08:48:19] ✅ DONE | RT | 00178/2025 | 216/239 (90.4%) | Falhas: 0
08:48:21 | INFO     | [08:48:21] ✅ DONE | RT | 00180/2025 | 217/239 (90.8%) | Falhas: 0
08:48:22 | INFO     | [08:48:22] ✅ DONE | RT | 00181/2025 | 218/239 (91.2%) | Falhas: 0
08:48:24 | INFO     | [08:48:24] ✅ DONE | RT | 00183/2025 | 219/239 (91.6%) | Falhas: 0
08:48:24 | INFO     | [08:48:24] ✅ DONE | RT | 00187/2025 | 220/239 (92.1%) | Falhas: 0
08:48:26 | INFO     | [08:48:26] ✅ DONE | RT | 00182/2025 | 221/239 (92.5%) | Falhas: 0
08:48:27 | INFO     | [08:48:27] ✅ DONE | RT | 00192/2025 | 222/239 (92.9%) | Falhas: 0
08:48:29 | INFO     | [08:48:29] ✅ DONE | RT | 00195/2025 | 223/239 (93.3%) | Falhas: 0
08:48:29 | INFO     | [08:48:29] ✅ DONE | RT | 00191/2025 | 224/239 (93.7%) | Falhas: 0
08:48:29 | INFO     | [08:48:29] ✅ DONE | RT | 00188/2025 | 225/239 (94.1%) | Falhas: 0
08:48:33 | INFO     | [08:48:33] ✅ DONE | RT | 00196/2025 | 226/239 (94.6%) | Falhas: 0
08:48:33 | INFO     | [08:48:33] ✅ DONE | RT | 00199/2025 | 227/239 (95.0%) | Falhas: 0
08:48:33 | INFO     | [08:48:33] ✅ DONE | RT | 00197/2025 | 228/239 (95.4%) | Falhas: 0
08:48:35 | INFO     | [08:48:35] ✅ DONE | RT | 00200/2025 | 229/239 (95.8%) | Falhas: 0
08:48:38 | INFO     | [08:48:38] ✅ DONE | RT | 00201/2025 | 230/239 (96.2%) | Falhas: 0
08:48:39 | INFO     | [08:48:39] ✅ DONE | RT | 00209/2025 | 231/239 (96.7%) | Falhas: 0
08:48:40 | INFO     | [08:48:40] ✅ DONE | RT | 00206/2025 | 232/239 (97.1%) | Falhas: 0
08:48:42 | INFO     | [08:48:42] ✅ DONE | RT | 00213/2025 | 233/239 (97.5%) | Falhas: 0
08:48:43 | INFO     | [08:48:43] ✅ DONE | RT | 00821/2024 | 234/239 (97.9%) | Falhas: 0
08:48:44 | INFO     | [08:48:44] ✅ DONE | RT | 00211/2025 | 235/239 (98.3%) | Falhas: 0
08:48:45 | INFO     | [08:48:45] ✅ DONE | RT | 00214/2025 | 236/239 (98.7%) | Falhas: 0
08:48:46 | INFO     | [08:48:46] ✅ DONE | RT | 90014/2024 | 237/239 (99.2%) | Falhas: 0
08:48:46 | INFO     | [08:48:46] ✅ DONE | RT | 91400/2024 | 238/239 (99.6%) | Falhas: 0
08:48:47 | INFO     | [08:48:47] ✅ DONE | RT | 99263/2025 | 239/239 (100.0%) | Falhas: 0
08:48:47 | INFO     | ✅ FIM | Falhas: 0 | SKIPs: 0
08:48:47 | INFO     | ============================================================
08:48:47 | INFO     | 📤 GERANDO atas_saldos.csv...
08:48:47 | INFO     | 📂 369 arquivo(s) de saldos encontrado(s). Processando...
08:48:48 | INFO     | ✅ CSV gerado: data\atas_saldos.csv
08:48:48 | INFO     | Registros        : 2353
08:48:48 | INFO     | Participantes    : 2096
08:48:48 | INFO     | Não participantes: 150
08:48:48 | INFO     | Colunas          : 12
08:48:48 | INFO     | ============================================================
08:48:48 | INFO     | 🏢 INICIANDO EXTRAÇÃO DE UNIDADES PARTICIPANTES
08:49:04 | INFO     | UASG        : RT (158132)
08:49:04 | INFO     | A extrair   : 0
08:49:04 | INFO     | ⏭️  Tudo em cache. Nada a extrair.
08:49:04 | INFO     | ============================================================
08:49:04 | INFO     | 📤 GERANDO atas_unidades.csv...
08:49:04 | INFO     | 📂 2961 arquivo(s) de unidades encontrado(s). Processando...
08:49:04 | INFO     | ✅ CSV gerado: data\atas_unidades.csv
08:49:04 | INFO     | Registros        : 9567
08:49:04 | INFO     | Participantes    : 6621
08:49:04 | INFO     | Não participantes: 2946
08:49:04 | INFO     | Aceita adesão    : 3735
08:49:04 | INFO     | Colunas          : 27
08:49:04 | INFO     | ============================================================
08:49:04 | INFO     | ============================================================
08:49:04 | INFO     | 📊 RESUMO FINAL
08:49:04 | INFO     |   Falhas compras        : 0
08:49:04 | INFO     |   Falhas itens          : 0
08:49:04 | INFO     |   Falhas atas           : 0
08:49:04 | INFO     |   Falhas atas_itens     : 0
08:49:04 | INFO     |   Falhas atas_saldos    : 0
08:49:04 | INFO     |   Falhas atas_unidades  : 0
08:49:04 | INFO     | 🎉 PIPELINE CONCLUÍDO COM SUCESSO!
