09:19:21 | INFO     | ============================================================
09:19:21 | INFO     | 📦 EXTRAINDO ITENS DAS ATAS...
09:19:21 | INFO     | UASG        : RT (158132)
09:19:21 | INFO     | Anos        : 2023–2027
09:19:21 | INFO     | Já em cache : 5
09:19:21 | INFO     | A extrair   : 0
09:19:21 | INFO     | ⏭️  Tudo em cache. Nada a extrair.
09:19:21 | INFO     | ============================================================
09:19:21 | INFO     | 📤 GERANDO atas_itens.csv...
09:19:21 | INFO     | ✅ Mapa de atas carregado: 65 compras | 364 atas conhecidas
09:19:21 | INFO     | 📂 9 arquivo(s) de itens de atas encontrado(s). Processando...
09:19:22 | INFO     | ⚠️  5 ata(s) ausente(s) do atas.csv — gerando esqueletos...
09:19:22 | INFO     | ➕ 10673078000120-1-000005/2026-000001 (ata 00007/2026)
09:19:22 | INFO     | ➕ 10673078000120-1-000023/2025-000001 (ata 00017/2025)
09:19:22 | INFO     | ➕ 10673078000120-1-000026/2024-000013 (ata 00063/2024)
09:19:22 | INFO     | ➕ 10673078000120-1-000080/2024-000003 (ata 91400/2024)
09:19:22 | INFO     | ➕ 10673078000120-1-000096/2025-000001 (ata 00208/2025)
09:19:22 | INFO     | 💾 atas_manuais.json salvo: 5 ata(s) total (5 nova(s))
09:19:22 | INFO     | 🔄 Regenerando atas.csv com as novas entradas manuais...
09:19:22 | INFO     | 📂 5 arquivo(s) de atas encontrado(s). Processando...
09:19:22 | INFO     | ✅ CSV gerado: data\atas.csv
09:19:22 | INFO     | Atas únicas   : 369
09:19:22 | INFO     | Atas excluídas: 0
09:19:22 | INFO     | Colunas       : 22
09:19:22 | INFO     | ✅ Mapa de atas carregado: 65 compras | 369 atas conhecidas
09:19:22 | INFO     | ✅ CSV gerado: data\atas_itens.csv
09:19:22 | INFO     | Itens únicos     : 2961
09:19:22 | INFO     | Material         : 2406
09:19:22 | INFO     | Serviço          : 555
09:19:22 | INFO     | Excluídos        : 0
09:19:22 | INFO     | Sem id_compra    : 0
09:19:22 | INFO     | Sem numero_compra: 0
09:19:22 | INFO     | Colunas          : 35
09:19:22 | INFO     | ============================================================
