09:11:25 | INFO     | ============================================================
09:11:25 | INFO     | 📄 EXTRAINDO CONTRATOS...
09:11:25 | INFO     | UASGs       : 11
09:11:25 | INFO     | Validade    : 1 dia(s)
09:11:25 | INFO     | 🚀 INICIANDO EXTRAÇÃO DE CONTRATOS | WORKERS: 5 | TOTAL: 11
09:11:27 | INFO     | [09:11:27] ✅ DONE | AQ | 61 contratos | 1/11 (9.1%) | Falhas: 0
09:11:28 | INFO     | [09:11:28] ✅ DONE | CG | 120 contratos | 2/11 (18.2%) | Falhas: 0
09:11:28 | INFO     | [09:11:28] ✅ DONE | CB | 147 contratos | 3/11 (27.3%) | Falhas: 0
09:11:28 | INFO     | [09:11:28] ✅ DONE | CX | 109 contratos | 4/11 (36.4%) | Falhas: 0
09:11:28 | INFO     | [09:11:28] ✅ DONE | DR | 73 contratos | 5/11 (45.5%) | Falhas: 0
09:11:30 | INFO     | [09:11:30] ✅ DONE | JD | 100 contratos | 6/11 (54.5%) | Falhas: 0
09:11:30 | INFO     | [09:11:30] ✅ DONE | NV | 97 contratos | 7/11 (63.6%) | Falhas: 0
09:11:31 | INFO     | [09:11:31] ✅ DONE | PP | 97 contratos | 8/11 (72.7%) | Falhas: 0
09:11:32 | INFO     | [09:11:32] ✅ DONE | NA | 108 contratos | 9/11 (81.8%) | Falhas: 0
09:11:35 | INFO     | [09:11:35] ✅ DONE | RT | 527 contratos | 10/11 (90.9%) | Falhas: 0
09:11:36 | INFO     | [09:11:36] ✅ DONE | TL | 163 contratos | 11/11 (100.0%) | Falhas: 0
09:11:36 | INFO     | ✅ FIM | Falhas: 0 | SKIPs: 0
09:11:36 | INFO     | ============================================================
09:11:36 | INFO     | 📤 GERANDO contratos.csv...
09:11:36 | INFO     | 📂 11 arquivo(s) de contratos encontrado(s). Processando...
09:11:36 | INFO     | ✅ CSV gerado: data\contratos.csv
09:11:36 | INFO     | Contratos    : 1602
09:11:36 | INFO     | Prorrogáveis : 415
09:11:36 | INFO     | Colunas      : 21
09:11:36 | INFO     | ============================================================
