09:52:16 | INFO     | 🚀 INICIANDO PIPELINE DE EXTRAÇÃO DE COMPRAS PÚBLICAS
09:52:16 | INFO     | ============================================================
09:52:16 | INFO     | ℹ️  Módulo LEGADO está desativado em config.config['CONFIG_APIS']['LEGADO']['executar_legado']; pulando extração.
09:52:16 | INFO     | ▶ Módulo LEI 14.133 — 24 tarefas | 2 threads
09:52:16 | INFO     | ⏭️  SKIPs acumulados: 24 | 24/24 (100.0%) | Falhas: 0
09:52:16 | INFO     |    Concluído — DONE: 0 | SKIP: 24 | FAIL: 0
09:52:16 | INFO     | ============================================================
09:52:16 | INFO     | 📊 RESUMO DA EXTRAÇÃO DE COMPRAS
09:52:16 | INFO     |   Falhas Legado   : 0
09:52:16 | INFO     |   Falhas Lei14133 : 0
09:52:16 | INFO     |   SKIPs           : 0
09:52:16 | INFO     | ============================================================
09:52:16 | INFO     | 📤 GERANDO compras.csv...
09:52:16 | INFO     | 📂 415 arquivo(s) encontrado(s). Processando...
09:52:16 | INFO     | ✅ CSV gerado: data\compras.csv
09:52:16 | INFO     | IDs únicos     : 2360
09:52:16 | INFO     | Legado         : 1924
09:52:16 | INFO     | Lei 14.133     : 436
09:52:16 | INFO     | Com responsável: 2061
09:52:16 | INFO     | Sem objeto     : 0
09:52:16 | INFO     | Colunas        : 27
09:52:16 | INFO     | ============================================================
09:52:16 | INFO     | 🔩 INICIANDO EXTRAÇÃO DE ITENS
09:52:16 | INFO     | 🔍 Coletando ids de compras para montar a fila de itens...
09:52:17 | INFO     | IDs únicos     : 2360
09:52:17 | INFO     | Consultas prev.: 4672  (vs 9440 no modo bruto)
09:52:17 | INFO     | Já em cache    : 4672
09:52:17 | INFO     | A extrair      : 0
09:52:17 | INFO     | TOTAL fila     : 0
09:52:17 | INFO     | ⚠️  Nenhuma compra encontrada ou todas já em cache.
09:52:17 | INFO     | ============================================================
09:52:17 | INFO     | 📤 GERANDO compras_itens.csv...
09:52:17 | INFO     | 📂 6964 arquivo(s) de itens encontrado(s). Processando...
09:52:20 | INFO     | ✅ CSV gerado: data\compras_itens.csv
09:52:20 | INFO     | Itens únicos  : 27477
09:52:20 | INFO     | Legado        : 20870
09:52:20 | INFO     | Lei 14.133    : 6607
09:52:20 | INFO     | Colunas       : 33
09:52:21 | INFO     | ============================================================
09:52:21 | INFO     | 📋 INICIANDO EXTRAÇÃO DE ATAS
09:52:21 | INFO     | UASG      : RT (158132)
09:52:21 | INFO     | Anos      : 2023–2027
09:52:21 | INFO     | A extrair : 5
09:52:21 | INFO     | 🚀 INICIANDO EXTRAÇÃO DE ATAS | WORKERS: 3 | TOTAL: 5
09:52:21 | INFO     | [09:52:21] ⏭️  SKIP | RT | 2023 | 1/5 (20.0%) | Falhas: 0
09:52:21 | INFO     | [09:52:21] ⏭️  SKIP | RT | 2026 | 2/5 (40.0%) | Falhas: 0
09:52:21 | INFO     | [09:52:21] ⏭️  SKIP | RT | 2025 | 3/5 (60.0%) | Falhas: 0
09:52:21 | INFO     | [09:52:21] ⏭️  SKIP | RT | 2024 | 4/5 (80.0%) | Falhas: 0
09:52:21 | INFO     | [09:52:21] ✅ DONE | RT | 2027 | 5/5 (100.0%) | Falhas: 0
09:52:21 | INFO     | ✅ FIM | Falhas: 0
09:52:21 | INFO     | ============================================================
09:52:21 | INFO     | 📤 GERANDO atas.csv...
09:52:21 | INFO     | 📂 6 arquivo(s) de atas encontrado(s). Processando...
09:52:21 | INFO     | ✅ CSV gerado: data\atas.csv
09:52:21 | INFO     | Atas únicas   : 369
09:52:21 | INFO     | Atas excluídas: 0
09:52:21 | INFO     | Colunas       : 22
09:52:21 | INFO     | ============================================================
09:52:21 | INFO     | 📦 INICIANDO EXTRAÇÃO DE ITENS DAS ATAS
09:52:21 | INFO     | UASG        : RT (158132)
09:52:21 | INFO     | Anos        : 2023–2027
09:52:21 | INFO     | Já em cache : 5
09:52:21 | INFO     | A extrair   : 0
09:52:21 | INFO     | ⏭️  Tudo em cache. Nada a extrair.
09:52:21 | INFO     | ============================================================
09:52:21 | INFO     | 📤 GERANDO atas_itens.csv...
09:52:21 | INFO     | ✅ Mapa de atas carregado: 65 compras | 369 atas conhecidas
09:52:21 | INFO     | 📂 9 arquivo(s) de itens de atas encontrado(s). Processando...
09:52:21 | INFO     | ✅ Nenhuma ata ausente detectada.
09:52:21 | INFO     | ✅ CSV gerado: data\atas_itens.csv
09:52:21 | INFO     | Itens únicos     : 2961
09:52:21 | INFO     | Material         : 2406
09:52:21 | INFO     | Serviço          : 555
09:52:21 | INFO     | Excluídos        : 0
09:52:21 | INFO     | Sem id_compra    : 0
09:52:21 | INFO     | Sem numero_compra: 0
09:52:21 | INFO     | Colunas          : 35
09:52:21 | INFO     | ============================================================
09:52:21 | INFO     | 💰 INICIANDO EXTRAÇÃO DE SALDOS DAS ATAS
09:52:21 | INFO     | UASG             : RT (158132)
09:52:21 | INFO     | Validade cache   : 3 dias
09:52:21 | INFO     | A extrair/atualizar: 49
09:52:21 | INFO     | 🚀 INICIANDO EXTRAÇÃO DE SALDOS | WORKERS: 3 | TOTAL: 49
09:52:28 | INFO     | [09:52:28] ✅ DONE | RT | 00007/2026 | 1/49 (2.0%) | Falhas: 0
09:52:28 | INFO     | [09:52:28] ✅ DONE | RT | 00009/2023 | 2/49 (4.1%) | Falhas: 0
09:52:28 | INFO     | [09:52:28] ✅ DONE | RT | 00009/2024 | 3/49 (6.1%) | Falhas: 0
09:52:31 | INFO     | [09:52:31] ✅ DONE | RT | 00014/2023 | 4/49 (8.2%) | Falhas: 0
09:52:31 | INFO     | [09:52:31] ✅ DONE | RT | 00013/2024 | 5/49 (10.2%) | Falhas: 0
09:52:32 | INFO     | [09:52:32] ✅ DONE | RT | 00022/2025 | 6/49 (12.2%) | Falhas: 0
09:52:33 | INFO     | [09:52:33] ✅ DONE | RT | 00033/2023 | 7/49 (14.3%) | Falhas: 0
09:52:33 | INFO     | [09:52:33] ✅ DONE | RT | 00010/2024 | 8/49 (16.3%) | Falhas: 0
09:52:35 | INFO     | [09:52:35] ✅ DONE | RT | 00036/2024 | 9/49 (18.4%) | Falhas: 0
09:52:36 | INFO     | [09:52:36] ✅ DONE | RT | 00033/2024 | 10/49 (20.4%) | Falhas: 0
09:52:36 | INFO     | [09:52:36] ✅ DONE | RT | 00036/2025 | 11/49 (22.4%) | Falhas: 0
09:52:36 | INFO     | [09:52:36] ✅ DONE | RT | 00033/2025 | 12/49 (24.5%) | Falhas: 0
09:52:39 | INFO     | [09:52:39] ✅ DONE | RT | 00037/2025 | 13/49 (26.5%) | Falhas: 0
09:52:41 | INFO     | [09:52:41] ✅ DONE | RT | 00038/2023 | 14/49 (28.6%) | Falhas: 0
09:52:42 | INFO     | [09:52:42] ✅ DONE | RT | 00039/2025 | 15/49 (30.6%) | Falhas: 0
09:52:42 | INFO     | [09:52:42] ✅ DONE | RT | 00042/2024 | 16/49 (32.7%) | Falhas: 0
09:52:43 | INFO     | [09:52:43] ✅ DONE | RT | 00046/2025 | 17/49 (34.7%) | Falhas: 0
09:52:43 | INFO     | [09:52:43] ✅ DONE | RT | 00049/2024 | 18/49 (36.7%) | Falhas: 0
09:52:44 | INFO     | [09:52:44] ✅ DONE | RT | 00047/2025 | 19/49 (38.8%) | Falhas: 0
09:52:46 | INFO     | [09:52:46] ✅ DONE | RT | 00050/2025 | 20/49 (40.8%) | Falhas: 0
09:52:46 | INFO     | [09:52:46] ✅ DONE | RT | 00049/2025 | 21/49 (42.9%) | Falhas: 0
09:52:47 | INFO     | [09:52:47] ✅ DONE | RT | 00051/2025 | 22/49 (44.9%) | Falhas: 0
09:52:48 | INFO     | [09:52:48] ✅ DONE | RT | 00052/2024 | 23/49 (46.9%) | Falhas: 0
09:52:49 | INFO     | [09:52:49] ✅ DONE | RT | 00051/2024 | 24/49 (49.0%) | Falhas: 0
09:52:49 | INFO     | [09:52:49] ✅ DONE | RT | 00068/2025 | 25/49 (51.0%) | Falhas: 0
09:52:50 | INFO     | [09:52:50] ✅ DONE | RT | 00073/2024 | 26/49 (53.1%) | Falhas: 0
09:52:52 | INFO     | [09:52:52] ✅ DONE | RT | 00095/2025 | 27/49 (55.1%) | Falhas: 0
09:52:52 | INFO     | [09:52:52] ✅ DONE | RT | 00087/2024 | 28/49 (57.1%) | Falhas: 0
09:52:52 | INFO     | [09:52:52] ✅ DONE | RT | 00083/2025 | 29/49 (59.2%) | Falhas: 0
09:52:54 | INFO     | [09:52:54] ✅ DONE | RT | 00098/2025 | 30/49 (61.2%) | Falhas: 0
09:52:54 | INFO     | [09:52:54] ✅ DONE | RT | 00102/2024 | 31/49 (63.3%) | Falhas: 0
09:52:54 | INFO     | [09:52:54] ✅ DONE | RT | 00102/2025 | 32/49 (65.3%) | Falhas: 0
09:52:56 | INFO     | [09:52:56] ✅ DONE | RT | 00104/2025 | 33/49 (67.3%) | Falhas: 0
09:52:56 | INFO     | [09:52:56] ✅ DONE | RT | 00103/2025 | 34/49 (69.4%) | Falhas: 0
09:52:57 | INFO     | [09:52:57] ✅ DONE | RT | 00109/2025 | 35/49 (71.4%) | Falhas: 0
09:52:58 | INFO     | [09:52:58] ✅ DONE | RT | 00111/2025 | 36/49 (73.5%) | Falhas: 0
09:52:58 | INFO     | [09:52:58] ✅ DONE | RT | 00112/2025 | 37/49 (75.5%) | Falhas: 0
09:52:58 | INFO     | [09:52:58] ✅ DONE | RT | 00113/2025 | 38/49 (77.6%) | Falhas: 0
09:52:59 | INFO     | [09:52:59] ✅ DONE | RT | 00114/2025 | 39/49 (79.6%) | Falhas: 0
09:52:59 | INFO     | [09:52:59] ✅ DONE | RT | 00115/2025 | 40/49 (81.6%) | Falhas: 0
09:53:01 | INFO     | [09:53:01] ✅ DONE | RT | 00117/2025 | 41/49 (83.7%) | Falhas: 0
09:53:01 | INFO     | [09:53:01] ✅ DONE | RT | 00116/2025 | 42/49 (85.7%) | Falhas: 0
09:53:01 | INFO     | [09:53:01] ✅ DONE | RT | 00119/2025 | 43/49 (87.8%) | Falhas: 0
09:53:02 | INFO     | [09:53:02] ✅ DONE | RT | 00120/2025 | 44/49 (89.8%) | Falhas: 0
09:53:03 | INFO     | [09:53:03] ✅ DONE | RT | 00122/2025 | 45/49 (91.8%) | Falhas: 0
09:53:05 | INFO     | [09:53:05] ✅ DONE | RT | 00124/2025 | 46/49 (93.9%) | Falhas: 0
09:53:07 | INFO     | [09:53:07] ✅ DONE | RT | 00184/2025 | 47/49 (95.9%) | Falhas: 0
09:53:07 | INFO     | [09:53:07] ✅ DONE | RT | 00193/2025 | 48/49 (98.0%) | Falhas: 0
09:53:07 | INFO     | [09:53:07] ✅ DONE | RT | 00126/2025 | 49/49 (100.0%) | Falhas: 0
09:53:07 | INFO     | ✅ FIM | Falhas: 0 | SKIPs: 0
09:53:07 | INFO     | ============================================================
09:53:07 | INFO     | 📤 GERANDO atas_saldos.csv...
09:53:07 | INFO     | 📂 369 arquivo(s) de saldos encontrado(s). Processando...
09:53:07 | INFO     | ✅ CSV gerado: data\atas_saldos.csv
09:53:07 | INFO     | Registros        : 2353
09:53:07 | INFO     | Participantes    : 2096
09:53:07 | INFO     | Não participantes: 150
09:53:07 | INFO     | Colunas          : 12
09:53:07 | INFO     | ============================================================
09:53:07 | INFO     | 🏢 INICIANDO EXTRAÇÃO DE UNIDADES PARTICIPANTES
09:53:08 | INFO     | UASG        : RT (158132)
09:53:08 | INFO     | A extrair   : 0
09:53:08 | INFO     | ⏭️  Tudo em cache. Nada a extrair.
09:53:08 | INFO     | ============================================================
09:53:08 | INFO     | 📤 GERANDO atas_unidades.csv...
09:53:08 | INFO     | 📂 2961 arquivo(s) de unidades encontrado(s). Processando...
09:53:08 | INFO     | ✅ CSV gerado: data\atas_unidades.csv
09:53:08 | INFO     | Registros        : 9567
09:53:08 | INFO     | Participantes    : 6621
09:53:08 | INFO     | Não participantes: 2946
09:53:08 | INFO     | Aceita adesão    : 3735
09:53:08 | INFO     | Colunas          : 27
09:53:08 | INFO     | ============================================================
09:53:08 | INFO     | ============================================================
09:53:08 | INFO     | 📊 RESUMO FINAL
09:53:08 | INFO     |   Falhas compras        : 0
09:53:08 | INFO     |   Falhas itens          : 0
09:53:08 | INFO     |   Falhas atas           : 0
09:53:08 | INFO     |   Falhas atas_itens     : 0
09:53:08 | INFO     |   Falhas atas_saldos    : 0
09:53:08 | INFO     |   Falhas atas_unidades  : 0
09:53:08 | INFO     | 🎉 PIPELINE CONCLUÍDO COM SUCESSO!
