09:49:57 | INFO     | ============================================================
09:49:57 | INFO     | 👥 EXTRAINDO RESPONSÁVEIS DOS CONTRATOS...
09:49:57 | INFO     | Contratos na fila : 1738
09:49:57 | INFO     | Validade cache    : 1 dia(s)
09:49:57 | INFO     | 🚀 INICIANDO EXTRAÇÃO DE RESPONSÁVEIS | WORKERS: 15 | TOTAL: 1738
09:49:57 | INFO     | [09:49:57] ⏭️  SKIPs: 50 | 50/1738 (2.9%) | Falhas: 0
09:49:57 | INFO     | [09:49:57] ⏭️  SKIPs: 100 | 100/1738 (5.8%) | Falhas: 0
09:49:57 | INFO     | [09:49:57] ⏭️  SKIPs: 150 | 150/1738 (8.6%) | Falhas: 0
09:49:57 | INFO     | [09:49:57] ⏭️  SKIPs: 200 | 200/1738 (11.5%) | Falhas: 0
09:49:57 | INFO     | [09:49:57] ⏭️  SKIPs: 250 | 250/1738 (14.4%) | Falhas: 0
09:49:57 | INFO     | [09:49:57] ⏭️  SKIPs: 300 | 300/1738 (17.3%) | Falhas: 0
09:49:57 | INFO     | [09:49:57] ⏭️  SKIPs: 350 | 350/1738 (20.1%) | Falhas: 0
09:49:57 | INFO     | [09:49:57] ⏭️  SKIPs: 400 | 400/1738 (23.0%) | Falhas: 0
09:49:57 | INFO     | [09:49:57] ⏭️  SKIPs: 450 | 450/1738 (25.9%) | Falhas: 0
09:49:57 | INFO     | [09:49:57] ⏭️  SKIPs: 500 | 500/1738 (28.8%) | Falhas: 0
09:49:57 | INFO     | [09:49:57] ⏭️  SKIPs: 550 | 550/1738 (31.6%) | Falhas: 0
09:49:57 | INFO     | [09:49:57] ⏭️  SKIPs: 600 | 600/1738 (34.5%) | Falhas: 0
09:49:57 | INFO     | [09:49:57] ⏭️  SKIPs: 650 | 650/1738 (37.4%) | Falhas: 0
09:49:57 | INFO     | [09:49:57] ⏭️  SKIPs: 700 | 700/1738 (40.3%) | Falhas: 0
09:49:57 | INFO     | [09:49:57] ⏭️  SKIPs: 750 | 750/1738 (43.2%) | Falhas: 0
09:49:57 | INFO     | [09:49:57] ⏭️  SKIPs: 800 | 800/1738 (46.0%) | Falhas: 0
09:49:57 | INFO     | [09:49:57] ⏭️  SKIPs: 850 | 850/1738 (48.9%) | Falhas: 0
09:49:57 | INFO     | [09:49:57] ⏭️  SKIPs: 900 | 900/1738 (51.8%) | Falhas: 0
09:49:57 | INFO     | [09:49:57] ⏭️  SKIPs: 950 | 950/1738 (54.7%) | Falhas: 0
09:49:57 | INFO     | [09:49:57] ⏭️  SKIPs: 1000 | 1000/1738 (57.5%) | Falhas: 0
09:49:57 | INFO     | [09:49:57] ⏭️  SKIPs: 1050 | 1050/1738 (60.4%) | Falhas: 0
09:49:57 | INFO     | [09:49:57] ⏭️  SKIPs: 1100 | 1100/1738 (63.3%) | Falhas: 0
09:49:57 | INFO     | [09:49:57] ⏭️  SKIPs: 1150 | 1150/1738 (66.2%) | Falhas: 0
09:49:57 | INFO     | [09:49:57] ⏭️  SKIPs: 1200 | 1200/1738 (69.0%) | Falhas: 0
09:49:57 | INFO     | [09:49:57] ⏭️  SKIPs: 1250 | 1250/1738 (71.9%) | Falhas: 0
09:49:57 | INFO     | [09:49:57] ⏭️  SKIPs: 1300 | 1300/1738 (74.8%) | Falhas: 0
09:49:57 | INFO     | [09:49:57] ⏭️  SKIPs: 1350 | 1350/1738 (77.7%) | Falhas: 0
09:49:57 | INFO     | [09:49:57] ⏭️  SKIPs: 1400 | 1400/1738 (80.6%) | Falhas: 0
09:49:57 | INFO     | [09:49:57] ⏭️  SKIPs: 1450 | 1450/1738 (83.4%) | Falhas: 0
09:49:57 | INFO     | [09:49:57] ⏭️  SKIPs: 1500 | 1500/1738 (86.3%) | Falhas: 0
09:49:57 | INFO     | [09:49:57] ⏭️  SKIPs: 1550 | 1550/1738 (89.2%) | Falhas: 0
09:49:58 | INFO     | [09:49:58] ⏭️  SKIPs: 1600 | 1600/1738 (92.1%) | Falhas: 0
09:49:58 | INFO     | [09:49:58] ⏭️  SKIPs: 1650 | 1650/1738 (94.9%) | Falhas: 0
09:49:58 | INFO     | [09:49:58] ⏭️  SKIPs: 1700 | 1700/1738 (97.8%) | Falhas: 0
09:49:58 | INFO     | ✅ FIM | Falhas: 0 | SKIPs: 1738
09:49:58 | INFO     | ============================================================
09:49:58 | INFO     | 📤 GERANDO contratos_responsaveis.csv...
09:49:58 | INFO     | 📂 1758 arquivo(s) de responsáveis encontrado(s). Processando...
09:49:58 | INFO     | ✅ CSV gerado: data\contratos_responsaveis.csv
09:49:58 | INFO     | Responsáveis : 1159
09:49:58 | INFO     | Ativos       : 942
09:49:58 | INFO     | Colunas      : 11
09:49:58 | INFO     | ============================================================
