14:27:26 | INFO     | ============================================================
14:27:26 | INFO     | 📦 EXTRAINDO ITENS DAS ATAS...
14:27:26 | INFO     | UASG        : RT (158132)
14:27:26 | INFO     | Anos        : 2023–2027
14:27:26 | INFO     | Já em cache : 0
14:27:26 | INFO     | A extrair   : 5
14:27:26 | INFO     | 🚀 INICIANDO EXTRAÇÃO DE ITENS DE ATAS | WORKERS: 3 | TOTAL: 5
14:27:27 | INFO     | [14:27:27] ✅ DONE | RT | 2023 | 1/5 (20.0%) | Falhas: 0
14:27:28 | INFO     | [14:27:28] ✅ DONE | RT | 2025 | 2/5 (40.0%) | Falhas: 0
14:27:28 | INFO     | [14:27:28] ✅ DONE | RT | 2024 | 3/5 (60.0%) | Falhas: 0
14:27:29 | INFO     | [14:27:29] ✅ DONE | RT | 2026 | 4/5 (80.0%) | Falhas: 0
14:27:29 | INFO     | [14:27:29] ✅ DONE | RT | 2027 | 5/5 (100.0%) | Falhas: 0
14:27:29 | INFO     | ✅ FIM | Falhas: 0 | SKIPs: 0
14:27:29 | INFO     | ============================================================
14:27:29 | INFO     | 📤 GERANDO atas_itens.csv...
14:27:29 | INFO     | ✅ Mapa de atas carregado: 68 compras | 398 atas conhecidas
14:27:29 | INFO     | 📂 5 arquivo(s) de itens de atas encontrado(s). Processando...
14:27:29 | INFO     | ⚠️  24 ata(s) ausente(s) do atas.csv — gerando esqueletos...
14:27:29 | INFO     | ➕ 10673078000120-1-000010/2026-000001 (ata 00018/2026)
14:27:29 | INFO     | ➕ 10673078000120-1-000010/2026-000002 (ata 00019/2026)
14:27:29 | INFO     | ➕ 10673078000120-1-000118/2025-000002 (ata 00022/2026)
14:27:29 | INFO     | ➕ 10673078000120-1-000118/2025-000003 (ata 00024/2026)
14:27:29 | INFO     | ➕ 10673078000120-1-000118/2025-000004 (ata 00025/2026)
14:27:29 | INFO     | ➕ 10673078000120-1-000118/2025-000005 (ata 00026/2026)
14:27:29 | INFO     | ➕ 10673078000120-1-000118/2025-000006 (ata 00027/2026)
14:27:29 | INFO     | ➕ 10673078000120-1-000118/2025-000008 (ata 00029/2026)
14:27:29 | INFO     | ➕ 10673078000120-1-000118/2025-000009 (ata 00030/2026)
14:27:29 | INFO     | ➕ 10673078000120-1-000118/2025-000010 (ata 00031/2026)
14:27:29 | INFO     | ➕ 10673078000120-1-000118/2025-000011 (ata 00032/2026)
14:27:29 | INFO     | ➕ 10673078000120-1-000118/2025-000013 (ata 00034/2026)
14:27:29 | INFO     | ➕ 10673078000120-1-000118/2025-000014 (ata 00035/2026)
14:27:29 | INFO     | ➕ 10673078000120-1-000118/2025-000015 (ata 00036/2026)
14:27:29 | INFO     | ➕ 10673078000120-1-000118/2025-000016 (ata 00037/2026)
14:27:29 | INFO     | ➕ 10673078000120-1-000118/2025-000017 (ata 00039/2026)
14:27:29 | INFO     | ➕ 10673078000120-1-000118/2025-000018 (ata 00040/2026)
14:27:29 | INFO     | ➕ 10673078000120-1-000118/2025-000019 (ata 00023/2026)
14:27:29 | INFO     | ➕ 10673078000120-1-000118/2025-000020 (ata 00042/2026)
14:27:29 | INFO     | ➕ 10673078000120-1-000118/2025-000021 (ata 00043/2026)
14:27:29 | INFO     | ➕ 10673078000120-1-000118/2025-000022 (ata 00046/2026)
14:27:29 | INFO     | ➕ 10673078000120-1-000118/2025-000023 (ata 00048/2026)
14:27:29 | INFO     | ➕ 10673078000120-1-000118/2025-000024 (ata 00049/2026)
14:27:29 | INFO     | ➕ 10673078000120-1-000118/2025-000026 (ata 00047/2026)
14:27:29 | INFO     | 💾 atas_manuais.json salvo: 29 ata(s) total (24 nova(s))
14:27:29 | INFO     | 🔄 Regenerando atas.csv com as novas entradas manuais...
14:27:29 | INFO     | 📂 6 arquivo(s) de atas encontrado(s). Processando...
14:27:29 | INFO     | ✅ CSV gerado: data\atas.csv
14:27:29 | INFO     | Atas únicas   : 422
14:27:29 | INFO     | Atas excluídas: 0
14:27:29 | INFO     | Colunas       : 22
14:27:29 | INFO     | ✅ Mapa de atas carregado: 69 compras | 422 atas conhecidas
14:27:29 | INFO     | ✅ CSV gerado: data\atas_itens.csv
14:27:29 | INFO     | Itens únicos     : 1308
14:27:29 | INFO     | Material         : 986
14:27:29 | INFO     | Serviço          : 322
14:27:29 | INFO     | Excluídos        : 0
14:27:29 | INFO     | Sem id_compra    : 0
14:27:29 | INFO     | Sem numero_compra: 0
14:27:29 | INFO     | Colunas          : 35
14:27:29 | INFO     | ============================================================
