08:37:16 | INFO     | ============================================================
08:37:16 | INFO     | 🏢 EXTRAINDO UNIDADES PARTICIPANTES DAS ATAS...
08:37:16 | INFO     | UASG        : RT (158132)
08:37:16 | INFO     | A extrair   : 0
08:37:16 | INFO     | ⏭️  Tudo em cache. Nada a extrair.
08:37:16 | INFO     | ============================================================
08:37:16 | INFO     | 📤 GERANDO atas_unidades.csv...
08:37:16 | INFO     | 📂 1308 arquivo(s) de unidades encontrado(s). Processando...
08:37:16 | ERROR    | Traceback (most recent call last):
08:37:16 | ERROR    | File "C:\Projetos\comprasgovIFMS\main.py", line 504, in <module>
08:37:16 | ERROR    | _modo_extrator_atas_unidades()
08:37:16 | ERROR    | File "C:\Projetos\comprasgovIFMS\main.py", line 274, in _modo_extrator_atas_unidades
08:37:16 | ERROR    | _modo_transformer_atas_unidades()
08:37:16 | ERROR    | File "C:\Projetos\comprasgovIFMS\main.py", line 262, in _modo_transformer_atas_unidades
08:37:16 | ERROR    | transformar_atas_unidades(
08:37:16 | ERROR    | File "C:\Projetos\comprasgovIFMS\pipeline\transformer_atas_unidades.py", line 494, in transformar
08:37:16 | ERROR    | with open(caminho_saida, "w", newline="",
08:37:16 | ERROR    | ^
08:37:16 | ERROR    | ^
08:37:16 | ERROR    | ^
08:37:16 | ERROR    | ^
08:37:16 | ERROR    | ^
08:37:16 | ERROR    | ^
08:37:16 | ERROR    | ^
08:37:16 | ERROR    | ^
08:37:16 | ERROR    | ^
08:37:16 | ERROR    | ^
08:37:16 | ERROR    | ^
08:37:16 | ERROR    | ^
08:37:16 | ERROR    | ^
08:37:16 | ERROR    | ^
08:37:16 | ERROR    | ^
08:37:16 | ERROR    | ^
08:37:16 | ERROR    | ^
08:37:16 | ERROR    | ^
08:37:16 | ERROR    | ^
08:37:16 | ERROR    | ^
08:37:16 | ERROR    | ^
08:37:16 | ERROR    | ^
08:37:16 | ERROR    | ^
08:37:16 | ERROR    | ^
08:37:16 | ERROR    | ^
08:37:16 | ERROR    | ^
08:37:16 | ERROR    | ^
08:37:16 | ERROR    | ^
08:37:16 | ERROR    | ^
08:37:16 | ERROR    | ^
08:37:16 | ERROR    | ^
08:37:16 | ERROR    | ^
08:37:16 | ERROR    | ^
08:37:16 | ERROR    | ^
08:37:16 | ERROR    | ^
08:37:16 | ERROR    | ^
08:37:16 | ERROR    | PermissionError
08:37:16 | ERROR    | :
08:37:16 | ERROR    | [Errno 13] Permission denied: 'data\\atas_unidades.csv'
