09:08:42 | INFO     | 🚀 INICIANDO PIPELINE DE EXTRAÇÃO DE COMPRAS PÚBLICAS
09:08:42 | INFO     | ============================================================
09:08:42 | INFO     | ℹ️  Módulo LEGADO está desativado em config.config['CONFIG_APIS']['LEGADO']['executar_legado']; pulando extração.
09:08:42 | INFO     | ▶ Módulo LEI 14.133 — 24 tarefas | 2 threads
⚠️  Servidor retornou 400 em https://dadosabertos.compras.gov.br/modulo-contratacoes/1_consultarContratacoes_PNCP_14133. Aguardando 5s (Tentativa 1/5)...
⚠️  Servidor retornou 400 em https://dadosabertos.compras.gov.br/modulo-contratacoes/1_consultarContratacoes_PNCP_14133. Aguardando 5s (Tentativa 1/5)...
⚠️  Servidor retornou 400 em https://dadosabertos.compras.gov.br/modulo-contratacoes/1_consultarContratacoes_PNCP_14133. Aguardando 10s (Tentativa 2/5)...
⚠️  Servidor retornou 400 em https://dadosabertos.compras.gov.br/modulo-contratacoes/1_consultarContratacoes_PNCP_14133. Aguardando 10s (Tentativa 2/5)...
⚠️  Servidor retornou 400 em https://dadosabertos.compras.gov.br/modulo-contratacoes/1_consultarContratacoes_PNCP_14133. Aguardando 15s (Tentativa 3/5)...
⚠️  Servidor retornou 400 em https://dadosabertos.compras.gov.br/modulo-contratacoes/1_consultarContratacoes_PNCP_14133. Aguardando 15s (Tentativa 3/5)...
⚠️  Servidor retornou 400 em https://dadosabertos.compras.gov.br/modulo-contratacoes/1_consultarContratacoes_PNCP_14133. Aguardando 20s (Tentativa 4/5)...
⚠️  Servidor retornou 400 em https://dadosabertos.compras.gov.br/modulo-contratacoes/1_consultarContratacoes_PNCP_14133. Aguardando 20s (Tentativa 4/5)...
⚠️  Servidor retornou 400 em https://dadosabertos.compras.gov.br/modulo-contratacoes/1_consultarContratacoes_PNCP_14133. Aguardando 25s (Tentativa 5/5)...
⚠️  Servidor retornou 400 em https://dadosabertos.compras.gov.br/modulo-contratacoes/1_consultarContratacoes_PNCP_14133. Aguardando 25s (Tentativa 5/5)...
09:12:00 | INFO     | ❌ FAIL | RT | PNCP-PREGAO           | 2021 | 1/24 (4.2%) | Falhas: 1
09:12:00 | INFO     | ❌ FAIL | RT | PNCP-CONCORRENCIA     | 2021 | 10/24 (41.7%) | Falhas: 2
⚠️  Servidor retornou 400 em https://dadosabertos.compras.gov.br/modulo-contratacoes/1_consultarContratacoes_PNCP_14133. Aguardando 5s (Tentativa 1/5)...
⚠️  Servidor retornou 400 em https://dadosabertos.compras.gov.br/modulo-contratacoes/1_consultarContratacoes_PNCP_14133. Aguardando 5s (Tentativa 1/5)...
⚠️  Servidor retornou 400 em https://dadosabertos.compras.gov.br/modulo-contratacoes/1_consultarContratacoes_PNCP_14133. Aguardando 10s (Tentativa 2/5)...
⚠️  Servidor retornou 400 em https://dadosabertos.compras.gov.br/modulo-contratacoes/1_consultarContratacoes_PNCP_14133. Aguardando 10s (Tentativa 2/5)...
⚠️  Servidor retornou 400 em https://dadosabertos.compras.gov.br/modulo-contratacoes/1_consultarContratacoes_PNCP_14133. Aguardando 15s (Tentativa 3/5)...
⚠️  Servidor retornou 400 em https://dadosabertos.compras.gov.br/modulo-contratacoes/1_consultarContratacoes_PNCP_14133. Aguardando 15s (Tentativa 3/5)...
⚠️  Servidor retornou 400 em https://dadosabertos.compras.gov.br/modulo-contratacoes/1_consultarContratacoes_PNCP_14133. Aguardando 20s (Tentativa 4/5)...
⚠️  Servidor retornou 400 em https://dadosabertos.compras.gov.br/modulo-contratacoes/1_consultarContratacoes_PNCP_14133. Aguardando 20s (Tentativa 4/5)...
09:14:51 | INFO     | ✅ DONE | RT | PNCP-DISPENSA         | 2023 | 12/24 (50.0%) | Falhas: 2
⚠️  Servidor retornou 400 em https://dadosabertos.compras.gov.br/modulo-contratacoes/1_consultarContratacoes_PNCP_14133. Aguardando 25s (Tentativa 5/5)...
⚠️  Servidor retornou 400 em https://dadosabertos.compras.gov.br/modulo-contratacoes/1_consultarContratacoes_PNCP_14133. Aguardando 5s (Tentativa 1/5)...
09:15:34 | INFO     | ❌ FAIL | RT | PNCP-CONCORRENCIA     | 2024 | 13/24 (54.2%) | Falhas: 3
⚠️  Servidor retornou 400 em https://dadosabertos.compras.gov.br/modulo-contratacoes/1_consultarContratacoes_PNCP_14133. Aguardando 10s (Tentativa 2/5)...
⚠️  Servidor retornou 400 em https://dadosabertos.compras.gov.br/modulo-contratacoes/1_consultarContratacoes_PNCP_14133. Aguardando 5s (Tentativa 1/5)...
⚠️  Servidor retornou 400 em https://dadosabertos.compras.gov.br/modulo-contratacoes/1_consultarContratacoes_PNCP_14133. Aguardando 15s (Tentativa 3/5)...
⚠️  Servidor retornou 400 em https://dadosabertos.compras.gov.br/modulo-contratacoes/1_consultarContratacoes_PNCP_14133. Aguardando 10s (Tentativa 2/5)...
⚠️  Servidor retornou 400 em https://dadosabertos.compras.gov.br/modulo-contratacoes/1_consultarContratacoes_PNCP_14133. Aguardando 20s (Tentativa 4/5)...
⚠️  Servidor retornou 400 em https://dadosabertos.compras.gov.br/modulo-contratacoes/1_consultarContratacoes_PNCP_14133. Aguardando 15s (Tentativa 3/5)...
⚠️  Servidor retornou 400 em https://dadosabertos.compras.gov.br/modulo-contratacoes/1_consultarContratacoes_PNCP_14133. Aguardando 25s (Tentativa 5/5)...
⚠️  Servidor retornou 400 em https://dadosabertos.compras.gov.br/modulo-contratacoes/1_consultarContratacoes_PNCP_14133. Aguardando 20s (Tentativa 4/5)...
09:18:10 | INFO     | ❌ FAIL | RT | PNCP-PREGAO           | 2024 | 14/24 (58.3%) | Falhas: 4
⚠️  Servidor retornou 400 em https://dadosabertos.compras.gov.br/modulo-contratacoes/1_consultarContratacoes_PNCP_14133. Aguardando 5s (Tentativa 1/5)...
⚠️  Servidor retornou 400 em https://dadosabertos.compras.gov.br/modulo-contratacoes/1_consultarContratacoes_PNCP_14133. Aguardando 25s (Tentativa 5/5)...
⚠️  Servidor retornou 400 em https://dadosabertos.compras.gov.br/modulo-contratacoes/1_consultarContratacoes_PNCP_14133. Aguardando 10s (Tentativa 2/5)...
09:19:01 | INFO     | ❌ FAIL | RT | PNCP-DISPENSA         | 2024 | 15/24 (62.5%) | Falhas: 5
09:19:31 | INFO     | ✅ DONE | RT | PNCP-INEXIGIBILIDADE  | 2024 | 17/24 (70.8%) | Falhas: 5
⚠️  Servidor retornou 400 em https://dadosabertos.compras.gov.br/modulo-contratacoes/1_consultarContratacoes_PNCP_14133. Aguardando 5s (Tentativa 1/5)...
09:20:05 | INFO     | ✅ DONE | RT | PNCP-INEXIGIBILIDADE  | 2025 | 19/24 (79.2%) | Falhas: 5
09:20:15 | INFO     | ✅ DONE | RT | PNCP-PREGAO           | 2025 | 24/24 (100.0%) | Falhas: 5
09:20:15 | INFO     |    Concluído — DONE: 4 | SKIP: 15 | FAIL: 5
09:20:15 | INFO     | ============================================================
09:20:15 | INFO     | 📊 RESUMO DA EXTRAÇÃO DE COMPRAS
09:20:15 | INFO     |   Falhas Legado   : 0
09:20:15 | INFO     |   Falhas Lei14133 : 5
09:20:15 | INFO     |   SKIPs           : 0
09:20:15 | INFO     | ============================================================
09:20:15 | INFO     | 📤 GERANDO compras.csv...
📂 415 arquivo(s) encontrado(s). Processando...

✅ CSV gerado: data\compras.csv
   IDs únicos     : 2360
   Legado         : 1924
   Lei 14.133     : 436
   Com responsável: 2061
   Sem objeto     : 0
   Colunas        : 27
09:20:17 | INFO     | ============================================================
09:20:17 | INFO     | 🔩 INICIANDO EXTRAÇÃO DE ITENS
🔍 Coletando ids de compras para montar a fila de itens...

   IDs únicos     : 2360
   Consultas prev.: 4672  (vs 9440 no modo bruto)
   Já em cache    : 4667
   A extrair      : 5
   TOTAL fila     : 5

🚀 INICIANDO EXTRAÇÃO DE ITENS | WORKERS: 3 | TOTAL: 5

[09:20:37] 🌐 Consultando | 15813203900872026 | pncp p1...
[09:20:37] 🌐 Consultando | 15813206000662026 | pncp p1...
[09:20:37] 🌐 Consultando | 15813206000502026 | pncp p1...
[09:20:57] ❌ ERRO_400 | 15813206000662026 | pncp | 1/5 (20.0%) | Falhas: 1
[09:20:57] 🌐 Consultando | 15813206000742026 | pncp p1...
[09:20:57] ❌ ERRO_400 | 15813203900872026 | pncp | 2/5 (40.0%) | Falhas: 2
[09:20:57] 🌐 Consultando | 15813206000842026 | pncp p1...
[09:21:02] 🌐 Consultando | 15813206000502026 | pncp p2...
[09:21:18] ❌ ERRO_400 | 15813206000842026 | pncp | 3/5 (60.0%) | Falhas: 3
[09:21:18] ❌ ERRO_400 | 15813206000742026 | pncp | 4/5 (80.0%) | Falhas: 4
[09:21:22] ❌ ERRO_400 | 15813206000502026 | pncp | 5/5 (100.0%) | Falhas: 5

✅ FIM | Falhas: 5 | SKIPs: 0
09:21:22 | INFO     | ============================================================
09:21:22 | INFO     | 📤 GERANDO compras_itens.csv...
📂 6963 arquivo(s) de itens encontrado(s). Processando...

✅ CSV gerado: data\compras_itens.csv
   Itens únicos  : 27468
   Legado        : 20870
   Lei 14.133    : 6598
   Colunas       : 33
09:21:33 | INFO     | ============================================================
09:21:33 | INFO     | 📋 INICIANDO EXTRAÇÃO DE ATAS
   UASG      : RT (158132)
   Anos      : 2023–2026
   A extrair : 4

🚀 INICIANDO EXTRAÇÃO DE ATAS | WORKERS: 3 | TOTAL: 4

[09:21:48] ✅ DONE | RT | 2025 | 1/4 (25.0%) | Falhas: 0
[09:21:54] ❌ ERRO_400 | RT | 2023 | 2/4 (50.0%) | Falhas: 1
[09:21:54] ❌ ERRO_400 | RT | 2024 | 3/4 (75.0%) | Falhas: 2
[09:22:09] ❌ ERRO_400 | RT | 2026 | 4/4 (100.0%) | Falhas: 3

✅ FIM | Falhas: 3
09:22:09 | INFO     | ============================================================
09:22:09 | INFO     | 📤 GERANDO atas.csv...
📂 4 arquivo(s) de atas encontrado(s). Processando...

✅ CSV gerado: data\atas.csv
   Atas únicas   : 204
   Atas excluídas: 0
   Colunas       : 22
09:22:09 | INFO     | ============================================================
09:22:09 | INFO     | 📦 INICIANDO EXTRAÇÃO DE ITENS DAS ATAS
   UASG        : RT (158132)
   Anos        : 2023–2027
   Já em cache : 5
   A extrair   : 0

⏭️  Tudo em cache. Nada a extrair.
09:22:09 | INFO     | ============================================================
09:22:09 | INFO     | 📤 GERANDO atas_itens.csv...
  ✅ Mapa de atas carregado: 36 compras | 204 atas conhecidas
📂 9 arquivo(s) de itens de atas encontrado(s). Processando...
  ⚠️  156 ata(s) ausente(s) do atas.csv — gerando esqueletos...
    ➕ 10673078000120-1-000002/2024-000001 (ata 00010/2024)
    ➕ 10673078000120-1-000005/2026-000001 (ata 00007/2026)
    ➕ 10673078000120-1-000007/2026-000001 (ata 00006/2026)
    ➕ 10673078000120-1-000014/2024-000001 (ata 00015/2024)
    ➕ 10673078000120-1-000014/2024-000002 (ata 00016/2024)
    ➕ 10673078000120-1-000023/2025-000001 (ata 00017/2025)
    ➕ 10673078000120-1-000026/2024-000001 (ata 00045/2024)
    ➕ 10673078000120-1-000026/2024-000002 (ata 00048/2024)
    ➕ 10673078000120-1-000026/2024-000003 (ata 00051/2024)
    ➕ 10673078000120-1-000026/2024-000004 (ata 00054/2024)
    ➕ 10673078000120-1-000026/2024-000005 (ata 00055/2024)
    ➕ 10673078000120-1-000026/2024-000006 (ata 00052/2024)
    ➕ 10673078000120-1-000026/2024-000007 (ata 00058/2024)
    ➕ 10673078000120-1-000026/2024-000008 (ata 00053/2024)
    ➕ 10673078000120-1-000026/2024-000009 (ata 00059/2024)
    ➕ 10673078000120-1-000026/2024-000010 (ata 00049/2024)
    ➕ 10673078000120-1-000026/2024-000011 (ata 00061/2024)
    ➕ 10673078000120-1-000026/2024-000012 (ata 00062/2024)
    ➕ 10673078000120-1-000026/2024-000013 (ata 00063/2024)
    ➕ 10673078000120-1-000026/2024-000014 (ata 00065/2024)
    ➕ 10673078000120-1-000026/2024-000015 (ata 00066/2024)
    ➕ 10673078000120-1-000026/2024-000016 (ata 00067/2024)
    ➕ 10673078000120-1-000026/2024-000017 (ata 00068/2024)
    ➕ 10673078000120-1-000026/2024-000018 (ata 00069/2024)
    ➕ 10673078000120-1-000026/2024-000019 (ata 00046/2024)
    ➕ 10673078000120-1-000026/2024-000020 (ata 00047/2024)
    ➕ 10673078000120-1-000026/2024-000021 (ata 00056/2024)
    ➕ 10673078000120-1-000026/2024-000022 (ata 00057/2024)
    ➕ 10673078000120-1-000026/2024-000023 (ata 00070/2024)
    ➕ 10673078000120-1-000026/2024-000024 (ata 00060/2024)
    ➕ 10673078000120-1-000026/2024-000025 (ata 00064/2024)
    ➕ 10673078000120-1-000026/2024-000026 (ata 00050/2024)
    ➕ 10673078000120-1-000028/2024-000001 (ata 00013/2024)
    ➕ 10673078000120-1-000028/2024-000002 (ata 00014/2024)
    ➕ 10673078000120-1-000030/2023-000001 (ata 00002/2023)
    ➕ 10673078000120-1-000030/2023-000002 (ata 00003/2023)
    ➕ 10673078000120-1-000030/2023-000003 (ata 00004/2023)
    ➕ 10673078000120-1-000030/2023-000004 (ata 00005/2023)
    ➕ 10673078000120-1-000030/2023-000005 (ata 00006/2023)
    ➕ 10673078000120-1-000030/2023-000006 (ata 00007/2023)
    ➕ 10673078000120-1-000030/2023-000007 (ata 00008/2023)
    ➕ 10673078000120-1-000030/2023-000008 (ata 00009/2023)
    ➕ 10673078000120-1-000030/2023-000009 (ata 00010/2023)
    ➕ 10673078000120-1-000030/2023-000010 (ata 00011/2023)
    ➕ 10673078000120-1-000030/2023-000011 (ata 00012/2023)
    ➕ 10673078000120-1-000030/2023-000012 (ata 00013/2023)
    ➕ 10673078000120-1-000030/2023-000013 (ata 00014/2023)
    ➕ 10673078000120-1-000030/2023-000014 (ata 00015/2023)
    ➕ 10673078000120-1-000030/2023-000015 (ata 00016/2023)
    ➕ 10673078000120-1-000030/2023-000016 (ata 00017/2023)
    ➕ 10673078000120-1-000030/2023-000017 (ata 00018/2023)
    ➕ 10673078000120-1-000030/2023-000018 (ata 00019/2023)
    ➕ 10673078000120-1-000034/2024-000001 (ata 00018/2024)
    ➕ 10673078000120-1-000034/2024-000002 (ata 00019/2024)
    ➕ 10673078000120-1-000034/2024-000003 (ata 00021/2024)
    ➕ 10673078000120-1-000034/2024-000004 (ata 00023/2024)
    ➕ 10673078000120-1-000034/2024-000005 (ata 00028/2024)
    ➕ 10673078000120-1-000034/2024-000006 (ata 00031/2024)
    ➕ 10673078000120-1-000034/2024-000007 (ata 00034/2024)
    ➕ 10673078000120-1-000034/2024-000008 (ata 00020/2024)
    ➕ 10673078000120-1-000034/2024-000009 (ata 00017/2024)
    ➕ 10673078000120-1-000034/2024-000010 (ata 00022/2024)
    ➕ 10673078000120-1-000034/2024-000011 (ata 00026/2024)
    ➕ 10673078000120-1-000034/2024-000012 (ata 00029/2024)
    ➕ 10673078000120-1-000034/2024-000013 (ata 00032/2024)
    ➕ 10673078000120-1-000034/2024-000014 (ata 00033/2024)
    ➕ 10673078000120-1-000034/2024-000015 (ata 00025/2024)
    ➕ 10673078000120-1-000034/2024-000016 (ata 00035/2024)
    ➕ 10673078000120-1-000034/2024-000017 (ata 00036/2024)
    ➕ 10673078000120-1-000034/2024-000018 (ata 00037/2024)
    ➕ 10673078000120-1-000034/2024-000019 (ata 00038/2024)
    ➕ 10673078000120-1-000034/2024-000020 (ata 00027/2024)
    ➕ 10673078000120-1-000034/2024-000021 (ata 00039/2024)
    ➕ 10673078000120-1-000034/2024-000022 (ata 00024/2024)
    ➕ 10673078000120-1-000034/2024-000023 (ata 00030/2024)
    ➕ 10673078000120-1-000036/2024-000001 (ata 00073/2024)
    ➕ 10673078000120-1-000036/2024-000002 (ata 00074/2024)
    ➕ 10673078000120-1-000036/2024-000003 (ata 00072/2024)
    ➕ 10673078000120-1-000038/2024-000001 (ata 00044/2024)
    ➕ 10673078000120-1-000038/2024-000002 (ata 00043/2024)
    ➕ 10673078000120-1-000038/2024-000003 (ata 00042/2024)
    ➕ 10673078000120-1-000038/2024-000004 (ata 00041/2024)
    ➕ 10673078000120-1-000043/2024-000001 (ata 00071/2024)
    ➕ 10673078000120-1-000047/2023-000001 (ata 00001/2023)
    ➕ 10673078000120-1-000052/2023-000001 (ata 00020/2023)
    ➕ 10673078000120-1-000052/2024-000001 (ata 00080/2024)
    ➕ 10673078000120-1-000052/2024-000002 (ata 00081/2024)
    ➕ 10673078000120-1-000056/2024-000001 (ata 00075/2024)
    ➕ 10673078000120-1-000056/2024-000002 (ata 00076/2024)
    ➕ 10673078000120-1-000056/2024-000003 (ata 00077/2024)
    ➕ 10673078000120-1-000056/2024-000004 (ata 00078/2024)
    ➕ 10673078000120-1-000056/2024-000005 (ata 00079/2024)
    ➕ 10673078000120-1-000057/2023-000001 (ata 00022/2023)
    ➕ 10673078000120-1-000057/2023-000002 (ata 00021/2023)
    ➕ 10673078000120-1-000057/2023-000003 (ata 00023/2023)
    ➕ 10673078000120-1-000057/2023-000004 (ata 00026/2023)
    ➕ 10673078000120-1-000057/2023-000005 (ata 00028/2023)
    ➕ 10673078000120-1-000057/2023-000006 (ata 00027/2023)
    ➕ 10673078000120-1-000057/2023-000007 (ata 00024/2023)
    ➕ 10673078000120-1-000057/2023-000008 (ata 00025/2023)
    ➕ 10673078000120-1-000057/2023-000009 (ata 00004/2024)
    ➕ 10673078000120-1-000068/2023-000001 (ata 00029/2023)
    ➕ 10673078000120-1-000068/2023-000002 (ata 00030/2023)
    ➕ 10673078000120-1-000068/2023-000003 (ata 00031/2023)
    ➕ 10673078000120-1-000068/2023-000004 (ata 00032/2023)
    ➕ 10673078000120-1-000068/2023-000005 (ata 00033/2023)
    ➕ 10673078000120-1-000068/2023-000006 (ata 00034/2023)
    ➕ 10673078000120-1-000068/2023-000007 (ata 00035/2023)
    ➕ 10673078000120-1-000068/2023-000008 (ata 00036/2023)
    ➕ 10673078000120-1-000068/2023-000009 (ata 00037/2023)
    ➕ 10673078000120-1-000068/2023-000010 (ata 00038/2023)
    ➕ 10673078000120-1-000068/2023-000011 (ata 00039/2023)
    ➕ 10673078000120-1-000068/2023-000012 (ata 00040/2023)
    ➕ 10673078000120-1-000068/2023-000013 (ata 00003/2024)
    ➕ 10673078000120-1-000070/2024-000001 (ata 00082/2024)
    ➕ 10673078000120-1-000070/2024-000002 (ata 00100/2024)
    ➕ 10673078000120-1-000070/2024-000003 (ata 00099/2024)
    ➕ 10673078000120-1-000070/2024-000004 (ata 00098/2024)
    ➕ 10673078000120-1-000070/2024-000005 (ata 00101/2024)
    ➕ 10673078000120-1-000070/2024-000006 (ata 00821/2024)
    ➕ 10673078000120-1-000070/2024-000007 (ata 00097/2024)
    ➕ 10673078000120-1-000072/2024-000001 (ata 00084/2024)
    ➕ 10673078000120-1-000072/2024-000002 (ata 00085/2024)
    ➕ 10673078000120-1-000072/2024-000003 (ata 00086/2024)
    ➕ 10673078000120-1-000072/2024-000004 (ata 00087/2024)
    ➕ 10673078000120-1-000072/2024-000005 (ata 00088/2024)
    ➕ 10673078000120-1-000072/2024-000006 (ata 00089/2024)
    ➕ 10673078000120-1-000072/2024-000007 (ata 00090/2024)
    ➕ 10673078000120-1-000072/2024-000008 (ata 00091/2024)
    ➕ 10673078000120-1-000072/2024-000009 (ata 00092/2024)
    ➕ 10673078000120-1-000072/2024-000010 (ata 00093/2024)
    ➕ 10673078000120-1-000072/2024-000011 (ata 00094/2024)
    ➕ 10673078000120-1-000072/2024-000012 (ata 00095/2024)
    ➕ 10673078000120-1-000072/2024-000013 (ata 00096/2024)
    ➕ 10673078000120-1-000076/2023-000001 (ata 00001/2024)
    ➕ 10673078000120-1-000076/2023-000002 (ata 00002/2024)
    ➕ 10673078000120-1-000077/2025-000017 (ata 00191/2025)
    ➕ 10673078000120-1-000080/2024-000001 (ata 90014/2024)
    ➕ 10673078000120-1-000080/2024-000003 (ata 91400/2024)
    ➕ 10673078000120-1-000080/2024-000004 (ata 00001/2026)
    ➕ 10673078000120-1-000087/2024-000001 (ata 00102/2024)
    ➕ 10673078000120-1-000092/2023-000001 (ata 00005/2024)
    ➕ 10673078000120-1-000094/2023-000001 (ata 00011/2024)
    ➕ 10673078000120-1-000095/2023-000001 (ata 00006/2024)
    ➕ 10673078000120-1-000095/2023-000002 (ata 00007/2024)
    ➕ 10673078000120-1-000095/2023-000003 (ata 00008/2024)
    ➕ 10673078000120-1-000095/2023-000004 (ata 00009/2024)
    ➕ 10673078000120-1-000096/2023-000001 (ata 00131/2023)
    ➕ 10673078000120-1-000096/2025-000001 (ata 00208/2025)
    ➕ 10673078000120-1-000097/2023-000001 (ata 00012/2024)
    ➕ 10673078000120-1-000100/2023-000001 (ata 00083/2024)
    ➕ 10673078000120-1-000103/2025-000005 (ata 00005/2026)
    ➕ 10673078000120-1-000109/2025-000001 (ata 90204/2025)
    ➕ 10673078000120-1-000113/2025-000001 (ata 00004/2026)
    ➕ 10673078000120-1-000114/2025-000001 (ata 00002/2026)
    ➕ 10673078000120-1-000114/2025-000002 (ata 00003/2026)
  💾 atas_manuais.json salvo: 156 ata(s) total (156 nova(s))

🔄 Regenerando atas.csv com as novas entradas manuais...
📂 5 arquivo(s) de atas encontrado(s). Processando...

✅ CSV gerado: data\atas.csv
   Atas únicas   : 360
   Atas excluídas: 0
   Colunas       : 22
  ✅ Mapa de atas carregado: 62 compras | 360 atas conhecidas


✅ CSV gerado: data\atas_itens.csv
   Itens únicos     : 2961
   Material         : 2406
   Serviço          : 555
   Excluídos        : 0
   Sem id_compra    : 8
   Sem numero_compra: 8
   Colunas          : 35
09:22:09 | INFO     | ============================================================
09:22:09 | INFO     | 💰 INICIANDO EXTRAÇÃO DE SALDOS DAS ATAS
   UASG             : RT (158132)
   Validade cache   : 3 dias
   A extrair/atualizar: 288

🚀 INICIANDO EXTRAÇÃO DE SALDOS | WORKERS: 3 | TOTAL: 288

[09:22:31] ❌ ERRO_400 | RT | 00002/2023 | 1/288 (0.3%) | Falhas: 1
[09:22:31] ❌ ERRO_400 | RT | 00003/2026 | 2/288 (0.7%) | Falhas: 2
[09:22:31] ❌ ERRO_400 | RT | 00001/2025 | 3/288 (1.0%) | Falhas: 3
[09:22:52] ❌ ERRO_400 | RT | 00004/2026 | 4/288 (1.4%) | Falhas: 4
[09:22:52] ❌ ERRO_400 | RT | 00006/2025 | 5/288 (1.7%) | Falhas: 5
[09:22:52] ❌ ERRO_400 | RT | 00006/2026 | 6/288 (2.1%) | Falhas: 6
[09:23:12] ❌ ERRO_400 | RT | 00007/2024 | 7/288 (2.4%) | Falhas: 7
[09:23:12] ❌ ERRO_400 | RT | 00008/2024 | 8/288 (2.8%) | Falhas: 8
[09:23:50] ✅ DONE | RT | 00009/2023 | 9/288 (3.1%) | Falhas: 8
[09:23:50] ✅ DONE | RT | 00007/2026 | 10/288 (3.5%) | Falhas: 8
[09:23:51] ❌ ERRO_400 | RT | 00008/2025 | 11/288 (3.8%) | Falhas: 9
[09:24:24] ✅ DONE | RT | 00009/2024 | 12/288 (4.2%) | Falhas: 9
[09:24:24] ❌ ERRO_400 | RT | 00010/2023 | 13/288 (4.5%) | Falhas: 10
[09:24:27] ❌ ERRO_400 | RT | 00009/2025 | 14/288 (4.9%) | Falhas: 11
[09:24:47] ❌ ERRO_400 | RT | 00011/2023 | 15/288 (5.2%) | Falhas: 12
[09:25:00] ✅ DONE | RT | 00010/2024 | 16/288 (5.6%) | Falhas: 12
[09:25:06] ❌ ERRO_400 | RT | 00010/2025 | 17/288 (5.9%) | Falhas: 13
[09:25:08] ❌ ERRO_400 | RT | 00011/2025 | 18/288 (6.2%) | Falhas: 14
[09:25:21] ❌ ERRO_400 | RT | 00012/2023 | 19/288 (6.6%) | Falhas: 15
[09:25:26] ❌ ERRO_400 | RT | 00012/2024 | 20/288 (6.9%) | Falhas: 16
[09:25:28] ❌ ERRO_400 | RT | 00013/2023 | 21/288 (7.3%) | Falhas: 17
[09:25:49] ❌ ERRO_400 | RT | 00014/2024 | 22/288 (7.6%) | Falhas: 18
[09:25:55] ✅ DONE | RT | 00014/2023 | 23/288 (8.0%) | Falhas: 18
[09:26:00] ✅ DONE | RT | 00013/2024 | 24/288 (8.3%) | Falhas: 18
[09:26:09] ❌ ERRO_400 | RT | 00015/2023 | 25/288 (8.7%) | Falhas: 19
[09:26:20] ❌ ERRO_400 | RT | 00015/2025 | 26/288 (9.0%) | Falhas: 20
[09:26:30] ❌ ERRO_400 | RT | 00016/2023 | 27/288 (9.4%) | Falhas: 21
[09:26:36] ❌ ERRO_400 | RT | 00015/2024 | 28/288 (9.7%) | Falhas: 22
[09:26:41] ❌ ERRO_400 | RT | 00016/2024 | 29/288 (10.1%) | Falhas: 23
[09:26:50] ❌ ERRO_400 | RT | 00016/2025 | 30/288 (10.4%) | Falhas: 24
[09:26:56] ❌ ERRO_400 | RT | 00017/2023 | 31/288 (10.8%) | Falhas: 25
[09:27:01] ❌ ERRO_400 | RT | 00017/2024 | 32/288 (11.1%) | Falhas: 26
[09:27:11] ❌ ERRO_400 | RT | 00017/2025 | 33/288 (11.5%) | Falhas: 27
[09:27:17] ❌ ERRO_400 | RT | 00018/2023 | 34/288 (11.8%) | Falhas: 28
[09:27:21] ❌ ERRO_400 | RT | 00018/2024 | 35/288 (12.2%) | Falhas: 29
[09:27:31] ❌ ERRO_400 | RT | 00018/2025 | 36/288 (12.5%) | Falhas: 30
[09:27:37] ❌ ERRO_400 | RT | 00019/2023 | 37/288 (12.8%) | Falhas: 31
[09:27:42] ❌ ERRO_400 | RT | 00019/2024 | 38/288 (13.2%) | Falhas: 32
[09:27:52] ❌ ERRO_400 | RT | 00019/2025 | 39/288 (13.5%) | Falhas: 33
[09:27:58] ❌ ERRO_400 | RT | 00020/2023 | 40/288 (13.9%) | Falhas: 34
[09:28:02] ❌ ERRO_400 | RT | 00020/2024 | 41/288 (14.2%) | Falhas: 35
[09:28:12] ❌ ERRO_400 | RT | 00020/2025 | 42/288 (14.6%) | Falhas: 36
[09:28:18] ❌ ERRO_400 | RT | 00021/2023 | 43/288 (14.9%) | Falhas: 37
[09:28:23] ❌ ERRO_400 | RT | 00021/2024 | 44/288 (15.3%) | Falhas: 38
[09:28:32] ❌ ERRO_400 | RT | 00021/2025 | 45/288 (15.6%) | Falhas: 39
[09:28:39] ❌ ERRO_400 | RT | 00022/2023 | 46/288 (16.0%) | Falhas: 40
[09:28:43] ❌ ERRO_400 | RT | 00022/2024 | 47/288 (16.3%) | Falhas: 41
[09:28:59] ❌ ERRO_400 | RT | 00023/2023 | 48/288 (16.7%) | Falhas: 42
[09:29:04] ❌ ERRO_400 | RT | 00023/2024 | 49/288 (17.0%) | Falhas: 43
[09:29:14] ✅ DONE | RT | 00022/2025 | 50/288 (17.4%) | Falhas: 43
[09:29:20] ❌ ERRO_400 | RT | 00023/2025 | 51/288 (17.7%) | Falhas: 44
[09:29:24] ❌ ERRO_400 | RT | 00024/2023 | 52/288 (18.1%) | Falhas: 45
[09:29:34] ❌ ERRO_400 | RT | 00024/2025 | 53/288 (18.4%) | Falhas: 46
[09:29:40] ❌ ERRO_400 | RT | 00025/2023 | 54/288 (18.8%) | Falhas: 47
[09:29:45] ❌ ERRO_400 | RT | 00025/2025 | 55/288 (19.1%) | Falhas: 48
[09:29:55] ❌ ERRO_400 | RT | 00026/2023 | 56/288 (19.4%) | Falhas: 49
[09:30:00] ❌ ERRO_400 | RT | 00026/2024 | 57/288 (19.8%) | Falhas: 50
[09:30:05] ❌ ERRO_400 | RT | 00026/2025 | 58/288 (20.1%) | Falhas: 51
[09:30:15] ❌ ERRO_400 | RT | 00027/2023 | 59/288 (20.5%) | Falhas: 52
[09:30:21] ❌ ERRO_400 | RT | 00027/2024 | 60/288 (20.8%) | Falhas: 53
[09:30:25] ❌ ERRO_400 | RT | 00027/2025 | 61/288 (21.2%) | Falhas: 54
[09:30:35] ❌ ERRO_400 | RT | 00028/2023 | 62/288 (21.5%) | Falhas: 55
[09:30:56] ❌ ERRO_400 | RT | 00029/2025 | 63/288 (21.9%) | Falhas: 56
[09:31:02] ❌ ERRO_400 | RT | 00028/2024 | 64/288 (22.2%) | Falhas: 57
[09:31:05] ❌ ERRO_400 | RT | 00028/2025 | 65/288 (22.6%) | Falhas: 58
[09:31:17] ❌ ERRO_400 | RT | 00030/2023 | 66/288 (22.9%) | Falhas: 59
[09:31:22] ❌ ERRO_400 | RT | 00030/2025 | 67/288 (23.3%) | Falhas: 60
[09:31:46] ❌ ERRO_400 | RT | 00031/2023 | 68/288 (23.6%) | Falhas: 61
[09:31:55] ❌ ERRO_400 | RT | 00031/2024 | 69/288 (24.0%) | Falhas: 62
[09:32:02] ❌ ERRO_400 | RT | 00031/2025 | 70/288 (24.3%) | Falhas: 63
[09:32:07] ❌ ERRO_400 | RT | 00032/2023 | 71/288 (24.7%) | Falhas: 64
[09:32:22] ❌ ERRO_400 | RT | 00032/2025 | 72/288 (25.0%) | Falhas: 65
[09:32:35] ❌ ERRO_400 | RT | 00032/2024 | 73/288 (25.3%) | Falhas: 66
[09:32:43] ✅ DONE | RT | 00033/2023 | 74/288 (25.7%) | Falhas: 66
[09:32:58] ✅ DONE | RT | 00033/2024 | 75/288 (26.0%) | Falhas: 66
[09:33:04] ❌ ERRO_400 | RT | 00034/2023 | 76/288 (26.4%) | Falhas: 67
[09:33:07] ✅ DONE | RT | 00033/2025 | 77/288 (26.7%) | Falhas: 67
[09:33:18] ❌ ERRO_400 | RT | 00034/2024 | 78/288 (27.1%) | Falhas: 68
[09:33:24] ❌ ERRO_400 | RT | 00034/2025 | 79/288 (27.4%) | Falhas: 69
[09:33:28] ❌ ERRO_400 | RT | 00035/2023 | 80/288 (27.8%) | Falhas: 70
[09:33:39] ❌ ERRO_400 | RT | 00035/2024 | 81/288 (28.1%) | Falhas: 71
[09:33:45] ❌ ERRO_400 | RT | 00035/2025 | 82/288 (28.5%) | Falhas: 72
[09:33:48] ❌ ERRO_400 | RT | 00036/2023 | 83/288 (28.8%) | Falhas: 73
[09:34:14] ✅ DONE | RT | 00036/2024 | 84/288 (29.2%) | Falhas: 73
[09:34:24] ✅ DONE | RT | 00036/2025 | 85/288 (29.5%) | Falhas: 73
[09:34:25] ✅ DONE | RT | 00037/2025 | 86/288 (29.9%) | Falhas: 73
[09:34:44] ❌ ERRO_400 | RT | 00039/2023 | 87/288 (30.2%) | Falhas: 74
[09:34:45] ❌ ERRO_400 | RT | 00039/2024 | 88/288 (30.6%) | Falhas: 75
[09:34:57] ✅ DONE | RT | 00038/2023 | 89/288 (30.9%) | Falhas: 75
[09:35:06] ❌ ERRO_400 | RT | 00040/2023 | 90/288 (31.2%) | Falhas: 76
[09:35:16] ✅ DONE | RT | 00039/2025 | 91/288 (31.6%) | Falhas: 76
[09:35:17] ❌ ERRO_400 | RT | 00040/2025 | 92/288 (31.9%) | Falhas: 77
[09:35:27] ❌ ERRO_400 | RT | 00041/2024 | 93/288 (32.3%) | Falhas: 78
[09:35:37] ❌ ERRO_400 | RT | 00041/2025 | 94/288 (32.6%) | Falhas: 79
[09:35:47] ❌ ERRO_400 | RT | 00042/2025 | 95/288 (33.0%) | Falhas: 80
[09:36:00] ✅ DONE | RT | 00042/2024 | 96/288 (33.3%) | Falhas: 80
[09:36:08] ❌ ERRO_400 | RT | 00043/2025 | 97/288 (33.7%) | Falhas: 81
[09:36:14] ❌ ERRO_400 | RT | 00043/2024 | 98/288 (34.0%) | Falhas: 82
[09:36:20] ❌ ERRO_400 | RT | 00044/2024 | 99/288 (34.4%) | Falhas: 83
[09:36:28] ❌ ERRO_400 | RT | 00044/2025 | 100/288 (34.7%) | Falhas: 84
[09:36:41] ❌ ERRO_400 | RT | 00045/2025 | 101/288 (35.1%) | Falhas: 85
[09:36:49] ❌ ERRO_400 | RT | 00046/2024 | 102/288 (35.4%) | Falhas: 86
[09:36:54] ❌ ERRO_400 | RT | 00045/2024 | 103/288 (35.8%) | Falhas: 87
[09:37:09] ❌ ERRO_400 | RT | 00047/2024 | 104/288 (36.1%) | Falhas: 88
[09:37:19] ✅ DONE | RT | 00046/2025 | 105/288 (36.5%) | Falhas: 88
[09:37:30] ✅ DONE | RT | 00047/2025 | 106/288 (36.8%) | Falhas: 88
[09:37:40] ❌ ERRO_400 | RT | 00048/2025 | 107/288 (37.2%) | Falhas: 89
[09:37:49] ❌ ERRO_400 | RT | 00048/2024 | 108/288 (37.5%) | Falhas: 90
[09:38:01] ✅ DONE | RT | 00049/2024 | 109/288 (37.8%) | Falhas: 90
[09:38:09] ❌ ERRO_400 | RT | 00050/2024 | 110/288 (38.2%) | Falhas: 91
[09:38:21] ✅ DONE | RT | 00049/2025 | 111/288 (38.5%) | Falhas: 91
[09:38:40] ✅ DONE | RT | 00050/2025 | 112/288 (38.9%) | Falhas: 91
[09:38:45] ✅ DONE | RT | 00051/2024 | 113/288 (39.2%) | Falhas: 91
[09:38:57] ✅ DONE | RT | 00051/2025 | 114/288 (39.6%) | Falhas: 91
[09:39:06] ❌ ERRO_400 | RT | 00052/2025 | 115/288 (39.9%) | Falhas: 92
[09:39:18] ❌ ERRO_400 | RT | 00053/2024 | 116/288 (40.3%) | Falhas: 93
[09:39:20] ✅ DONE | RT | 00052/2024 | 117/288 (40.6%) | Falhas: 93
[09:39:48] ❌ ERRO_400 | RT | 00053/2025 | 118/288 (41.0%) | Falhas: 94
[09:39:58] ❌ ERRO_400 | RT | 00054/2025 | 119/288 (41.3%) | Falhas: 95
[09:40:02] ❌ ERRO_400 | RT | 00055/2024 | 120/288 (41.7%) | Falhas: 96
[09:40:09] ❌ ERRO_400 | RT | 00057/2024 | 121/288 (42.0%) | Falhas: 97
[09:40:18] ❌ ERRO_400 | RT | 00067/2024 | 122/288 (42.4%) | Falhas: 98
[09:40:23] ❌ ERRO_400 | RT | 00068/2024 | 123/288 (42.7%) | Falhas: 99
[09:40:39] ❌ ERRO_400 | RT | 00069/2024 | 124/288 (43.1%) | Falhas: 100
[09:40:43] ❌ ERRO_400 | RT | 00069/2025 | 125/288 (43.4%) | Falhas: 101
[09:40:46] ✅ DONE | RT | 00068/2025 | 126/288 (43.8%) | Falhas: 101
[09:41:00] ❌ ERRO_400 | RT | 00070/2024 | 127/288 (44.1%) | Falhas: 102
[09:41:24] ❌ ERRO_400 | RT | 00070/2025 | 128/288 (44.4%) | Falhas: 103
[09:41:26] ❌ ERRO_400 | RT | 00071/2024 | 129/288 (44.8%) | Falhas: 104
[09:41:33] ❌ ERRO_400 | RT | 00071/2025 | 130/288 (45.1%) | Falhas: 105
[09:41:45] ❌ ERRO_400 | RT | 00072/2024 | 131/288 (45.5%) | Falhas: 106
[09:41:46] ❌ ERRO_400 | RT | 00072/2025 | 132/288 (45.8%) | Falhas: 107
[09:42:05] ❌ ERRO_400 | RT | 00073/2025 | 133/288 (46.2%) | Falhas: 108
[09:42:06] ❌ ERRO_400 | RT | 00074/2024 | 134/288 (46.5%) | Falhas: 109
[09:42:16] ✅ DONE | RT | 00073/2024 | 135/288 (46.9%) | Falhas: 109
[09:42:26] ❌ ERRO_400 | RT | 00074/2025 | 136/288 (47.2%) | Falhas: 110
[09:42:27] ❌ ERRO_400 | RT | 00076/2024 | 137/288 (47.6%) | Falhas: 111
[09:42:36] ❌ ERRO_400 | RT | 00076/2025 | 138/288 (47.9%) | Falhas: 112
[09:42:46] ❌ ERRO_400 | RT | 00077/2024 | 139/288 (48.3%) | Falhas: 113
[09:42:47] ❌ ERRO_400 | RT | 00077/2025 | 140/288 (48.6%) | Falhas: 114
[09:43:07] ❌ ERRO_400 | RT | 00078/2025 | 141/288 (49.0%) | Falhas: 115
[09:43:18] ❌ ERRO_400 | RT | 00078/2024 | 142/288 (49.3%) | Falhas: 116
[09:43:28] ❌ ERRO_400 | RT | 00079/2025 | 143/288 (49.7%) | Falhas: 117
[09:43:28] ❌ ERRO_400 | RT | 00079/2024 | 144/288 (50.0%) | Falhas: 118
[09:43:38] ❌ ERRO_400 | RT | 00081/2024 | 145/288 (50.3%) | Falhas: 119
[09:43:48] ❌ ERRO_400 | RT | 00081/2025 | 146/288 (50.7%) | Falhas: 120
[09:44:09] ❌ ERRO_400 | RT | 00084/2024 | 147/288 (51.0%) | Falhas: 121
[09:44:10] ❌ ERRO_400 | RT | 00083/2024 | 148/288 (51.4%) | Falhas: 122
[09:44:12] ✅ DONE | RT | 00083/2025 | 149/288 (51.7%) | Falhas: 122
[09:44:29] ❌ ERRO_400 | RT | 00084/2025 | 150/288 (52.1%) | Falhas: 123
[09:44:30] ❌ ERRO_400 | RT | 00085/2024 | 151/288 (52.4%) | Falhas: 124
[09:44:32] ❌ ERRO_400 | RT | 00086/2025 | 152/288 (52.8%) | Falhas: 125
[09:44:50] ❌ ERRO_400 | RT | 00088/2024 | 153/288 (53.1%) | Falhas: 126
[09:44:53] ❌ ERRO_400 | RT | 00088/2025 | 154/288 (53.5%) | Falhas: 127
[09:45:07] ✅ DONE | RT | 00087/2024 | 155/288 (53.8%) | Falhas: 127
[09:45:11] ❌ ERRO_400 | RT | 00089/2024 | 156/288 (54.2%) | Falhas: 128
[09:45:13] ❌ ERRO_400 | RT | 00089/2025 | 157/288 (54.5%) | Falhas: 129
[09:45:28] ❌ ERRO_400 | RT | 00090/2024 | 158/288 (54.9%) | Falhas: 130
[09:45:31] ❌ ERRO_400 | RT | 00090/2025 | 159/288 (55.2%) | Falhas: 131
[09:45:33] ❌ ERRO_400 | RT | 00091/2024 | 160/288 (55.6%) | Falhas: 132
[09:45:48] ❌ ERRO_400 | RT | 00091/2025 | 161/288 (55.9%) | Falhas: 133
[09:45:52] ❌ ERRO_400 | RT | 00092/2024 | 162/288 (56.2%) | Falhas: 134
[09:45:54] ❌ ERRO_400 | RT | 00092/2025 | 163/288 (56.6%) | Falhas: 135
[09:46:08] ❌ ERRO_400 | RT | 00093/2024 | 164/288 (56.9%) | Falhas: 136
[09:46:12] ❌ ERRO_400 | RT | 00093/2025 | 165/288 (57.3%) | Falhas: 137
[09:46:14] ❌ ERRO_400 | RT | 00094/2024 | 166/288 (57.6%) | Falhas: 138
[09:46:29] ❌ ERRO_400 | RT | 00094/2025 | 167/288 (58.0%) | Falhas: 139
[09:46:33] ❌ ERRO_400 | RT | 00095/2024 | 168/288 (58.3%) | Falhas: 140
[09:46:50] ❌ ERRO_400 | RT | 00096/2024 | 169/288 (58.7%) | Falhas: 141
[09:46:53] ❌ ERRO_400 | RT | 00096/2025 | 170/288 (59.0%) | Falhas: 142
[09:46:55] ✅ DONE | RT | 00095/2025 | 171/288 (59.4%) | Falhas: 142
[09:47:10] ❌ ERRO_400 | RT | 00097/2024 | 172/288 (59.7%) | Falhas: 143
[09:47:14] ❌ ERRO_400 | RT | 00097/2025 | 173/288 (60.1%) | Falhas: 144
[09:47:15] ❌ ERRO_400 | RT | 00098/2024 | 174/288 (60.4%) | Falhas: 145
[09:47:34] ❌ ERRO_400 | RT | 00099/2024 | 175/288 (60.8%) | Falhas: 146
[09:47:36] ❌ ERRO_400 | RT | 00099/2025 | 176/288 (61.1%) | Falhas: 147
[09:47:50] ✅ DONE | RT | 00098/2025 | 177/288 (61.5%) | Falhas: 147
[09:47:56] ❌ ERRO_400 | RT | 00100/2025 | 178/288 (61.8%) | Falhas: 148
[09:48:10] ❌ ERRO_400 | RT | 00101/2024 | 179/288 (62.2%) | Falhas: 149
[09:48:15] ❌ ERRO_400 | RT | 00100/2024 | 180/288 (62.5%) | Falhas: 150
[09:48:39] ✅ DONE | RT | 00102/2025 | 181/288 (62.8%) | Falhas: 150
[09:48:39] ✅ DONE | RT | 00102/2024 | 182/288 (63.2%) | Falhas: 150
[09:48:47] ✅ DONE | RT | 00104/2025 | 183/288 (63.5%) | Falhas: 150
[09:49:17] ❌ ERRO_400 | RT | 00105/2025 | 184/288 (63.9%) | Falhas: 151
[09:49:17] ❌ ERRO_400 | RT | 00106/2025 | 185/288 (64.2%) | Falhas: 152
[09:49:23] ❌ ERRO_400 | RT | 00107/2025 | 186/288 (64.6%) | Falhas: 153
[09:49:44] ❌ ERRO_400 | RT | 00110/2025 | 187/288 (64.9%) | Falhas: 154
[09:49:55] ✅ DONE | RT | 00109/2025 | 188/288 (65.3%) | Falhas: 154
[09:49:59] ❌ ERRO_400 | RT | 00108/2025 | 189/288 (65.6%) | Falhas: 155
[09:50:29] ✅ DONE | RT | 00112/2025 | 190/288 (66.0%) | Falhas: 155
[09:50:35] ✅ DONE | RT | 00115/2025 | 191/288 (66.3%) | Falhas: 155
[09:50:35] ✅ DONE | RT | 00113/2025 | 192/288 (66.7%) | Falhas: 155
[09:50:55] ❌ ERRO_400 | RT | 00118/2025 | 193/288 (67.0%) | Falhas: 156
[09:51:09] ✅ DONE | RT | 00117/2025 | 194/288 (67.4%) | Falhas: 156
[09:51:13] ✅ DONE | RT | 00120/2025 | 195/288 (67.7%) | Falhas: 156
[09:51:16] ❌ ERRO_400 | RT | 00121/2025 | 196/288 (68.1%) | Falhas: 157
[09:51:25] ✅ DONE | RT | 00124/2025 | 197/288 (68.4%) | Falhas: 157
[09:51:34] ❌ ERRO_400 | RT | 00123/2025 | 198/288 (68.8%) | Falhas: 158
[09:51:36] ✅ DONE | RT | 00122/2025 | 199/288 (69.1%) | Falhas: 158
[09:51:45] ✅ DONE | RT | 00126/2025 | 200/288 (69.4%) | Falhas: 158
[09:52:04] ❌ ERRO_400 | RT | 00125/2025 | 201/288 (69.8%) | Falhas: 159
[09:52:07] ❌ ERRO_400 | RT | 00127/2025 | 202/288 (70.1%) | Falhas: 160
[09:52:25] ❌ ERRO_400 | RT | 00128/2025 | 203/288 (70.5%) | Falhas: 161
[09:52:42] ❌ ERRO_400 | RT | 00129/2025 | 204/288 (70.8%) | Falhas: 162
[09:52:49] ✅ DONE | RT | 00130/2025 | 205/288 (71.2%) | Falhas: 162
[09:53:03] ❌ ERRO_400 | RT | 00131/2025 | 206/288 (71.5%) | Falhas: 163
[09:53:05] ❌ ERRO_400 | RT | 00131/2023 | 207/288 (71.9%) | Falhas: 164
[09:53:09] ❌ ERRO_400 | RT | 00132/2025 | 208/288 (72.2%) | Falhas: 165
[09:53:25] ❌ ERRO_400 | RT | 00134/2025 | 209/288 (72.6%) | Falhas: 166
[09:53:30] ❌ ERRO_400 | RT | 00135/2025 | 210/288 (72.9%) | Falhas: 167
[09:53:43] ❌ ERRO_400 | RT | 00133/2025 | 211/288 (73.3%) | Falhas: 168
[09:53:50] ❌ ERRO_400 | RT | 00137/2025 | 212/288 (73.6%) | Falhas: 169
[09:54:04] ❌ ERRO_400 | RT | 00138/2025 | 213/288 (74.0%) | Falhas: 170
[09:54:06] ❌ ERRO_400 | RT | 00136/2025 | 214/288 (74.3%) | Falhas: 171
[09:54:10] ❌ ERRO_400 | RT | 00139/2025 | 215/288 (74.7%) | Falhas: 172
[09:54:24] ❌ ERRO_400 | RT | 00140/2025 | 216/288 (75.0%) | Falhas: 173
[09:54:26] ❌ ERRO_400 | RT | 00141/2025 | 217/288 (75.3%) | Falhas: 174
[09:54:31] ❌ ERRO_400 | RT | 00142/2025 | 218/288 (75.7%) | Falhas: 175
[09:54:51] ❌ ERRO_400 | RT | 00145/2025 | 219/288 (76.0%) | Falhas: 176
[09:55:05] ❌ ERRO_400 | RT | 00143/2025 | 220/288 (76.4%) | Falhas: 177
[09:55:06] ❌ ERRO_400 | RT | 00144/2025 | 221/288 (76.7%) | Falhas: 178
[09:55:12] ❌ ERRO_400 | RT | 00146/2025 | 222/288 (77.1%) | Falhas: 179
[09:55:25] ❌ ERRO_400 | RT | 00147/2025 | 223/288 (77.4%) | Falhas: 180
[09:55:26] ❌ ERRO_400 | RT | 00148/2025 | 224/288 (77.8%) | Falhas: 181
[09:55:46] ❌ ERRO_400 | RT | 00151/2025 | 225/288 (78.1%) | Falhas: 182
[09:55:50] ❌ ERRO_400 | RT | 00149/2025 | 226/288 (78.5%) | Falhas: 183
[09:56:07] ❌ ERRO_400 | RT | 00150/2025 | 227/288 (78.8%) | Falhas: 184
[09:56:07] ❌ ERRO_400 | RT | 00152/2025 | 228/288 (79.2%) | Falhas: 185
[09:56:27] ❌ ERRO_400 | RT | 00155/2025 | 229/288 (79.5%) | Falhas: 186
[09:56:32] ❌ ERRO_400 | RT | 00153/2025 | 230/288 (79.9%) | Falhas: 187
[09:56:47] ✅ DONE | RT | 00154/2025 | 231/288 (80.2%) | Falhas: 187
[09:56:52] ❌ ERRO_400 | RT | 00157/2025 | 232/288 (80.6%) | Falhas: 188
[09:57:03] ✅ DONE | RT | 00156/2025 | 233/288 (80.9%) | Falhas: 188
[09:57:27] ✅ DONE | RT | 00158/2025 | 234/288 (81.2%) | Falhas: 188
[09:57:28] ✅ DONE | RT | 00159/2025 | 235/288 (81.6%) | Falhas: 188
[09:57:44] ✅ DONE | RT | 00160/2025 | 236/288 (81.9%) | Falhas: 188
[09:57:48] ❌ ERRO_400 | RT | 00161/2025 | 237/288 (82.3%) | Falhas: 189
[09:57:56] ✅ DONE | RT | 00162/2025 | 238/288 (82.6%) | Falhas: 189
[09:58:05] ❌ ERRO_400 | RT | 00163/2025 | 239/288 (83.0%) | Falhas: 190
[09:58:16] ❌ ERRO_400 | RT | 00165/2025 | 240/288 (83.3%) | Falhas: 191
[09:58:29] ❌ ERRO_400 | RT | 00164/2025 | 241/288 (83.7%) | Falhas: 192
[09:58:42] ✅ DONE | RT | 00166/2025 | 242/288 (84.0%) | Falhas: 192
[09:58:49] ❌ ERRO_400 | RT | 00168/2025 | 243/288 (84.4%) | Falhas: 193
[09:58:51] ❌ ERRO_400 | RT | 00167/2025 | 244/288 (84.7%) | Falhas: 194
[09:59:10] ❌ ERRO_400 | RT | 00170/2025 | 245/288 (85.1%) | Falhas: 195
[09:59:12] ❌ ERRO_400 | RT | 00171/2025 | 246/288 (85.4%) | Falhas: 196
[09:59:14] ✅ DONE | RT | 00169/2025 | 247/288 (85.8%) | Falhas: 196
[09:59:34] ❌ ERRO_400 | RT | 00174/2025 | 248/288 (86.1%) | Falhas: 197
[09:59:44] ✅ DONE | RT | 00172/2025 | 249/288 (86.5%) | Falhas: 197
[09:59:50] ❌ ERRO_400 | RT | 00173/2025 | 250/288 (86.8%) | Falhas: 198
[09:59:54] ✅ DONE | RT | 00175/2025 | 251/288 (87.2%) | Falhas: 198
[10:00:16] ✅ DONE | RT | 00177/2025 | 252/288 (87.5%) | Falhas: 198
[10:00:32] ❌ ERRO_400 | RT | 00179/2025 | 253/288 (87.8%) | Falhas: 199
[10:00:32] ❌ ERRO_400 | RT | 00178/2025 | 254/288 (88.2%) | Falhas: 200
[10:00:37] ❌ ERRO_400 | RT | 00180/2025 | 255/288 (88.5%) | Falhas: 201
[10:00:53] ❌ ERRO_400 | RT | 00181/2025 | 256/288 (88.9%) | Falhas: 202
[10:00:53] ❌ ERRO_400 | RT | 00182/2025 | 257/288 (89.2%) | Falhas: 203
[10:00:57] ❌ ERRO_400 | RT | 00183/2025 | 258/288 (89.6%) | Falhas: 204
[10:01:13] ❌ ERRO_400 | RT | 00187/2025 | 259/288 (89.9%) | Falhas: 205
[10:01:13] ❌ ERRO_400 | RT | 00188/2025 | 260/288 (90.3%) | Falhas: 206
[10:01:17] ❌ ERRO_400 | RT | 00189/2025 | 261/288 (90.6%) | Falhas: 207
[10:01:34] ❌ ERRO_400 | RT | 00192/2025 | 262/288 (91.0%) | Falhas: 208
[10:01:34] ❌ ERRO_400 | RT | 00191/2025 | 263/288 (91.3%) | Falhas: 209
[10:01:54] ✅ DONE | RT | 00194/2025 | 264/288 (91.7%) | Falhas: 209
[10:01:54] ❌ ERRO_400 | RT | 00195/2025 | 265/288 (92.0%) | Falhas: 210
[10:02:11] ❌ ERRO_400 | RT | 00196/2025 | 266/288 (92.4%) | Falhas: 211
[10:02:15] ❌ ERRO_400 | RT | 00197/2025 | 267/288 (92.7%) | Falhas: 212
[10:02:15] ❌ ERRO_400 | RT | 00199/2025 | 268/288 (93.1%) | Falhas: 213
[10:02:32] ❌ ERRO_400 | RT | 00200/2025 | 269/288 (93.4%) | Falhas: 214
[10:02:53] ✅ DONE | RT | 00202/2025 | 270/288 (93.8%) | Falhas: 214
[10:02:56] ❌ ERRO_400 | RT | 00201/2025 | 271/288 (94.1%) | Falhas: 215
[10:03:09] ✅ DONE | RT | 00205/2025 | 272/288 (94.4%) | Falhas: 215
[10:03:13] ❌ ERRO_400 | RT | 00206/2025 | 273/288 (94.8%) | Falhas: 216
[10:03:34] ✅ DONE | RT | 00207/2025 | 274/288 (95.1%) | Falhas: 216
[10:03:34] ❌ ERRO_400 | RT | 00209/2025 | 275/288 (95.5%) | Falhas: 217
[10:03:51] ✅ DONE | RT | 00208/2025 | 276/288 (95.8%) | Falhas: 217
[10:04:07] ✅ DONE | RT | 00210/2025 | 277/288 (96.2%) | Falhas: 217
[10:04:14] ❌ ERRO_400 | RT | 00211/2025 | 278/288 (96.5%) | Falhas: 218
[10:04:26] ❌ ERRO_400 | RT | 00212/2025 | 279/288 (96.9%) | Falhas: 219
[10:04:27] ❌ ERRO_400 | RT | 00213/2025 | 280/288 (97.2%) | Falhas: 220
[10:04:55] ❌ ERRO_400 | RT | 00214/2025 | 281/288 (97.6%) | Falhas: 221
[10:05:05] ✅ DONE | RT | 00215/2025 | 282/288 (97.9%) | Falhas: 221
[10:05:06] ✅ DONE | RT | 00263/2025 | 283/288 (98.3%) | Falhas: 221
[10:05:15] ❌ ERRO_400 | RT | 00821/2024 | 284/288 (98.6%) | Falhas: 222
[10:05:36] ❌ ERRO_400 | RT | 91400/2024 | 285/288 (99.0%) | Falhas: 223
[10:05:47] ❌ ERRO_400 | RT | 90014/2024 | 286/288 (99.3%) | Falhas: 224
[10:05:48] ✅ DONE | RT | 90204/2025 | 287/288 (99.7%) | Falhas: 224
[10:05:56] ❌ ERRO_400 | RT | 99263/2025 | 288/288 (100.0%) | Falhas: 225

✅ FIM | Falhas: 225 | SKIPs: 0
10:05:56 | INFO     | ============================================================
10:05:56 | INFO     | 📤 GERANDO atas_saldos.csv...
📂 369 arquivo(s) de saldos encontrado(s). Processando...

✅ CSV gerado: data\atas_saldos.csv
   Registros        : 2358
   Participantes    : 2101
   Não participantes: 150
   Colunas          : 12
10:05:57 | INFO     | ============================================================
10:05:57 | INFO     | 🏢 INICIANDO EXTRAÇÃO DE UNIDADES PARTICIPANTES
   UASG        : RT (158132)
   A extrair   : 0

⏭️  Tudo em cache. Nada a extrair.
10:06:08 | INFO     | ============================================================
10:06:08 | INFO     | 📤 GERANDO atas_unidades.csv...
📂 2961 arquivo(s) de unidades encontrado(s). Processando...

✅ CSV gerado: data\atas_unidades.csv
   Registros        : 9567
   Participantes    : 6621
   Não participantes: 2946
   Aceita adesão    : 3735
   Colunas          : 27
10:06:09 | INFO     | ============================================================
10:06:09 | INFO     | ============================================================
10:06:09 | INFO     | 📊 RESUMO FINAL
10:06:09 | INFO     |   Falhas compras        : 5
10:06:09 | INFO     |   Falhas itens          : 5
10:06:09 | INFO     |   Falhas atas           : 3
10:06:09 | INFO     |   Falhas atas_itens     : 0
10:06:09 | INFO     |   Falhas atas_saldos    : 225
10:06:09 | INFO     |   Falhas atas_unidades  : 0
10:06:09 | INFO     | ⚠️  Pipeline finalizado com 238 falha(s).