11:39:51 | INFO     | 🚀 INICIANDO PIPELINE DE EXTRAÇÃO DE COMPRAS PÚBLICAS
11:39:51 | INFO     | ============================================================
11:39:51 | INFO     | ℹ️  Módulo LEGADO está desativado em config.config['CONFIG_APIS']['LEGADO']['executar_legado']; pulando extração.
11:39:51 | INFO     | ▶ Módulo LEI 14.133 — 24 tarefas | 2 threads
11:40:30 | INFO     | ⚠️  Servidor retornou 400 em https://dadosabertos.compras.gov.br/modulo-contratacoes/1_consultarContratacoes_PNCP_14133. Aguardando 5s (Tentativa 1/5)...
11:40:30 | INFO     | ✅ DONE | RT | PNCP-PREGAO           | 2021 | 1/24 (4.2%) | Falhas: 0
11:41:01 | INFO     | ⚠️  Servidor retornou 400 em https://dadosabertos.compras.gov.br/modulo-contratacoes/1_consultarContratacoes_PNCP_14133. Aguardando 5s (Tentativa 1/5)...
11:41:10 | INFO     | ✅ DONE | RT | PNCP-CONCORRENCIA     | 2021 | 12/24 (50.0%) | Falhas: 0
11:41:31 | INFO     | ⚠️  Servidor retornou 400 em https://dadosabertos.compras.gov.br/modulo-contratacoes/1_consultarContratacoes_PNCP_14133. Aguardando 5s (Tentativa 1/5)...
11:41:47 | INFO     | ⚠️  Servidor retornou 400 em https://dadosabertos.compras.gov.br/modulo-contratacoes/1_consultarContratacoes_PNCP_14133. Aguardando 10s (Tentativa 2/5)...
11:42:16 | INFO     | ⚠️  Servidor retornou 400 em https://dadosabertos.compras.gov.br/modulo-contratacoes/1_consultarContratacoes_PNCP_14133. Aguardando 10s (Tentativa 2/5)...
11:42:17 | INFO     | ⚠️  Servidor retornou 400 em https://dadosabertos.compras.gov.br/modulo-contratacoes/1_consultarContratacoes_PNCP_14133. Aguardando 15s (Tentativa 3/5)...
11:42:46 | INFO     | ⚠️  Servidor retornou 400 em https://dadosabertos.compras.gov.br/modulo-contratacoes/1_consultarContratacoes_PNCP_14133. Aguardando 15s (Tentativa 3/5)...
11:42:53 | INFO     | ⚠️  Servidor retornou 400 em https://dadosabertos.compras.gov.br/modulo-contratacoes/1_consultarContratacoes_PNCP_14133. Aguardando 20s (Tentativa 4/5)...
11:43:22 | INFO     | ⚠️  Servidor retornou 400 em https://dadosabertos.compras.gov.br/modulo-contratacoes/1_consultarContratacoes_PNCP_14133. Aguardando 20s (Tentativa 4/5)...
11:43:55 | INFO     | ⚠️  Servidor retornou 400 em https://dadosabertos.compras.gov.br/modulo-contratacoes/1_consultarContratacoes_PNCP_14133. Aguardando 25s (Tentativa 5/5)...
11:44:02 | INFO     | ⚠️  Servidor retornou 400 em https://dadosabertos.compras.gov.br/modulo-contratacoes/1_consultarContratacoes_PNCP_14133. Aguardando 25s (Tentativa 5/5)...
11:44:20 | INFO     | ❌ FAIL | RT | PNCP-CONCORRENCIA     | 2024 | 13/24 (54.2%) | Falhas: 1
11:44:27 | INFO     | ❌ FAIL | RT | PNCP-PREGAO           | 2024 | 14/24 (58.3%) | Falhas: 2
11:45:02 | INFO     | ✅ DONE | RT | PNCP-DISPENSA         | 2024 | 24/24 (100.0%) | Falhas: 2
11:45:02 | INFO     |    Concluído — DONE: 3 | SKIP: 19 | FAIL: 2
11:45:02 | INFO     | ============================================================
11:45:02 | INFO     | 📊 RESUMO DA EXTRAÇÃO DE COMPRAS
11:45:02 | INFO     |   Falhas Legado   : 0
11:45:02 | INFO     |   Falhas Lei14133 : 2
11:45:02 | INFO     |   SKIPs           : 0
11:45:02 | INFO     | ============================================================
11:45:02 | INFO     | 📤 GERANDO compras.csv...
11:45:02 | INFO     | 📂 415 arquivo(s) encontrado(s). Processando...
11:45:02 | INFO     | ✅ CSV gerado: data\compras.csv
11:45:02 | INFO     | IDs únicos     : 2360
11:45:02 | INFO     | Legado         : 1924
11:45:02 | INFO     | Lei 14.133     : 436
11:45:02 | INFO     | Com responsável: 2061
11:45:02 | INFO     | Sem objeto     : 0
11:45:02 | INFO     | Colunas        : 27
11:45:02 | INFO     | ============================================================
11:45:02 | INFO     | 🔩 INICIANDO EXTRAÇÃO DE ITENS
11:45:02 | INFO     | 🔍 Coletando ids de compras para montar a fila de itens...
11:45:03 | INFO     | IDs únicos     : 2360
11:45:03 | INFO     | Consultas prev.: 4672  (vs 9440 no modo bruto)
11:45:03 | INFO     | Já em cache    : 4668
11:45:03 | INFO     | A extrair      : 4
11:45:03 | INFO     | TOTAL fila     : 4
11:45:03 | INFO     | 🚀 INICIANDO EXTRAÇÃO DE ITENS | WORKERS: 3 | TOTAL: 4
11:45:03 | INFO     | [11:45:03] 🌐 Consultando | 15813203900872026 | pncp p1...
11:45:03 | INFO     | [11:45:03] 🌐 Consultando | 15813206000742026 | pncp p1...
11:45:03 | INFO     | [11:45:03] 🌐 Consultando | 15813206000662026 | pncp p1...
11:45:23 | INFO     | [11:45:23] ❌ ERRO_400 | 15813206000742026 | pncp | 1/4 (25.0%) | Falhas: 1
11:45:23 | INFO     | [11:45:23] 🌐 Consultando | 15813206000842026 | pncp p1...
11:45:23 | INFO     | [11:45:23] ❌ ERRO_400 | 15813206000662026 | pncp | 2/4 (50.0%) | Falhas: 2
11:45:24 | INFO     | [11:45:24] ❌ ERRO_400 | 15813203900872026 | pncp | 3/4 (75.0%) | Falhas: 3
11:45:44 | INFO     | [11:45:44] ❌ ERRO_400 | 15813206000842026 | pncp | 4/4 (100.0%) | Falhas: 4
11:45:44 | INFO     | ✅ FIM | Falhas: 4 | SKIPs: 0
11:45:44 | INFO     | ============================================================
11:45:44 | INFO     | 📤 GERANDO compras_itens.csv...
11:45:44 | INFO     | 📂 6963 arquivo(s) de itens encontrado(s). Processando...
11:45:47 | INFO     | ✅ CSV gerado: data\compras_itens.csv
11:45:47 | INFO     | Itens únicos  : 27468
11:45:47 | INFO     | Legado        : 20870
11:45:47 | INFO     | Lei 14.133    : 6598
11:45:47 | INFO     | Colunas       : 33
11:45:47 | INFO     | ============================================================
11:45:47 | INFO     | 📋 INICIANDO EXTRAÇÃO DE ATAS
11:45:47 | INFO     | UASG      : RT (158132)
11:45:47 | INFO     | Anos      : 2023–2026
11:45:47 | INFO     | A extrair : 4
11:45:47 | INFO     | 🚀 INICIANDO EXTRAÇÃO DE ATAS | WORKERS: 3 | TOTAL: 4
11:46:08 | INFO     | [11:46:08] ❌ ERRO_400 | RT | 2025 | 1/4 (25.0%) | Falhas: 1
11:46:08 | INFO     | [11:46:08] ❌ ERRO_400 | RT | 2023 | 2/4 (50.0%) | Falhas: 2
11:46:08 | INFO     | [11:46:08] ❌ ERRO_400 | RT | 2024 | 3/4 (75.0%) | Falhas: 3
11:46:28 | INFO     | [11:46:28] ❌ ERRO_400 | RT | 2026 | 4/4 (100.0%) | Falhas: 4
11:46:28 | INFO     | ✅ FIM | Falhas: 4
11:46:28 | INFO     | ============================================================
11:46:28 | INFO     | 📤 GERANDO atas.csv...
11:46:28 | INFO     | 📂 5 arquivo(s) de atas encontrado(s). Processando...
11:46:28 | INFO     | ✅ CSV gerado: data\atas.csv
11:46:28 | INFO     | Atas únicas   : 156
11:46:28 | INFO     | Atas excluídas: 0
11:46:28 | INFO     | Colunas       : 22
11:46:28 | INFO     | ============================================================
11:46:28 | INFO     | 📦 INICIANDO EXTRAÇÃO DE ITENS DAS ATAS
11:46:28 | INFO     | UASG        : RT (158132)
11:46:28 | INFO     | Anos        : 2023–2027
11:46:28 | INFO     | Já em cache : 5
11:46:28 | INFO     | A extrair   : 0
11:46:28 | INFO     | ⏭️  Tudo em cache. Nada a extrair.
11:46:28 | INFO     | ============================================================
11:46:28 | INFO     | 📤 GERANDO atas_itens.csv...
11:46:28 | INFO     | ✅ Mapa de atas carregado: 33 compras | 156 atas conhecidas
11:46:28 | INFO     | 📂 9 arquivo(s) de itens de atas encontrado(s). Processando...
11:46:28 | INFO     | ⚠️  195 ata(s) ausente(s) do atas.csv — gerando esqueletos...
11:46:28 | INFO     | ➕ 10673078000120-1-000007/2025-000001 (ata 00005/2025)
11:46:28 | INFO     | ➕ 10673078000120-1-000007/2025-000002 (ata 00006/2025)
11:46:28 | INFO     | ➕ 10673078000120-1-000007/2025-000003 (ata 00007/2025)
11:46:28 | INFO     | ➕ 10673078000120-1-000007/2025-000004 (ata 00008/2025)
11:46:28 | INFO     | ➕ 10673078000120-1-000007/2025-000005 (ata 00009/2025)
11:46:28 | INFO     | ➕ 10673078000120-1-000018/2025-000001 (ata 00016/2025)
11:46:28 | INFO     | ➕ 10673078000120-1-000020/2025-000001 (ata 00025/2025)
11:46:28 | INFO     | ➕ 10673078000120-1-000020/2025-000002 (ata 00026/2025)
11:46:28 | INFO     | ➕ 10673078000120-1-000020/2025-000003 (ata 00027/2025)
11:46:28 | INFO     | ➕ 10673078000120-1-000020/2025-000004 (ata 00028/2025)
11:46:28 | INFO     | ➕ 10673078000120-1-000020/2025-000005 (ata 00029/2025)
11:46:28 | INFO     | ➕ 10673078000120-1-000020/2025-000006 (ata 00030/2025)
11:46:28 | INFO     | ➕ 10673078000120-1-000020/2025-000007 (ata 00031/2025)
11:46:28 | INFO     | ➕ 10673078000120-1-000020/2025-000008 (ata 00032/2025)
11:46:28 | INFO     | ➕ 10673078000120-1-000020/2025-000009 (ata 00033/2025)
11:46:28 | INFO     | ➕ 10673078000120-1-000020/2025-000010 (ata 00034/2025)
11:46:28 | INFO     | ➕ 10673078000120-1-000020/2025-000011 (ata 00035/2025)
11:46:28 | INFO     | ➕ 10673078000120-1-000020/2025-000012 (ata 00036/2025)
11:46:28 | INFO     | ➕ 10673078000120-1-000020/2025-000013 (ata 00037/2025)
11:46:28 | INFO     | ➕ 10673078000120-1-000020/2025-000014 (ata 00038/2025)
11:46:28 | INFO     | ➕ 10673078000120-1-000020/2025-000015 (ata 00039/2025)
11:46:28 | INFO     | ➕ 10673078000120-1-000020/2025-000016 (ata 00040/2025)
11:46:28 | INFO     | ➕ 10673078000120-1-000020/2025-000017 (ata 00041/2025)
11:46:28 | INFO     | ➕ 10673078000120-1-000020/2025-000018 (ata 00042/2025)
11:46:28 | INFO     | ➕ 10673078000120-1-000020/2025-000019 (ata 00043/2025)
11:46:28 | INFO     | ➕ 10673078000120-1-000020/2025-000020 (ata 00044/2025)
11:46:28 | INFO     | ➕ 10673078000120-1-000020/2025-000021 (ata 00045/2025)
11:46:28 | INFO     | ➕ 10673078000120-1-000020/2025-000022 (ata 00046/2025)
11:46:28 | INFO     | ➕ 10673078000120-1-000023/2025-000002 (ata 00018/2025)
11:46:28 | INFO     | ➕ 10673078000120-1-000023/2025-000003 (ata 00019/2025)
11:46:28 | INFO     | ➕ 10673078000120-1-000023/2025-000004 (ata 00020/2025)
11:46:28 | INFO     | ➕ 10673078000120-1-000023/2025-000005 (ata 00021/2025)
11:46:28 | INFO     | ➕ 10673078000120-1-000023/2025-000006 (ata 00022/2025)
11:46:28 | INFO     | ➕ 10673078000120-1-000023/2025-000007 (ata 00023/2025)
11:46:28 | INFO     | ➕ 10673078000120-1-000025/2025-000001 (ata 00015/2025)
11:46:28 | INFO     | ➕ 10673078000120-1-000034/2025-000001 (ata 00058/2025)
11:46:28 | INFO     | ➕ 10673078000120-1-000034/2025-000002 (ata 00057/2025)
11:46:28 | INFO     | ➕ 10673078000120-1-000036/2024-000004 (ata 00118/2025)
11:46:28 | INFO     | ➕ 10673078000120-1-000038/2024-000005 (ata 00024/2025)
11:46:28 | INFO     | ➕ 10673078000120-1-000039/2025-000001 (ata 00078/2025)
11:46:28 | INFO     | ➕ 10673078000120-1-000039/2025-000002 (ata 00079/2025)
11:46:28 | INFO     | ➕ 10673078000120-1-000039/2025-000003 (ata 00080/2025)
11:46:28 | INFO     | ➕ 10673078000120-1-000039/2025-000004 (ata 00081/2025)
11:46:28 | INFO     | ➕ 10673078000120-1-000039/2025-000005 (ata 00082/2025)
11:46:28 | INFO     | ➕ 10673078000120-1-000039/2025-000006 (ata 00083/2025)
11:46:28 | INFO     | ➕ 10673078000120-1-000039/2025-000007 (ata 00084/2025)
11:46:28 | INFO     | ➕ 10673078000120-1-000039/2025-000008 (ata 00085/2025)
11:46:28 | INFO     | ➕ 10673078000120-1-000039/2025-000009 (ata 00086/2025)
11:46:28 | INFO     | ➕ 10673078000120-1-000039/2025-000010 (ata 00087/2025)
11:46:28 | INFO     | ➕ 10673078000120-1-000039/2025-000011 (ata 00088/2025)
11:46:28 | INFO     | ➕ 10673078000120-1-000039/2025-000012 (ata 00089/2025)
11:46:28 | INFO     | ➕ 10673078000120-1-000039/2025-000013 (ata 00090/2025)
11:46:28 | INFO     | ➕ 10673078000120-1-000039/2025-000014 (ata 00091/2025)
11:46:28 | INFO     | ➕ 10673078000120-1-000039/2025-000015 (ata 00092/2025)
11:46:28 | INFO     | ➕ 10673078000120-1-000039/2025-000016 (ata 00093/2025)
11:46:28 | INFO     | ➕ 10673078000120-1-000039/2025-000017 (ata 00094/2025)
11:46:28 | INFO     | ➕ 10673078000120-1-000039/2025-000018 (ata 00095/2025)
11:46:28 | INFO     | ➕ 10673078000120-1-000039/2025-000019 (ata 00096/2025)
11:46:28 | INFO     | ➕ 10673078000120-1-000041/2025-000001 (ata 00056/2025)
11:46:28 | INFO     | ➕ 10673078000120-1-000047/2025-000001 (ata 00062/2025)
11:46:28 | INFO     | ➕ 10673078000120-1-000047/2025-000002 (ata 00063/2025)
11:46:28 | INFO     | ➕ 10673078000120-1-000054/2025-000001 (ata 00116/2025)
11:46:28 | INFO     | ➕ 10673078000120-1-000056/2025-000001 (ata 00065/2025)
11:46:28 | INFO     | ➕ 10673078000120-1-000056/2025-000002 (ata 00066/2025)
11:46:28 | INFO     | ➕ 10673078000120-1-000056/2025-000003 (ata 00067/2025)
11:46:28 | INFO     | ➕ 10673078000120-1-000056/2025-000004 (ata 00068/2025)
11:46:28 | INFO     | ➕ 10673078000120-1-000056/2025-000005 (ata 00069/2025)
11:46:28 | INFO     | ➕ 10673078000120-1-000056/2025-000006 (ata 00070/2025)
11:46:28 | INFO     | ➕ 10673078000120-1-000056/2025-000007 (ata 00071/2025)
11:46:28 | INFO     | ➕ 10673078000120-1-000056/2025-000008 (ata 00072/2025)
11:46:28 | INFO     | ➕ 10673078000120-1-000056/2025-000009 (ata 00073/2025)
11:46:28 | INFO     | ➕ 10673078000120-1-000056/2025-000010 (ata 00074/2025)
11:46:28 | INFO     | ➕ 10673078000120-1-000056/2025-000011 (ata 00075/2025)
11:46:28 | INFO     | ➕ 10673078000120-1-000056/2025-000012 (ata 00076/2025)
11:46:28 | INFO     | ➕ 10673078000120-1-000056/2025-000013 (ata 00077/2025)
11:46:28 | INFO     | ➕ 10673078000120-1-000056/2025-000014 (ata 00097/2025)
11:46:28 | INFO     | ➕ 10673078000120-1-000056/2025-000015 (ata 00114/2025)
11:46:28 | INFO     | ➕ 10673078000120-1-000056/2025-000016 (ata 00064/2025)
11:46:28 | INFO     | ➕ 10673078000120-1-000058/2025-000001 (ata 00098/2025)
11:46:28 | INFO     | ➕ 10673078000120-1-000058/2025-000002 (ata 00099/2025)
11:46:28 | INFO     | ➕ 10673078000120-1-000058/2025-000003 (ata 00101/2025)
11:46:28 | INFO     | ➕ 10673078000120-1-000058/2025-000004 (ata 00103/2025)
11:46:28 | INFO     | ➕ 10673078000120-1-000058/2025-000005 (ata 00104/2025)
11:46:28 | INFO     | ➕ 10673078000120-1-000058/2025-000006 (ata 00105/2025)
11:46:28 | INFO     | ➕ 10673078000120-1-000058/2025-000007 (ata 00106/2025)
11:46:28 | INFO     | ➕ 10673078000120-1-000058/2025-000008 (ata 00107/2025)
11:46:28 | INFO     | ➕ 10673078000120-1-000058/2025-000009 (ata 00108/2025)
11:46:28 | INFO     | ➕ 10673078000120-1-000058/2025-000010 (ata 00109/2025)
11:46:28 | INFO     | ➕ 10673078000120-1-000058/2025-000011 (ata 00110/2025)
11:46:28 | INFO     | ➕ 10673078000120-1-000058/2025-000012 (ata 00111/2025)
11:46:28 | INFO     | ➕ 10673078000120-1-000058/2025-000013 (ata 00100/2025)
11:46:28 | INFO     | ➕ 10673078000120-1-000058/2025-000014 (ata 00102/2025)
11:46:28 | INFO     | ➕ 10673078000120-1-000058/2025-000015 (ata 00112/2025)
11:46:28 | INFO     | ➕ 10673078000120-1-000062/2025-000001 (ata 00060/2025)
11:46:28 | INFO     | ➕ 10673078000120-1-000062/2025-000002 (ata 00061/2025)
11:46:28 | INFO     | ➕ 10673078000120-1-000062/2025-000003 (ata 00113/2025)
11:46:28 | INFO     | ➕ 10673078000120-1-000065/2025-000001 (ata 00059/2025)
11:46:28 | INFO     | ➕ 10673078000120-1-000068/2025-000001 (ata 00115/2025)
11:46:28 | INFO     | ➕ 10673078000120-1-000069/2025-000001 (ata 00011/2025)
11:46:28 | INFO     | ➕ 10673078000120-1-000069/2025-000002 (ata 00010/2025)
11:46:28 | INFO     | ➕ 10673078000120-1-000074/2025-000001 (ata 00131/2025)
11:46:28 | INFO     | ➕ 10673078000120-1-000074/2025-000002 (ata 00132/2025)
11:46:28 | INFO     | ➕ 10673078000120-1-000074/2025-000003 (ata 00133/2025)
11:46:28 | INFO     | ➕ 10673078000120-1-000074/2025-000004 (ata 00134/2025)
11:46:28 | INFO     | ➕ 10673078000120-1-000074/2025-000005 (ata 00135/2025)
11:46:28 | INFO     | ➕ 10673078000120-1-000074/2025-000006 (ata 00136/2025)
11:46:28 | INFO     | ➕ 10673078000120-1-000074/2025-000007 (ata 00137/2025)
11:46:28 | INFO     | ➕ 10673078000120-1-000074/2025-000008 (ata 00138/2025)
11:46:28 | INFO     | ➕ 10673078000120-1-000074/2025-000009 (ata 00139/2025)
11:46:28 | INFO     | ➕ 10673078000120-1-000074/2025-000010 (ata 00140/2025)
11:46:28 | INFO     | ➕ 10673078000120-1-000074/2025-000011 (ata 00141/2025)
11:46:28 | INFO     | ➕ 10673078000120-1-000074/2025-000012 (ata 00142/2025)
11:46:28 | INFO     | ➕ 10673078000120-1-000074/2025-000013 (ata 00143/2025)
11:46:28 | INFO     | ➕ 10673078000120-1-000074/2025-000014 (ata 00144/2025)
11:46:28 | INFO     | ➕ 10673078000120-1-000074/2025-000015 (ata 00145/2025)
11:46:28 | INFO     | ➕ 10673078000120-1-000074/2025-000016 (ata 00146/2025)
11:46:28 | INFO     | ➕ 10673078000120-1-000074/2025-000017 (ata 00147/2025)
11:46:28 | INFO     | ➕ 10673078000120-1-000074/2025-000018 (ata 00148/2025)
11:46:28 | INFO     | ➕ 10673078000120-1-000074/2025-000019 (ata 00149/2025)
11:46:28 | INFO     | ➕ 10673078000120-1-000074/2025-000020 (ata 00150/2025)
11:46:28 | INFO     | ➕ 10673078000120-1-000074/2025-000021 (ata 00151/2025)
11:46:28 | INFO     | ➕ 10673078000120-1-000074/2025-000022 (ata 00152/2025)
11:46:28 | INFO     | ➕ 10673078000120-1-000074/2025-000023 (ata 00153/2025)
11:46:28 | INFO     | ➕ 10673078000120-1-000074/2025-000024 (ata 00154/2025)
11:46:28 | INFO     | ➕ 10673078000120-1-000074/2025-000025 (ata 00155/2025)
11:46:28 | INFO     | ➕ 10673078000120-1-000074/2025-000026 (ata 00156/2025)
11:46:28 | INFO     | ➕ 10673078000120-1-000074/2025-000027 (ata 00157/2025)
11:46:28 | INFO     | ➕ 10673078000120-1-000074/2025-000028 (ata 00158/2025)
11:46:28 | INFO     | ➕ 10673078000120-1-000074/2025-000029 (ata 00159/2025)
11:46:28 | INFO     | ➕ 10673078000120-1-000074/2025-000030 (ata 00160/2025)
11:46:28 | INFO     | ➕ 10673078000120-1-000074/2025-000031 (ata 00161/2025)
11:46:28 | INFO     | ➕ 10673078000120-1-000074/2025-000032 (ata 00162/2025)
11:46:28 | INFO     | ➕ 10673078000120-1-000074/2025-000033 (ata 00163/2025)
11:46:28 | INFO     | ➕ 10673078000120-1-000074/2025-000034 (ata 00164/2025)
11:46:28 | INFO     | ➕ 10673078000120-1-000074/2025-000035 (ata 00165/2025)
11:46:28 | INFO     | ➕ 10673078000120-1-000075/2025-000001 (ata 00263/2025)
11:46:28 | INFO     | ➕ 10673078000120-1-000075/2025-000002 (ata 99263/2025)
11:46:28 | INFO     | ➕ 10673078000120-1-000076/2025-000001 (ata 00121/2025)
11:46:28 | INFO     | ➕ 10673078000120-1-000076/2025-000002 (ata 00122/2025)
11:46:28 | INFO     | ➕ 10673078000120-1-000076/2025-000003 (ata 00123/2025)
11:46:28 | INFO     | ➕ 10673078000120-1-000076/2025-000004 (ata 00124/2025)
11:46:28 | INFO     | ➕ 10673078000120-1-000076/2025-000005 (ata 00126/2025)
11:46:28 | INFO     | ➕ 10673078000120-1-000076/2025-000006 (ata 00127/2025)
11:46:28 | INFO     | ➕ 10673078000120-1-000076/2025-000007 (ata 00128/2025)
11:46:28 | INFO     | ➕ 10673078000120-1-000076/2025-000008 (ata 00129/2025)
11:46:28 | INFO     | ➕ 10673078000120-1-000076/2025-000009 (ata 00130/2025)
11:46:28 | INFO     | ➕ 10673078000120-1-000077/2025-000015 (ata 00189/2025)
11:46:28 | INFO     | ➕ 10673078000120-1-000077/2025-000016 (ata 00193/2025)
11:46:28 | INFO     | ➕ 10673078000120-1-000077/2025-000018 (ata 00195/2025)
11:46:28 | INFO     | ➕ 10673078000120-1-000077/2025-000019 (ata 00201/2025)
11:46:28 | INFO     | ➕ 10673078000120-1-000078/2025-000001 (ata 00170/2025)
11:46:28 | INFO     | ➕ 10673078000120-1-000078/2025-000002 (ata 00171/2025)
11:46:28 | INFO     | ➕ 10673078000120-1-000078/2025-000003 (ata 00172/2025)
11:46:28 | INFO     | ➕ 10673078000120-1-000078/2025-000004 (ata 00173/2025)
11:46:28 | INFO     | ➕ 10673078000120-1-000078/2025-000005 (ata 00174/2025)
11:46:28 | INFO     | ➕ 10673078000120-1-000078/2025-000006 (ata 00175/2025)
11:46:28 | INFO     | ➕ 10673078000120-1-000078/2025-000007 (ata 00177/2025)
11:46:28 | INFO     | ➕ 10673078000120-1-000078/2025-000008 (ata 00178/2025)
11:46:28 | INFO     | ➕ 10673078000120-1-000078/2025-000009 (ata 00179/2025)
11:46:28 | INFO     | ➕ 10673078000120-1-000078/2025-000010 (ata 00180/2025)
11:46:28 | INFO     | ➕ 10673078000120-1-000078/2025-000011 (ata 00181/2025)
11:46:28 | INFO     | ➕ 10673078000120-1-000078/2025-000012 (ata 00182/2025)
11:46:28 | INFO     | ➕ 10673078000120-1-000080/2025-000001 (ata 00125/2025)
11:46:28 | INFO     | ➕ 10673078000120-1-000082/2025-000001 (ata 00117/2025)
11:46:28 | INFO     | ➕ 10673078000120-1-000087/2025-000001 (ata 00210/2025)
11:46:28 | INFO     | ➕ 10673078000120-1-000092/2024-000001 (ata 00001/2025)
11:46:28 | INFO     | ➕ 10673078000120-1-000094/2023-000002 (ata 00055/2025)
11:46:28 | INFO     | ➕ 10673078000120-1-000096/2025-000002 (ata 00209/2025)
11:46:28 | INFO     | ➕ 10673078000120-1-000096/2025-000003 (ata 00205/2025)
11:46:28 | INFO     | ➕ 10673078000120-1-000096/2025-000004 (ata 00207/2025)
11:46:28 | INFO     | ➕ 10673078000120-1-000096/2025-000005 (ata 00206/2025)
11:46:28 | INFO     | ➕ 10673078000120-1-000097/2025-000001 (ata 00167/2025)
11:46:28 | INFO     | ➕ 10673078000120-1-000097/2025-000002 (ata 00169/2025)
11:46:28 | INFO     | ➕ 10673078000120-1-000097/2025-000003 (ata 00168/2025)
11:46:28 | INFO     | ➕ 10673078000120-1-000097/2025-000004 (ata 00166/2025)
11:46:28 | INFO     | ➕ 10673078000120-1-000097/2025-000005 (ata 00183/2025)
11:46:28 | INFO     | ➕ 10673078000120-1-000097/2025-000006 (ata 00184/2025)
11:46:28 | INFO     | ➕ 10673078000120-1-000101/2024-000001 (ata 00047/2025)
11:46:28 | INFO     | ➕ 10673078000120-1-000101/2024-000002 (ata 00048/2025)
11:46:28 | INFO     | ➕ 10673078000120-1-000101/2024-000003 (ata 00049/2025)
11:46:28 | INFO     | ➕ 10673078000120-1-000101/2024-000004 (ata 00050/2025)
11:46:28 | INFO     | ➕ 10673078000120-1-000101/2024-000005 (ata 00120/2025)
11:46:28 | INFO     | ➕ 10673078000120-1-000101/2024-000006 (ata 00119/2025)
11:46:28 | INFO     | ➕ 10673078000120-1-000103/2025-000001 (ata 00215/2025)
11:46:28 | INFO     | ➕ 10673078000120-1-000103/2025-000002 (ata 00213/2025)
11:46:28 | INFO     | ➕ 10673078000120-1-000103/2025-000003 (ata 00214/2025)
11:46:28 | INFO     | ➕ 10673078000120-1-000103/2025-000004 (ata 00212/2025)
11:46:28 | INFO     | ➕ 10673078000120-1-000112/2025-000001 (ata 00211/2025)
11:46:28 | INFO     | ➕ 10673078000120-1-000127/2024-000001 (ata 00002/2025)
11:46:28 | INFO     | ➕ 10673078000120-1-000127/2024-000002 (ata 00003/2025)
11:46:28 | INFO     | ➕ 10673078000120-1-000137/2024-000001 (ata 00004/2025)
11:46:28 | INFO     | ➕ 10673078000120-1-000139/2024-000001 (ata 00051/2025)
11:46:28 | INFO     | ➕ 10673078000120-1-000139/2024-000002 (ata 00052/2025)
11:46:28 | INFO     | ➕ 10673078000120-1-000139/2024-000003 (ata 00053/2025)
11:46:28 | INFO     | ➕ 10673078000120-1-000139/2024-000004 (ata 00054/2025)
11:46:28 | INFO     | 💾 atas_manuais.json salvo: 351 ata(s) total (195 nova(s))
11:46:28 | INFO     | 🔄 Regenerando atas.csv com as novas entradas manuais...
11:46:28 | INFO     | 📂 5 arquivo(s) de atas encontrado(s). Processando...
11:46:28 | INFO     | ✅ CSV gerado: data\atas.csv
11:46:28 | INFO     | Atas únicas   : 351
11:46:28 | INFO     | Atas excluídas: 0
11:46:28 | INFO     | Colunas       : 22
11:46:28 | INFO     | ✅ Mapa de atas carregado: 60 compras | 351 atas conhecidas
11:46:29 | INFO     | ✅ CSV gerado: data\atas_itens.csv
11:46:29 | INFO     | Itens únicos     : 2961
11:46:29 | INFO     | Material         : 2406
11:46:29 | INFO     | Serviço          : 555
11:46:29 | INFO     | Excluídos        : 0
11:46:29 | INFO     | Sem id_compra    : 121
11:46:29 | INFO     | Sem numero_compra: 121
11:46:29 | INFO     | Colunas          : 35
11:46:29 | INFO     | ============================================================
11:46:29 | INFO     | 💰 INICIANDO EXTRAÇÃO DE SALDOS DAS ATAS
11:46:29 | INFO     | UASG             : RT (158132)
11:46:29 | INFO     | Validade cache   : 3 dias
11:46:29 | INFO     | A extrair/atualizar: 218
11:46:29 | INFO     | 🚀 INICIANDO EXTRAÇÃO DE SALDOS | WORKERS: 3 | TOTAL: 218
11:46:49 | INFO     | [11:46:49] ❌ ERRO_400 | RT | 00002/2023 | 1/218 (0.5%) | Falhas: 1
11:46:49 | INFO     | [11:46:49] ❌ ERRO_400 | RT | 00001/2025 | 2/218 (0.9%) | Falhas: 2
11:46:49 | INFO     | [11:46:49] ❌ ERRO_400 | RT | 00003/2026 | 3/218 (1.4%) | Falhas: 3
11:47:10 | INFO     | [11:47:10] ❌ ERRO_400 | RT | 00006/2026 | 4/218 (1.8%) | Falhas: 4
11:47:10 | INFO     | [11:47:10] ❌ ERRO_400 | RT | 00006/2025 | 5/218 (2.3%) | Falhas: 5
11:47:10 | INFO     | [11:47:10] ❌ ERRO_400 | RT | 00004/2026 | 6/218 (2.8%) | Falhas: 6
11:47:30 | INFO     | [11:47:30] ❌ ERRO_400 | RT | 00008/2024 | 7/218 (3.2%) | Falhas: 7
11:47:30 | INFO     | [11:47:30] ❌ ERRO_400 | RT | 00007/2024 | 8/218 (3.7%) | Falhas: 8
11:47:51 | INFO     | [11:47:51] ❌ ERRO_400 | RT | 00009/2025 | 9/218 (4.1%) | Falhas: 9
11:48:12 | INFO     | [11:48:12] ❌ ERRO_400 | RT | 00010/2025 | 10/218 (4.6%) | Falhas: 10
11:48:39 | INFO     | [11:48:39] ❌ ERRO_400 | RT | 00010/2023 | 11/218 (5.0%) | Falhas: 11
11:48:39 | INFO     | [11:48:39] ❌ ERRO_400 | RT | 00008/2025 | 12/218 (5.5%) | Falhas: 12
11:48:53 | INFO     | [11:48:53] ✅ DONE | RT | 00011/2023 | 13/218 (6.0%) | Falhas: 12
11:49:04 | INFO     | [11:49:04] ✅ DONE | RT | 00011/2025 | 14/218 (6.4%) | Falhas: 12
11:49:05 | INFO     | [11:49:05] ✅ DONE | RT | 00012/2023 | 15/218 (6.9%) | Falhas: 12
11:49:17 | INFO     | [11:49:16] ✅ DONE | RT | 00012/2024 | 16/218 (7.3%) | Falhas: 12
11:49:21 | INFO     | [11:49:21] ✅ DONE | RT | 00014/2024 | 17/218 (7.8%) | Falhas: 12
11:49:25 | INFO     | [11:49:25] ❌ ERRO_400 | RT | 00013/2023 | 18/218 (8.3%) | Falhas: 13
11:49:37 | INFO     | [11:49:37] ❌ ERRO_400 | RT | 00015/2023 | 19/218 (8.7%) | Falhas: 14
11:49:53 | INFO     | [11:49:53] ✅ DONE | RT | 00015/2025 | 20/218 (9.2%) | Falhas: 14
11:49:57 | INFO     | [11:49:57] ❌ ERRO_400 | RT | 00015/2024 | 21/218 (9.6%) | Falhas: 15
11:50:18 | INFO     | [11:50:18] ❌ ERRO_400 | RT | 00016/2025 | 22/218 (10.1%) | Falhas: 16
11:50:18 | INFO     | [11:50:18] ❌ ERRO_400 | RT | 00016/2023 | 23/218 (10.6%) | Falhas: 17
11:50:31 | INFO     | [11:50:31] ❌ ERRO_400 | RT | 00016/2024 | 24/218 (11.0%) | Falhas: 18
11:50:38 | INFO     | [11:50:38] ❌ ERRO_400 | RT | 00017/2023 | 25/218 (11.5%) | Falhas: 19
11:50:38 | INFO     | [11:50:38] ❌ ERRO_400 | RT | 00017/2024 | 26/218 (11.9%) | Falhas: 20
11:50:52 | INFO     | [11:50:52] ❌ ERRO_400 | RT | 00017/2025 | 27/218 (12.4%) | Falhas: 21
11:50:59 | INFO     | [11:50:59] ❌ ERRO_400 | RT | 00018/2023 | 28/218 (12.8%) | Falhas: 22
11:50:59 | INFO     | [11:50:59] ❌ ERRO_400 | RT | 00018/2024 | 29/218 (13.3%) | Falhas: 23
11:51:13 | INFO     | [11:51:13] ❌ ERRO_400 | RT | 00018/2025 | 30/218 (13.8%) | Falhas: 24
11:51:19 | INFO     | [11:51:19] ❌ ERRO_400 | RT | 00019/2023 | 31/218 (14.2%) | Falhas: 25
11:51:20 | INFO     | [11:51:20] ❌ ERRO_400 | RT | 00019/2024 | 32/218 (14.7%) | Falhas: 26
11:51:40 | INFO     | [11:51:40] ❌ ERRO_400 | RT | 00020/2023 | 33/218 (15.1%) | Falhas: 27
11:51:40 | INFO     | [11:51:40] ❌ ERRO_400 | RT | 00020/2024 | 34/218 (15.6%) | Falhas: 28
11:51:54 | INFO     | [11:51:54] ❌ ERRO_400 | RT | 00019/2025 | 35/218 (16.1%) | Falhas: 29
11:52:14 | INFO     | [11:52:14] ❌ ERRO_400 | RT | 00021/2024 | 36/218 (16.5%) | Falhas: 30
11:52:21 | INFO     | [11:52:21] ✅ DONE | RT | 00020/2025 | 37/218 (17.0%) | Falhas: 30
11:52:23 | INFO     | [11:52:23] ✅ DONE | RT | 00021/2023 | 38/218 (17.4%) | Falhas: 30
11:52:35 | INFO     | [11:52:35] ❌ ERRO_400 | RT | 00021/2025 | 39/218 (17.9%) | Falhas: 31
11:52:42 | INFO     | [11:52:42] ❌ ERRO_400 | RT | 00022/2023 | 40/218 (18.3%) | Falhas: 32
11:52:43 | INFO     | [11:52:43] ❌ ERRO_400 | RT | 00022/2024 | 41/218 (18.8%) | Falhas: 33
11:52:55 | INFO     | [11:52:55] ❌ ERRO_400 | RT | 00023/2023 | 42/218 (19.3%) | Falhas: 34
11:53:02 | INFO     | [11:53:02] ❌ ERRO_400 | RT | 00023/2024 | 43/218 (19.7%) | Falhas: 35
11:53:04 | INFO     | [11:53:04] ❌ ERRO_400 | RT | 00023/2025 | 44/218 (20.2%) | Falhas: 36
11:53:16 | INFO     | [11:53:16] ❌ ERRO_400 | RT | 00024/2023 | 45/218 (20.6%) | Falhas: 37
11:53:23 | INFO     | [11:53:23] ❌ ERRO_400 | RT | 00024/2025 | 46/218 (21.1%) | Falhas: 38
11:53:24 | INFO     | [11:53:24] ❌ ERRO_400 | RT | 00025/2023 | 47/218 (21.6%) | Falhas: 39
11:53:43 | INFO     | [11:53:43] ❌ ERRO_400 | RT | 00026/2023 | 48/218 (22.0%) | Falhas: 40
11:53:44 | INFO     | [11:53:44] ❌ ERRO_400 | RT | 00026/2024 | 49/218 (22.5%) | Falhas: 41
11:54:03 | INFO     | [11:54:03] ✅ DONE | RT | 00025/2025 | 50/218 (22.9%) | Falhas: 41
11:54:04 | INFO     | [11:54:04] ❌ ERRO_400 | RT | 00026/2025 | 51/218 (23.4%) | Falhas: 42
11:54:05 | INFO     | [11:54:05] ❌ ERRO_400 | RT | 00027/2023 | 52/218 (23.9%) | Falhas: 43
11:54:24 | INFO     | [11:54:24] ❌ ERRO_400 | RT | 00027/2024 | 53/218 (24.3%) | Falhas: 44
11:54:24 | INFO     | [11:54:24] ❌ ERRO_400 | RT | 00027/2025 | 54/218 (24.8%) | Falhas: 45
11:54:25 | INFO     | [11:54:25] ❌ ERRO_400 | RT | 00028/2023 | 55/218 (25.2%) | Falhas: 46
11:54:44 | INFO     | [11:54:44] ❌ ERRO_400 | RT | 00028/2025 | 56/218 (25.7%) | Falhas: 47
11:54:44 | INFO     | [11:54:44] ❌ ERRO_400 | RT | 00028/2024 | 57/218 (26.1%) | Falhas: 48
11:54:58 | INFO     | [11:54:58] ❌ ERRO_400 | RT | 00029/2025 | 58/218 (26.6%) | Falhas: 49
11:55:05 | INFO     | [11:55:05] ❌ ERRO_400 | RT | 00030/2023 | 59/218 (27.1%) | Falhas: 50
11:55:05 | INFO     | [11:55:05] ❌ ERRO_400 | RT | 00030/2025 | 60/218 (27.5%) | Falhas: 51
11:55:31 | INFO     | [11:55:31] ✅ DONE | RT | 00031/2023 | 61/218 (28.0%) | Falhas: 51
11:55:43 | INFO     | [11:55:43] ✅ DONE | RT | 00031/2025 | 62/218 (28.4%) | Falhas: 51
11:55:43 | INFO     | [11:55:43] ❌ ERRO_400 | RT | 00031/2024 | 63/218 (28.9%) | Falhas: 52
11:55:52 | INFO     | [11:55:52] ❌ ERRO_400 | RT | 00032/2023 | 64/218 (29.4%) | Falhas: 53
11:56:04 | INFO     | [11:56:04] ❌ ERRO_400 | RT | 00032/2025 | 65/218 (29.8%) | Falhas: 54
11:56:04 | INFO     | [11:56:04] ❌ ERRO_400 | RT | 00032/2024 | 66/218 (30.3%) | Falhas: 55
11:56:24 | INFO     | [11:56:24] ❌ ERRO_400 | RT | 00034/2025 | 67/218 (30.7%) | Falhas: 56
11:56:31 | INFO     | [11:56:31] ✅ DONE | RT | 00034/2023 | 68/218 (31.2%) | Falhas: 56
11:56:41 | INFO     | [11:56:41] ✅ DONE | RT | 00034/2024 | 69/218 (31.7%) | Falhas: 56
11:57:02 | INFO     | [11:57:02] ❌ ERRO_400 | RT | 00035/2023 | 70/218 (32.1%) | Falhas: 57
11:57:12 | INFO     | [11:57:12] ✅ DONE | RT | 00035/2024 | 71/218 (32.6%) | Falhas: 57
11:57:21 | INFO     | [11:57:21] ❌ ERRO_400 | RT | 00035/2025 | 72/218 (33.0%) | Falhas: 58
11:57:32 | INFO     | [11:57:32] ❌ ERRO_400 | RT | 00039/2023 | 73/218 (33.5%) | Falhas: 59
11:57:41 | INFO     | [11:57:41] ❌ ERRO_400 | RT | 00036/2023 | 74/218 (33.9%) | Falhas: 60
11:57:53 | INFO     | [11:57:53] ❌ ERRO_400 | RT | 00040/2023 | 75/218 (34.4%) | Falhas: 61
11:58:02 | INFO     | [11:58:02] ❌ ERRO_400 | RT | 00039/2024 | 76/218 (34.9%) | Falhas: 62
11:58:02 | INFO     | [11:58:02] ❌ ERRO_400 | RT | 00040/2025 | 77/218 (35.3%) | Falhas: 63
11:58:13 | INFO     | [11:58:13] ❌ ERRO_400 | RT | 00041/2024 | 78/218 (35.8%) | Falhas: 64
11:58:43 | INFO     | [11:58:43] ✅ DONE | RT | 00042/2025 | 79/218 (36.2%) | Falhas: 64
11:58:43 | INFO     | [11:58:43] ❌ ERRO_400 | RT | 00041/2025 | 80/218 (36.7%) | Falhas: 65
11:58:53 | INFO     | [11:58:53] ✅ DONE | RT | 00043/2024 | 81/218 (37.2%) | Falhas: 65
11:59:03 | INFO     | [11:59:03] ❌ ERRO_400 | RT | 00043/2025 | 82/218 (37.6%) | Falhas: 66
11:59:03 | INFO     | [11:59:03] ❌ ERRO_400 | RT | 00044/2024 | 83/218 (38.1%) | Falhas: 67
11:59:24 | INFO     | [11:59:24] ❌ ERRO_400 | RT | 00045/2024 | 84/218 (38.5%) | Falhas: 68
11:59:24 | INFO     | [11:59:24] ❌ ERRO_400 | RT | 00045/2025 | 85/218 (39.0%) | Falhas: 69
11:59:33 | INFO     | [11:59:33] ❌ ERRO_400 | RT | 00044/2025 | 86/218 (39.4%) | Falhas: 70
11:59:44 | INFO     | [11:59:44] ❌ ERRO_400 | RT | 00046/2024 | 87/218 (39.9%) | Falhas: 71
11:59:54 | INFO     | [11:59:54] ❌ ERRO_400 | RT | 00048/2024 | 88/218 (40.4%) | Falhas: 72
11:59:55 | INFO     | [11:59:55] ✅ DONE | RT | 00047/2024 | 89/218 (40.8%) | Falhas: 72
12:00:05 | INFO     | [12:00:05] ❌ ERRO_400 | RT | 00048/2025 | 90/218 (41.3%) | Falhas: 73
12:00:15 | INFO     | [12:00:15] ❌ ERRO_400 | RT | 00050/2024 | 91/218 (41.7%) | Falhas: 74
12:00:25 | INFO     | [12:00:25] ❌ ERRO_400 | RT | 00053/2024 | 92/218 (42.2%) | Falhas: 75
12:00:30 | INFO     | [12:00:30] ✅ DONE | RT | 00052/2025 | 93/218 (42.7%) | Falhas: 75
12:00:46 | INFO     | [12:00:46] ❌ ERRO_400 | RT | 00054/2025 | 94/218 (43.1%) | Falhas: 76
12:00:51 | INFO     | [12:00:51] ❌ ERRO_400 | RT | 00055/2024 | 95/218 (43.6%) | Falhas: 77
12:00:53 | INFO     | [12:00:53] ❌ ERRO_400 | RT | 00053/2025 | 96/218 (44.0%) | Falhas: 78
12:01:07 | INFO     | [12:01:07] ❌ ERRO_400 | RT | 00057/2024 | 97/218 (44.5%) | Falhas: 79
12:01:11 | INFO     | [12:01:11] ❌ ERRO_400 | RT | 00067/2024 | 98/218 (45.0%) | Falhas: 80
12:01:13 | INFO     | [12:01:13] ❌ ERRO_400 | RT | 00068/2024 | 99/218 (45.4%) | Falhas: 81
12:01:28 | INFO     | [12:01:28] ❌ ERRO_400 | RT | 00069/2024 | 100/218 (45.9%) | Falhas: 82
12:01:32 | INFO     | [12:01:32] ❌ ERRO_400 | RT | 00069/2025 | 101/218 (46.3%) | Falhas: 83
12:01:34 | INFO     | [12:01:34] ❌ ERRO_400 | RT | 00070/2024 | 102/218 (46.8%) | Falhas: 84
12:01:48 | INFO     | [12:01:48] ❌ ERRO_400 | RT | 00070/2025 | 103/218 (47.2%) | Falhas: 85
12:01:54 | INFO     | [12:01:54] ❌ ERRO_400 | RT | 00071/2025 | 104/218 (47.7%) | Falhas: 86
12:02:06 | INFO     | [12:02:06] ✅ DONE | RT | 00071/2024 | 105/218 (48.2%) | Falhas: 86
12:02:08 | INFO     | [12:02:08] ❌ ERRO_400 | RT | 00072/2024 | 106/218 (48.6%) | Falhas: 87
12:02:15 | INFO     | [12:02:15] ❌ ERRO_400 | RT | 00072/2025 | 107/218 (49.1%) | Falhas: 88
12:02:26 | INFO     | [12:02:26] ❌ ERRO_400 | RT | 00073/2025 | 108/218 (49.5%) | Falhas: 89
12:02:29 | INFO     | [12:02:29] ❌ ERRO_400 | RT | 00074/2024 | 109/218 (50.0%) | Falhas: 90
12:02:35 | INFO     | [12:02:35] ❌ ERRO_400 | RT | 00074/2025 | 110/218 (50.5%) | Falhas: 91
12:03:05 | INFO     | [12:03:05] ❌ ERRO_400 | RT | 00076/2024 | 111/218 (50.9%) | Falhas: 92
12:03:10 | INFO     | [12:03:10] ❌ ERRO_400 | RT | 00076/2025 | 112/218 (51.4%) | Falhas: 93
12:03:17 | INFO     | [12:03:17] ✅ DONE | RT | 00077/2024 | 113/218 (51.8%) | Falhas: 93
12:03:30 | INFO     | [12:03:30] ❌ ERRO_400 | RT | 00078/2024 | 114/218 (52.3%) | Falhas: 94
12:03:38 | INFO     | [12:03:38] ❌ ERRO_400 | RT | 00078/2025 | 115/218 (52.8%) | Falhas: 95
12:03:44 | INFO     | [12:03:44] ✅ DONE | RT | 00077/2025 | 116/218 (53.2%) | Falhas: 95
12:03:51 | INFO     | [12:03:51] ❌ ERRO_400 | RT | 00079/2024 | 117/218 (53.7%) | Falhas: 96
12:03:58 | INFO     | [12:03:58] ❌ ERRO_400 | RT | 00079/2025 | 118/218 (54.1%) | Falhas: 97
12:04:04 | INFO     | [12:04:04] ❌ ERRO_400 | RT | 00081/2024 | 119/218 (54.6%) | Falhas: 98
12:04:11 | INFO     | [12:04:11] ❌ ERRO_400 | RT | 00081/2025 | 120/218 (55.0%) | Falhas: 99
12:04:18 | INFO     | [12:04:18] ❌ ERRO_400 | RT | 00083/2024 | 121/218 (55.5%) | Falhas: 100
12:04:24 | INFO     | [12:04:24] ❌ ERRO_400 | RT | 00084/2024 | 122/218 (56.0%) | Falhas: 101
12:04:45 | INFO     | [12:04:45] ❌ ERRO_400 | RT | 00086/2025 | 123/218 (56.4%) | Falhas: 102
12:04:57 | INFO     | [12:04:57] ❌ ERRO_400 | RT | 00084/2025 | 124/218 (56.9%) | Falhas: 103
12:04:58 | INFO     | [12:04:58] ✅ DONE | RT | 00085/2024 | 125/218 (57.3%) | Falhas: 103
12:05:17 | INFO     | [12:05:17] ✅ DONE | RT | 00088/2024 | 126/218 (57.8%) | Falhas: 103
12:05:19 | INFO     | [12:05:19] ❌ ERRO_400 | RT | 00089/2024 | 127/218 (58.3%) | Falhas: 104
12:05:39 | INFO     | [12:05:39] ❌ ERRO_400 | RT | 00088/2025 | 128/218 (58.7%) | Falhas: 105
12:05:50 | INFO     | [12:05:50] ✅ DONE | RT | 00089/2025 | 129/218 (59.2%) | Falhas: 105
12:05:53 | INFO     | [12:05:53] ✅ DONE | RT | 00090/2024 | 130/218 (59.6%) | Falhas: 105
12:06:17 | INFO     | [12:06:17] ✅ DONE | RT | 00090/2025 | 131/218 (60.1%) | Falhas: 105
12:06:29 | INFO     | [12:06:29] ✅ DONE | RT | 00091/2024 | 132/218 (60.6%) | Falhas: 105
12:06:31 | INFO     | [12:06:31] ✅ DONE | RT | 00091/2025 | 133/218 (61.0%) | Falhas: 105
12:06:38 | INFO     | [12:06:38] ❌ ERRO_400 | RT | 00092/2024 | 134/218 (61.5%) | Falhas: 106
12:06:50 | INFO     | [12:06:50] ❌ ERRO_400 | RT | 00092/2025 | 135/218 (61.9%) | Falhas: 107
12:06:58 | INFO     | [12:06:58] ❌ ERRO_400 | RT | 00093/2025 | 136/218 (62.4%) | Falhas: 108
12:07:09 | INFO     | [12:07:09] ❌ ERRO_400 | RT | 00093/2024 | 137/218 (62.8%) | Falhas: 109
12:07:17 | INFO     | [12:07:17] ✅ DONE | RT | 00094/2024 | 138/218 (63.3%) | Falhas: 109
12:07:29 | INFO     | [12:07:29] ✅ DONE | RT | 00094/2025 | 139/218 (63.8%) | Falhas: 109
12:07:45 | INFO     | [12:07:45] ✅ DONE | RT | 00095/2024 | 140/218 (64.2%) | Falhas: 109
12:07:46 | INFO     | [12:07:46] ✅ DONE | RT | 00096/2025 | 141/218 (64.7%) | Falhas: 109
12:07:52 | INFO     | [12:07:52] ✅ DONE | RT | 00097/2024 | 142/218 (65.1%) | Falhas: 109
12:07:58 | INFO     | [12:07:58] ❌ ERRO_400 | RT | 00096/2024 | 143/218 (65.6%) | Falhas: 110
12:08:03 | INFO     | [12:08:03] ✅ DONE | RT | 00097/2025 | 144/218 (66.1%) | Falhas: 110
12:08:16 | INFO     | [12:08:16] ✅ DONE | RT | 00098/2024 | 145/218 (66.5%) | Falhas: 110
12:08:23 | INFO     | [12:08:23] ❌ ERRO_400 | RT | 00099/2025 | 146/218 (67.0%) | Falhas: 111
12:08:32 | INFO     | [12:08:32] ✅ DONE | RT | 00099/2024 | 147/218 (67.4%) | Falhas: 111
12:08:52 | INFO     | [12:08:52] ❌ ERRO_400 | RT | 00101/2024 | 148/218 (67.9%) | Falhas: 112
12:08:55 | INFO     | [12:08:55] ✅ DONE | RT | 00100/2025 | 149/218 (68.3%) | Falhas: 112
12:09:00 | INFO     | [12:09:00] ❌ ERRO_400 | RT | 00100/2024 | 150/218 (68.8%) | Falhas: 113
12:09:12 | INFO     | [12:09:12] ❌ ERRO_400 | RT | 00105/2025 | 151/218 (69.3%) | Falhas: 114
12:09:16 | INFO     | [12:09:16] ❌ ERRO_400 | RT | 00106/2025 | 152/218 (69.7%) | Falhas: 115
12:09:36 | INFO     | [12:09:36] ❌ ERRO_400 | RT | 00110/2025 | 153/218 (70.2%) | Falhas: 116
12:09:43 | INFO     | [12:09:43] ❌ ERRO_400 | RT | 00107/2025 | 154/218 (70.6%) | Falhas: 117
12:09:48 | INFO     | [12:09:48] ✅ DONE | RT | 00108/2025 | 155/218 (71.1%) | Falhas: 117
12:09:56 | INFO     | [12:09:56] ❌ ERRO_400 | RT | 00118/2025 | 156/218 (71.6%) | Falhas: 118
12:10:03 | INFO     | [12:10:03] ❌ ERRO_400 | RT | 00121/2025 | 157/218 (72.0%) | Falhas: 119
12:10:09 | INFO     | [12:10:09] ❌ ERRO_400 | RT | 00123/2025 | 158/218 (72.5%) | Falhas: 120
12:10:17 | INFO     | [12:10:17] ❌ ERRO_400 | RT | 00125/2025 | 159/218 (72.9%) | Falhas: 121
12:10:37 | INFO     | [12:10:37] ❌ ERRO_400 | RT | 00129/2025 | 160/218 (73.4%) | Falhas: 122
12:10:42 | INFO     | [12:10:42] ❌ ERRO_400 | RT | 00127/2025 | 161/218 (73.9%) | Falhas: 123
12:10:49 | INFO     | [12:10:49] ✅ DONE | RT | 00128/2025 | 162/218 (74.3%) | Falhas: 123
12:10:58 | INFO     | [12:10:58] ❌ ERRO_400 | RT | 00131/2023 | 163/218 (74.8%) | Falhas: 124
12:11:10 | INFO     | [12:11:10] ❌ ERRO_400 | RT | 00132/2025 | 164/218 (75.2%) | Falhas: 125
12:11:22 | INFO     | [12:11:22] ❌ ERRO_400 | RT | 00131/2025 | 165/218 (75.7%) | Falhas: 126
12:11:30 | INFO     | [12:11:30] ❌ ERRO_400 | RT | 00134/2025 | 166/218 (76.1%) | Falhas: 127
12:11:38 | INFO     | [12:11:38] ❌ ERRO_400 | RT | 00133/2025 | 167/218 (76.6%) | Falhas: 128
12:11:51 | INFO     | [12:11:51] ❌ ERRO_400 | RT | 00136/2025 | 168/218 (77.1%) | Falhas: 129
12:11:59 | INFO     | [12:11:59] ❌ ERRO_400 | RT | 00137/2025 | 169/218 (77.5%) | Falhas: 130
12:12:02 | INFO     | [12:12:02] ✅ DONE | RT | 00135/2025 | 170/218 (78.0%) | Falhas: 130
12:12:23 | INFO     | [12:12:23] ❌ ERRO_400 | RT | 00140/2025 | 171/218 (78.4%) | Falhas: 131
12:12:31 | INFO     | [12:12:31] ❌ ERRO_400 | RT | 00138/2025 | 172/218 (78.9%) | Falhas: 132
12:12:33 | INFO     | [12:12:33] ✅ DONE | RT | 00139/2025 | 173/218 (79.4%) | Falhas: 132
12:12:54 | INFO     | [12:12:54] ❌ ERRO_400 | RT | 00143/2025 | 174/218 (79.8%) | Falhas: 133
12:13:01 | INFO     | [12:13:01] ✅ DONE | RT | 00141/2025 | 175/218 (80.3%) | Falhas: 133
12:13:09 | INFO     | [12:13:09] ❌ ERRO_400 | RT | 00142/2025 | 176/218 (80.7%) | Falhas: 134
12:13:14 | INFO     | [12:13:14] ❌ ERRO_400 | RT | 00144/2025 | 177/218 (81.2%) | Falhas: 135
12:13:30 | INFO     | [12:13:30] ❌ ERRO_400 | RT | 00146/2025 | 178/218 (81.7%) | Falhas: 136
12:13:35 | INFO     | [12:13:35] ❌ ERRO_400 | RT | 00147/2025 | 179/218 (82.1%) | Falhas: 137
12:13:37 | INFO     | [12:13:37] ✅ DONE | RT | 00145/2025 | 180/218 (82.6%) | Falhas: 137
12:13:50 | INFO     | [12:13:50] ❌ ERRO_400 | RT | 00148/2025 | 181/218 (83.0%) | Falhas: 138
12:13:55 | INFO     | [12:13:55] ❌ ERRO_400 | RT | 00149/2025 | 182/218 (83.5%) | Falhas: 139
12:14:11 | INFO     | [12:14:11] ❌ ERRO_400 | RT | 00151/2025 | 183/218 (83.9%) | Falhas: 140
12:14:16 | INFO     | [12:14:16] ❌ ERRO_400 | RT | 00152/2025 | 184/218 (84.4%) | Falhas: 141
12:14:19 | INFO     | [12:14:19] ❌ ERRO_400 | RT | 00150/2025 | 185/218 (84.9%) | Falhas: 142
12:14:32 | INFO     | [12:14:32] ✅ DONE | RT | 00153/2025 | 186/218 (85.3%) | Falhas: 142
12:14:49 | INFO     | [12:14:49] ✅ DONE | RT | 00157/2025 | 187/218 (85.8%) | Falhas: 142
12:14:49 | INFO     | [12:14:49] ✅ DONE | RT | 00155/2025 | 188/218 (86.2%) | Falhas: 142
12:15:07 | INFO     | [12:15:07] ✅ DONE | RT | 00161/2025 | 189/218 (86.7%) | Falhas: 142
12:15:22 | INFO     | [12:15:22] ✅ DONE | RT | 00164/2025 | 190/218 (87.2%) | Falhas: 142
12:15:27 | INFO     | [12:15:27] ❌ ERRO_400 | RT | 00163/2025 | 191/218 (87.6%) | Falhas: 143
12:15:27 | INFO     | [12:15:27] ❌ ERRO_400 | RT | 00165/2025 | 192/218 (88.1%) | Falhas: 144
12:15:47 | INFO     | [12:15:47] ❌ ERRO_400 | RT | 00168/2025 | 193/218 (88.5%) | Falhas: 145
12:15:48 | INFO     | [12:15:48] ❌ ERRO_400 | RT | 00170/2025 | 194/218 (89.0%) | Falhas: 146
12:16:03 | INFO     | [12:16:03] ❌ ERRO_400 | RT | 00167/2025 | 195/218 (89.4%) | Falhas: 147
12:16:08 | INFO     | [12:16:08] ❌ ERRO_400 | RT | 00171/2025 | 196/218 (89.9%) | Falhas: 148
12:16:08 | INFO     | [12:16:08] ❌ ERRO_400 | RT | 00173/2025 | 197/218 (90.4%) | Falhas: 149
12:16:23 | INFO     | [12:16:23] ❌ ERRO_400 | RT | 00174/2025 | 198/218 (90.8%) | Falhas: 150
12:16:28 | INFO     | [12:16:28] ❌ ERRO_400 | RT | 00178/2025 | 199/218 (91.3%) | Falhas: 151
12:16:29 | INFO     | [12:16:29] ❌ ERRO_400 | RT | 00179/2025 | 200/218 (91.7%) | Falhas: 152
12:16:44 | INFO     | [12:16:44] ❌ ERRO_400 | RT | 00180/2025 | 201/218 (92.2%) | Falhas: 153
12:16:48 | INFO     | [12:16:48] ❌ ERRO_400 | RT | 00181/2025 | 202/218 (92.7%) | Falhas: 154
12:16:49 | INFO     | [12:16:49] ❌ ERRO_400 | RT | 00182/2025 | 203/218 (93.1%) | Falhas: 155
12:17:04 | INFO     | [12:17:04] ❌ ERRO_400 | RT | 00183/2025 | 204/218 (93.6%) | Falhas: 156
12:17:09 | INFO     | [12:17:09] ❌ ERRO_400 | RT | 00189/2025 | 205/218 (94.0%) | Falhas: 157
12:17:09 | INFO     | [12:17:09] ❌ ERRO_400 | RT | 00191/2025 | 206/218 (94.5%) | Falhas: 158
12:17:24 | INFO     | [12:17:24] ❌ ERRO_400 | RT | 00195/2025 | 207/218 (95.0%) | Falhas: 159
12:17:29 | INFO     | [12:17:29] ❌ ERRO_400 | RT | 00201/2025 | 208/218 (95.4%) | Falhas: 160
12:17:30 | INFO     | [12:17:30] ❌ ERRO_400 | RT | 00206/2025 | 209/218 (95.9%) | Falhas: 161
12:17:45 | INFO     | [12:17:45] ❌ ERRO_400 | RT | 00209/2025 | 210/218 (96.3%) | Falhas: 162
12:17:50 | INFO     | [12:17:50] ❌ ERRO_400 | RT | 00211/2025 | 211/218 (96.8%) | Falhas: 163
12:17:51 | INFO     | [12:17:51] ❌ ERRO_400 | RT | 00212/2025 | 212/218 (97.2%) | Falhas: 164
12:18:05 | INFO     | [12:18:05] ❌ ERRO_400 | RT | 00213/2025 | 213/218 (97.7%) | Falhas: 165
12:18:10 | INFO     | [12:18:10] ❌ ERRO_400 | RT | 00214/2025 | 214/218 (98.2%) | Falhas: 166
12:18:11 | INFO     | [12:18:11] ❌ ERRO_400 | RT | 00821/2024 | 215/218 (98.6%) | Falhas: 167
12:18:26 | INFO     | [12:18:26] ❌ ERRO_400 | RT | 90014/2024 | 216/218 (99.1%) | Falhas: 168
12:18:30 | INFO     | [12:18:30] ❌ ERRO_400 | RT | 91400/2024 | 217/218 (99.5%) | Falhas: 169
12:18:31 | INFO     | [12:18:31] ❌ ERRO_400 | RT | 99263/2025 | 218/218 (100.0%) | Falhas: 170
12:18:31 | INFO     | ✅ FIM | Falhas: 170 | SKIPs: 0
12:18:31 | INFO     | ============================================================
12:18:31 | INFO     | 📤 GERANDO atas_saldos.csv...
12:18:31 | INFO     | 📂 369 arquivo(s) de saldos encontrado(s). Processando...
12:18:32 | INFO     | ✅ CSV gerado: data\atas_saldos.csv
12:18:32 | INFO     | Registros        : 2358
12:18:32 | INFO     | Participantes    : 2101
12:18:32 | INFO     | Não participantes: 150
12:18:32 | INFO     | Colunas          : 12
12:18:32 | INFO     | ============================================================
12:18:32 | INFO     | 🏢 INICIANDO EXTRAÇÃO DE UNIDADES PARTICIPANTES
12:18:32 | INFO     | UASG        : RT (158132)
12:18:32 | INFO     | A extrair   : 0
12:18:32 | INFO     | ⏭️  Tudo em cache. Nada a extrair.
12:18:32 | INFO     | ============================================================
12:18:32 | INFO     | 📤 GERANDO atas_unidades.csv...
12:18:32 | INFO     | 📂 2961 arquivo(s) de unidades encontrado(s). Processando...
12:18:33 | INFO     | ✅ CSV gerado: data\atas_unidades.csv
12:18:33 | INFO     | Registros        : 9567
12:18:33 | INFO     | Participantes    : 6621
12:18:33 | INFO     | Não participantes: 2946
12:18:33 | INFO     | Aceita adesão    : 3735
12:18:33 | INFO     | Colunas          : 27
12:18:33 | INFO     | ============================================================
12:18:33 | INFO     | ============================================================
12:18:33 | INFO     | 📊 RESUMO FINAL
12:18:33 | INFO     |   Falhas compras        : 2
12:18:33 | INFO     |   Falhas itens          : 4
12:18:33 | INFO     |   Falhas atas           : 4
12:18:33 | INFO     |   Falhas atas_itens     : 0
12:18:33 | INFO     |   Falhas atas_saldos    : 170
12:18:33 | INFO     |   Falhas atas_unidades  : 0
12:18:33 | INFO     | ⚠️  Pipeline finalizado com 180 falha(s).
