13:40:04 | INFO     | 🚀 INICIANDO PIPELINE DE EXTRAÇÃO DE COMPRAS PÚBLICAS
13:40:04 | INFO     | ============================================================
13:40:04 | INFO     | ℹ️  Módulo LEGADO está desativado em config.config['CONFIG_APIS']['LEGADO']['executar_legado']; pulando extração.
13:40:04 | INFO     | ▶ Módulo LEI 14.133 — 24 tarefas | 2 threads
13:40:06 | INFO     | ✅ DONE | RT | PNCP-CONCORRENCIA     | 2021 | 1/24 (4.2%) | Falhas: 0
13:40:06 | INFO     | ✅ DONE | RT | PNCP-PREGAO           | 2021 | 2/24 (8.3%) | Falhas: 0
13:40:06 | INFO     | ✅ DONE | RT | PNCP-DISPENSA         | 2021 | 3/24 (12.5%) | Falhas: 0
13:40:06 | INFO     | ✅ DONE | RT | PNCP-INEXIGIBILIDADE  | 2021 | 4/24 (16.7%) | Falhas: 0
13:40:07 | INFO     | ✅ DONE | RT | PNCP-CONCORRENCIA     | 2022 | 5/24 (20.8%) | Falhas: 0
13:40:07 | INFO     | ✅ DONE | RT | PNCP-DISPENSA         | 2022 | 6/24 (25.0%) | Falhas: 0
13:40:08 | INFO     | ✅ DONE | RT | PNCP-PREGAO           | 2022 | 7/24 (29.2%) | Falhas: 0
13:40:08 | INFO     | ✅ DONE | RT | PNCP-INEXIGIBILIDADE  | 2022 | 8/24 (33.3%) | Falhas: 0
13:40:08 | INFO     | ✅ DONE | RT | PNCP-CONCORRENCIA     | 2023 | 9/24 (37.5%) | Falhas: 0
13:40:09 | INFO     | ✅ DONE | RT | PNCP-PREGAO           | 2023 | 10/24 (41.7%) | Falhas: 0
13:40:09 | INFO     | ✅ DONE | RT | PNCP-INEXIGIBILIDADE  | 2023 | 11/24 (45.8%) | Falhas: 0
13:40:09 | INFO     | ✅ DONE | RT | PNCP-DISPENSA         | 2023 | 12/24 (50.0%) | Falhas: 0
13:40:10 | INFO     | ✅ DONE | RT | PNCP-CONCORRENCIA     | 2024 | 13/24 (54.2%) | Falhas: 0
13:40:10 | INFO     | ✅ DONE | RT | PNCP-PREGAO           | 2024 | 14/24 (58.3%) | Falhas: 0
13:40:10 | INFO     | ✅ DONE | RT | PNCP-DISPENSA         | 2024 | 15/24 (62.5%) | Falhas: 0
13:40:11 | INFO     | ✅ DONE | RT | PNCP-INEXIGIBILIDADE  | 2024 | 16/24 (66.7%) | Falhas: 0
13:40:11 | INFO     | ✅ DONE | RT | PNCP-CONCORRENCIA     | 2025 | 17/24 (70.8%) | Falhas: 0
13:40:11 | INFO     | ✅ DONE | RT | PNCP-PREGAO           | 2025 | 18/24 (75.0%) | Falhas: 0
13:40:12 | INFO     | ✅ DONE | RT | PNCP-DISPENSA         | 2025 | 19/24 (79.2%) | Falhas: 0
13:40:12 | INFO     | ✅ DONE | RT | PNCP-INEXIGIBILIDADE  | 2025 | 20/24 (83.3%) | Falhas: 0
13:40:12 | INFO     | ✅ DONE | RT | PNCP-CONCORRENCIA     | 2026 | 21/24 (87.5%) | Falhas: 0
13:40:12 | INFO     | ✅ DONE | RT | PNCP-PREGAO           | 2026 | 22/24 (91.7%) | Falhas: 0
13:40:13 | INFO     | ✅ DONE | RT | PNCP-DISPENSA         | 2026 | 23/24 (95.8%) | Falhas: 0
13:40:13 | INFO     | ✅ DONE | RT | PNCP-INEXIGIBILIDADE  | 2026 | 24/24 (100.0%) | Falhas: 0
13:40:13 | INFO     |    Concluído — DONE: 24 | SKIP: 0 | FAIL: 0
13:40:13 | INFO     | ============================================================
13:40:13 | INFO     | 📊 RESUMO DA EXTRAÇÃO DE COMPRAS
13:40:13 | INFO     |   Falhas Legado   : 0
13:40:13 | INFO     |   Falhas Lei14133 : 0
13:40:13 | INFO     |   SKIPs           : 0
13:40:13 | INFO     | ============================================================
13:40:13 | INFO     | 📤 GERANDO compras.csv...
13:40:13 | INFO     | 📂 415 arquivo(s) encontrado(s). Processando...
13:40:13 | INFO     | ✅ CSV gerado: data\compras.csv
13:40:13 | INFO     | IDs únicos     : 2367
13:40:13 | INFO     | Legado         : 1924
13:40:13 | INFO     | Lei 14.133     : 443
13:40:13 | INFO     | Com responsável: 2061
13:40:13 | INFO     | Sem objeto     : 0
13:40:13 | INFO     | Colunas        : 27
13:40:13 | INFO     | ============================================================
13:40:13 | INFO     | 🔩 INICIANDO EXTRAÇÃO DE ITENS
13:40:13 | INFO     | 🔍 Coletando ids de compras para montar a fila de itens...
13:40:14 | INFO     | IDs únicos     : 2367
13:40:14 | INFO     | Consultas prev.: 4679  (vs 9468 no modo bruto)
13:40:14 | INFO     | Já em cache    : 4672
13:40:14 | INFO     | A extrair      : 7
13:40:14 | INFO     | TOTAL fila     : 7
13:40:14 | INFO     | 🚀 INICIANDO EXTRAÇÃO DE ITENS | WORKERS: 3 | TOTAL: 7
13:40:14 | INFO     | [13:40:14] 🌐 Consultando | 15813205902802025 | pncp p1...
13:40:14 | INFO     | [13:40:14] 🌐 Consultando | 15813206000472026 | pncp p1...
13:40:14 | INFO     | [13:40:14] 🌐 Consultando | 15813206000512026 | pncp p1...
13:40:15 | INFO     | [13:40:15] ✅ SUCESSO | 15813206000472026 | pncp | 1/7 (14.3%) | Falhas: 0
13:40:15 | INFO     | [13:40:15] 🌐 Consultando | 15813206000892026 | pncp p1...
13:40:15 | INFO     | [13:40:15] 🌐 Consultando | 15813206000512026 | pncp p2...
13:40:15 | INFO     | [13:40:15] 🌐 Consultando | 15813205902802025 | pncp p2...
13:40:15 | INFO     | [13:40:15] 🔁 LOOP detectado (API) | 15813206000512026 | pncp p2 — parando.
13:40:15 | INFO     | [13:40:15] ✅ DONE | 15813206000512026 | pncp | 2/7 (28.6%) | Falhas: 0
13:40:15 | INFO     | [13:40:15] 🌐 Consultando | 15813206000912026 | pncp p1...
13:40:15 | INFO     | [13:40:15] 🌐 Consultando | 15813206000892026 | pncp p2...
13:40:16 | INFO     | [13:40:16] 🔁 LOOP detectado (API) | 15813205902802025 | pncp p2 — parando.
13:40:16 | INFO     | [13:40:16] ✅ DONE | 15813205902802025 | pncp | 3/7 (42.9%) | Falhas: 0
13:40:16 | INFO     | [13:40:16] 🌐 Consultando | 15813206000972026 | pncp p1...
13:40:16 | INFO     | [13:40:16] 🔁 LOOP detectado (API) | 15813206000892026 | pncp p2 — parando.
13:40:16 | INFO     | [13:40:16] ✅ DONE | 15813206000892026 | pncp | 4/7 (57.1%) | Falhas: 0
13:40:16 | INFO     | [13:40:16] 🌐 Consultando | 15813206001062026 | pncp p1...
13:40:16 | INFO     | [13:40:16] 🌐 Consultando | 15813206000912026 | pncp p2...
13:40:16 | INFO     | [13:40:16] 🌐 Consultando | 15813206000972026 | pncp p2...
13:40:16 | INFO     | [13:40:16] 🌐 Consultando | 15813206001062026 | pncp p2...
13:40:16 | INFO     | [13:40:16] 🔁 LOOP detectado (API) | 15813206000912026 | pncp p2 — parando.
13:40:16 | INFO     | [13:40:16] ✅ DONE | 15813206000912026 | pncp | 5/7 (71.4%) | Falhas: 0
13:40:17 | INFO     | [13:40:17] 🔁 LOOP detectado (API) | 15813206000972026 | pncp p2 — parando.
13:40:17 | INFO     | [13:40:17] ✅ DONE | 15813206000972026 | pncp | 6/7 (85.7%) | Falhas: 0
13:40:17 | INFO     | [13:40:17] 🔁 LOOP detectado (API) | 15813206001062026 | pncp p2 — parando.
13:40:17 | INFO     | [13:40:17] ✅ DONE | 15813206001062026 | pncp | 7/7 (100.0%) | Falhas: 0
13:40:17 | INFO     | ✅ FIM | Falhas: 0 | SKIPs: 0
13:40:17 | INFO     | ============================================================
13:40:17 | INFO     | 📤 GERANDO compras_itens.csv...
13:40:17 | INFO     | 📂 6971 arquivo(s) de itens encontrado(s). Processando...
13:40:20 | INFO     | ✅ CSV gerado: data\compras_itens.csv
13:40:20 | INFO     | Itens únicos  : 27646
13:40:20 | INFO     | Legado        : 20870
13:40:20 | INFO     | Lei 14.133    : 6776
13:40:20 | INFO     | Colunas       : 33
13:40:20 | INFO     | ============================================================
13:40:20 | INFO     | 📋 INICIANDO EXTRAÇÃO DE ATAS
13:40:20 | INFO     | UASG      : RT (158132)
13:40:20 | INFO     | Anos      : 2023–2027
13:40:20 | INFO     | A extrair : 5
13:40:20 | INFO     | 🚀 INICIANDO EXTRAÇÃO DE ATAS | WORKERS: 3 | TOTAL: 5
13:40:21 | INFO     | [13:40:21] ✅ DONE | RT | 2025 | 1/5 (20.0%) | Falhas: 0
13:40:21 | INFO     | [13:40:21] ✅ DONE | RT | 2023 | 2/5 (40.0%) | Falhas: 0
13:40:21 | INFO     | [13:40:21] ✅ DONE | RT | 2026 | 3/5 (60.0%) | Falhas: 0
13:40:22 | INFO     | [13:40:22] ✅ DONE | RT | 2027 | 4/5 (80.0%) | Falhas: 0
13:40:22 | INFO     | [13:40:22] ✅ DONE | RT | 2024 | 5/5 (100.0%) | Falhas: 0
13:40:22 | INFO     | ✅ FIM | Falhas: 0
13:40:22 | INFO     | ============================================================
13:40:22 | INFO     | 📤 GERANDO atas.csv...
13:40:22 | INFO     | 📂 6 arquivo(s) de atas encontrado(s). Processando...
13:40:22 | INFO     | ✅ CSV gerado: data\atas.csv
13:40:22 | INFO     | Atas únicas   : 376
13:40:22 | INFO     | Atas excluídas: 0
13:40:22 | INFO     | Colunas       : 22
13:40:22 | INFO     | ============================================================
13:40:22 | INFO     | 📦 INICIANDO EXTRAÇÃO DE ITENS DAS ATAS
13:40:22 | INFO     | UASG        : RT (158132)
13:40:22 | INFO     | Anos        : 2023–2027
13:40:22 | INFO     | Já em cache : 5
13:40:22 | INFO     | A extrair   : 0
13:40:22 | INFO     | ⏭️  Tudo em cache. Nada a extrair.
13:40:22 | INFO     | ============================================================
13:40:22 | INFO     | 📤 GERANDO atas_itens.csv...
13:40:22 | INFO     | ✅ Mapa de atas carregado: 66 compras | 376 atas conhecidas
13:40:22 | INFO     | 📂 9 arquivo(s) de itens de atas encontrado(s). Processando...
13:40:22 | INFO     | ✅ Nenhuma ata ausente detectada.
13:40:22 | INFO     | ✅ CSV gerado: data\atas_itens.csv
13:40:22 | INFO     | Itens únicos     : 2961
13:40:22 | INFO     | Material         : 2406
13:40:22 | INFO     | Serviço          : 555
13:40:22 | INFO     | Excluídos        : 0
13:40:22 | INFO     | Sem id_compra    : 0
13:40:22 | INFO     | Sem numero_compra: 0
13:40:22 | INFO     | Colunas          : 35
13:40:22 | INFO     | ============================================================
13:40:22 | INFO     | 💰 INICIANDO EXTRAÇÃO DE SALDOS DAS ATAS
13:40:22 | INFO     | UASG             : RT (158132)
13:40:22 | INFO     | Validade cache   : 3 dias
13:40:22 | INFO     | A extrair/atualizar: 376
13:40:22 | INFO     | 🚀 INICIANDO EXTRAÇÃO DE SALDOS | WORKERS: 3 | TOTAL: 376
13:40:35 | INFO     | [13:40:35] ✅ DONE | RT | 00001/2024 | 1/376 (0.3%) | Falhas: 0
13:40:38 | INFO     | [13:40:38] ✅ DONE | RT | 00001/2025 | 2/376 (0.5%) | Falhas: 0
13:40:39 | INFO     | [13:40:39] ✅ DONE | RT | 00001/2026 | 3/376 (0.8%) | Falhas: 0
13:40:40 | INFO     | [13:40:40] ✅ DONE | RT | 00002/2024 | 4/376 (1.1%) | Falhas: 0
13:40:41 | INFO     | [13:40:41] ✅ DONE | RT | 00002/2023 | 5/376 (1.3%) | Falhas: 0
13:40:41 | INFO     | [13:40:41] ✅ DONE | RT | 00002/2025 | 6/376 (1.6%) | Falhas: 0
13:40:41 | INFO     | [13:40:41] ✅ DONE | RT | 00002/2026 | 7/376 (1.9%) | Falhas: 0
13:40:42 | INFO     | [13:40:42] ✅ DONE | RT | 00003/2023 | 8/376 (2.1%) | Falhas: 0
13:40:43 | INFO     | [13:40:43] ✅ DONE | RT | 00003/2025 | 9/376 (2.4%) | Falhas: 0
13:40:44 | INFO     | [13:40:44] ✅ DONE | RT | 00003/2026 | 10/376 (2.7%) | Falhas: 0
13:40:45 | INFO     | [13:40:45] ✅ DONE | RT | 00004/2023 | 11/376 (2.9%) | Falhas: 0
13:40:46 | INFO     | [13:40:46] ✅ DONE | RT | 00004/2024 | 12/376 (3.2%) | Falhas: 0
13:40:46 | INFO     | [13:40:46] ✅ DONE | RT | 00003/2024 | 13/376 (3.5%) | Falhas: 0
13:40:47 | INFO     | [13:40:47] ✅ DONE | RT | 00004/2025 | 14/376 (3.7%) | Falhas: 0
13:40:47 | INFO     | [13:40:47] ✅ DONE | RT | 00004/2026 | 15/376 (4.0%) | Falhas: 0
13:40:47 | INFO     | [13:40:47] ✅ DONE | RT | 00005/2023 | 16/376 (4.3%) | Falhas: 0
13:40:48 | INFO     | [13:40:48] ✅ DONE | RT | 00005/2025 | 17/376 (4.5%) | Falhas: 0
13:40:49 | INFO     | [13:40:49] ✅ DONE | RT | 00005/2026 | 18/376 (4.8%) | Falhas: 0
13:40:50 | INFO     | [13:40:50] ✅ DONE | RT | 00006/2023 | 19/376 (5.1%) | Falhas: 0
13:40:50 | INFO     | [13:40:50] ✅ DONE | RT | 00005/2024 | 20/376 (5.3%) | Falhas: 0
13:40:51 | INFO     | [13:40:51] ✅ DONE | RT | 00006/2024 | 21/376 (5.6%) | Falhas: 0
13:40:52 | INFO     | [13:40:52] ✅ DONE | RT | 00006/2025 | 22/376 (5.9%) | Falhas: 0
13:40:52 | INFO     | [13:40:52] ✅ DONE | RT | 00006/2026 | 23/376 (6.1%) | Falhas: 0
13:40:53 | INFO     | [13:40:53] ✅ DONE | RT | 00007/2024 | 24/376 (6.4%) | Falhas: 0
13:40:54 | INFO     | [13:40:54] ✅ DONE | RT | 00007/2025 | 25/376 (6.6%) | Falhas: 0
13:40:54 | INFO     | [13:40:54] ✅ DONE | RT | 00007/2026 | 26/376 (6.9%) | Falhas: 0
13:40:55 | INFO     | [13:40:55] ✅ DONE | RT | 00007/2023 | 27/376 (7.2%) | Falhas: 0
13:40:55 | INFO     | [13:40:55] ✅ DONE | RT | 00008/2024 | 28/376 (7.4%) | Falhas: 0
13:40:56 | INFO     | [13:40:56] ✅ DONE | RT | 00008/2025 | 29/376 (7.7%) | Falhas: 0
13:40:57 | INFO     | [13:40:57] ✅ DONE | RT | 00008/2026 | 30/376 (8.0%) | Falhas: 0
13:40:58 | INFO     | [13:40:58] ✅ DONE | RT | 00008/2023 | 31/376 (8.2%) | Falhas: 0
13:40:58 | INFO     | [13:40:58] ✅ DONE | RT | 00009/2023 | 32/376 (8.5%) | Falhas: 0
13:40:58 | INFO     | [13:40:58] ✅ DONE | RT | 00009/2024 | 33/376 (8.8%) | Falhas: 0
13:40:59 | INFO     | [13:40:59] ✅ DONE | RT | 00009/2025 | 34/376 (9.0%) | Falhas: 0
13:40:59 | INFO     | [13:40:59] ✅ DONE | RT | 00009/2026 | 35/376 (9.3%) | Falhas: 0
13:41:00 | INFO     | [13:41:00] ✅ DONE | RT | 00010/2023 | 36/376 (9.6%) | Falhas: 0
13:41:02 | INFO     | [13:41:02] ✅ DONE | RT | 00010/2025 | 37/376 (9.8%) | Falhas: 0
13:41:03 | INFO     | [13:41:03] ✅ DONE | RT | 00010/2026 | 38/376 (10.1%) | Falhas: 0
13:41:04 | INFO     | [13:41:04] ✅ DONE | RT | 00011/2023 | 39/376 (10.4%) | Falhas: 0
13:41:05 | INFO     | [13:41:05] ✅ DONE | RT | 00010/2024 | 40/376 (10.6%) | Falhas: 0
13:41:06 | INFO     | [13:41:06] ✅ DONE | RT | 00011/2025 | 41/376 (10.9%) | Falhas: 0
13:41:06 | INFO     | [13:41:06] ✅ DONE | RT | 00011/2026 | 42/376 (11.2%) | Falhas: 0
13:41:07 | INFO     | [13:41:07] ✅ DONE | RT | 00012/2023 | 43/376 (11.4%) | Falhas: 0
13:41:08 | INFO     | [13:41:08] ✅ DONE | RT | 00012/2024 | 44/376 (11.7%) | Falhas: 0
13:41:08 | INFO     | [13:41:08] ✅ DONE | RT | 00012/2026 | 45/376 (12.0%) | Falhas: 0
13:41:10 | INFO     | [13:41:10] ✅ DONE | RT | 00013/2023 | 46/376 (12.2%) | Falhas: 0
13:41:11 | INFO     | [13:41:11] ✅ DONE | RT | 00011/2024 | 47/376 (12.5%) | Falhas: 0
13:41:12 | INFO     | [13:41:12] ✅ DONE | RT | 00013/2026 | 48/376 (12.8%) | Falhas: 0
13:41:15 | INFO     | [13:41:15] ✅ DONE | RT | 00014/2023 | 49/376 (13.0%) | Falhas: 0
13:41:16 | INFO     | [13:41:16] ✅ DONE | RT | 00014/2024 | 50/376 (13.3%) | Falhas: 0
13:41:17 | INFO     | [13:41:17] ✅ DONE | RT | 00014/2026 | 51/376 (13.6%) | Falhas: 0
13:41:17 | INFO     | [13:41:17] ✅ DONE | RT | 00013/2024 | 52/376 (13.8%) | Falhas: 0
13:41:18 | INFO     | [13:41:18] ✅ DONE | RT | 00015/2023 | 53/376 (14.1%) | Falhas: 0
13:41:18 | INFO     | [13:41:18] ✅ DONE | RT | 00015/2024 | 54/376 (14.4%) | Falhas: 0
13:41:19 | INFO     | [13:41:19] ✅ DONE | RT | 00015/2026 | 55/376 (14.6%) | Falhas: 0
13:41:19 | INFO     | [13:41:19] ✅ DONE | RT | 00015/2025 | 56/376 (14.9%) | Falhas: 0
13:41:20 | INFO     | [13:41:20] ✅ DONE | RT | 00016/2023 | 57/376 (15.2%) | Falhas: 0
13:41:20 | INFO     | [13:41:20] ✅ DONE | RT | 00016/2024 | 58/376 (15.4%) | Falhas: 0
13:41:21 | INFO     | [13:41:21] ✅ DONE | RT | 00016/2025 | 59/376 (15.7%) | Falhas: 0
13:41:21 | INFO     | [13:41:21] ✅ DONE | RT | 00016/2026 | 60/376 (16.0%) | Falhas: 0
13:41:22 | INFO     | [13:41:22] ✅ DONE | RT | 00017/2023 | 61/376 (16.2%) | Falhas: 0
13:41:23 | INFO     | [13:41:23] ✅ DONE | RT | 00017/2025 | 62/376 (16.5%) | Falhas: 0
13:41:23 | INFO     | [13:41:23] ✅ DONE | RT | 00017/2024 | 63/376 (16.8%) | Falhas: 0
13:41:24 | INFO     | [13:41:24] ✅ DONE | RT | 00017/2026 | 64/376 (17.0%) | Falhas: 0
13:41:24 | INFO     | [13:41:24] ✅ DONE | RT | 00018/2023 | 65/376 (17.3%) | Falhas: 0
13:41:25 | INFO     | [13:41:25] ✅ DONE | RT | 00018/2025 | 66/376 (17.6%) | Falhas: 0
13:41:25 | INFO     | [13:41:25] ✅ DONE | RT | 00018/2024 | 67/376 (17.8%) | Falhas: 0
13:41:27 | INFO     | [13:41:27] ✅ DONE | RT | 00019/2023 | 68/376 (18.1%) | Falhas: 0
13:41:28 | INFO     | [13:41:28] ✅ DONE | RT | 00019/2024 | 69/376 (18.4%) | Falhas: 0
13:41:28 | INFO     | [13:41:28] ✅ DONE | RT | 00019/2025 | 70/376 (18.6%) | Falhas: 0
13:41:29 | INFO     | [13:41:29] ✅ DONE | RT | 00020/2024 | 71/376 (18.9%) | Falhas: 0
13:41:30 | INFO     | [13:41:30] ✅ DONE | RT | 00020/2025 | 72/376 (19.1%) | Falhas: 0
13:41:31 | INFO     | [13:41:31] ✅ DONE | RT | 00020/2026 | 73/376 (19.4%) | Falhas: 0
13:41:32 | INFO     | [13:41:32] ✅ DONE | RT | 00021/2023 | 74/376 (19.7%) | Falhas: 0
13:41:34 | INFO     | [13:41:34] ✅ DONE | RT | 00021/2024 | 75/376 (19.9%) | Falhas: 0
13:41:35 | INFO     | [13:41:35] ✅ DONE | RT | 00021/2025 | 76/376 (20.2%) | Falhas: 0
13:41:36 | INFO     | [13:41:36] ✅ DONE | RT | 00020/2023 | 77/376 (20.5%) | Falhas: 0
13:41:36 | INFO     | [13:41:36] ✅ DONE | RT | 00022/2023 | 78/376 (20.7%) | Falhas: 0
13:41:37 | INFO     | [13:41:37] ✅ DONE | RT | 00022/2025 | 79/376 (21.0%) | Falhas: 0
13:41:37 | INFO     | [13:41:37] ✅ DONE | RT | 00022/2024 | 80/376 (21.3%) | Falhas: 0
13:41:37 | INFO     | [13:41:37] ✅ DONE | RT | 00023/2024 | 81/376 (21.5%) | Falhas: 0
13:41:38 | INFO     | [13:41:38] ✅ DONE | RT | 00023/2023 | 82/376 (21.8%) | Falhas: 0
13:41:38 | INFO     | [13:41:38] ✅ DONE | RT | 00023/2025 | 83/376 (22.1%) | Falhas: 0
13:41:39 | INFO     | [13:41:39] ✅ DONE | RT | 00024/2023 | 84/376 (22.3%) | Falhas: 0
13:41:39 | INFO     | [13:41:39] ✅ DONE | RT | 00024/2024 | 85/376 (22.6%) | Falhas: 0
13:41:40 | INFO     | [13:41:40] ✅ DONE | RT | 00024/2025 | 86/376 (22.9%) | Falhas: 0
13:41:40 | INFO     | [13:41:40] ✅ DONE | RT | 00025/2023 | 87/376 (23.1%) | Falhas: 0
13:41:41 | INFO     | [13:41:41] ✅ DONE | RT | 00025/2024 | 88/376 (23.4%) | Falhas: 0
13:41:41 | INFO     | [13:41:41] ✅ DONE | RT | 00025/2025 | 89/376 (23.7%) | Falhas: 0
13:41:43 | INFO     | [13:41:43] ✅ DONE | RT | 00026/2023 | 90/376 (23.9%) | Falhas: 0
13:41:43 | INFO     | [13:41:43] ✅ DONE | RT | 00026/2024 | 91/376 (24.2%) | Falhas: 0
13:41:44 | INFO     | [13:41:44] ✅ DONE | RT | 00026/2025 | 92/376 (24.5%) | Falhas: 0
13:41:45 | INFO     | [13:41:45] ✅ DONE | RT | 00027/2023 | 93/376 (24.7%) | Falhas: 0
13:41:45 | INFO     | [13:41:45] ✅ DONE | RT | 00027/2024 | 94/376 (25.0%) | Falhas: 0
13:41:46 | INFO     | [13:41:46] ✅ DONE | RT | 00027/2025 | 95/376 (25.3%) | Falhas: 0
13:41:46 | INFO     | [13:41:46] ✅ DONE | RT | 00028/2023 | 96/376 (25.5%) | Falhas: 0
13:41:47 | INFO     | [13:41:47] ✅ DONE | RT | 00028/2024 | 97/376 (25.8%) | Falhas: 0
13:41:47 | INFO     | [13:41:47] ✅ DONE | RT | 00028/2025 | 98/376 (26.1%) | Falhas: 0
13:41:48 | INFO     | [13:41:48] ✅ DONE | RT | 00029/2023 | 99/376 (26.3%) | Falhas: 0
13:41:48 | INFO     | [13:41:48] ✅ DONE | RT | 00029/2024 | 100/376 (26.6%) | Falhas: 0
13:41:49 | INFO     | [13:41:49] ✅ DONE | RT | 00029/2025 | 101/376 (26.9%) | Falhas: 0
13:41:49 | INFO     | [13:41:49] ✅ DONE | RT | 00030/2023 | 102/376 (27.1%) | Falhas: 0
13:41:50 | INFO     | [13:41:50] ✅ DONE | RT | 00030/2024 | 103/376 (27.4%) | Falhas: 0
13:41:51 | INFO     | [13:41:51] ✅ DONE | RT | 00030/2025 | 104/376 (27.7%) | Falhas: 0
13:41:52 | INFO     | [13:41:52] ✅ DONE | RT | 00031/2023 | 105/376 (27.9%) | Falhas: 0
13:41:52 | INFO     | [13:41:52] ✅ DONE | RT | 00031/2024 | 106/376 (28.2%) | Falhas: 0
13:41:53 | INFO     | ⚠️  Tentativa 1 (https://dadosabertos.compras.gov.br/modulo-arp/4_consultarEmpenhosSaldoItem): HTTPSConnectionPool(host='dadosabertos.compras.gov.br', port=443): Read timed out. (read timeout=90)
13:41:53 | INFO     | [13:41:53] ✅ DONE | RT | 00031/2025 | 107/376 (28.5%) | Falhas: 0
13:41:53 | INFO     | [13:41:53] ✅ DONE | RT | 00032/2023 | 108/376 (28.7%) | Falhas: 0
13:41:53 | INFO     | [13:41:53] ✅ DONE | RT | 00032/2024 | 109/376 (29.0%) | Falhas: 0
13:41:54 | INFO     | [13:41:54] ✅ DONE | RT | 00032/2025 | 110/376 (29.3%) | Falhas: 0
13:41:54 | INFO     | [13:41:54] ✅ DONE | RT | 00033/2024 | 111/376 (29.5%) | Falhas: 0
13:41:54 | INFO     | [13:41:54] ✅ DONE | RT | 00033/2023 | 112/376 (29.8%) | Falhas: 0
13:41:55 | INFO     | [13:41:55] ✅ DONE | RT | 00033/2025 | 113/376 (30.1%) | Falhas: 0
13:41:56 | INFO     | [13:41:56] ✅ DONE | RT | 00034/2023 | 114/376 (30.3%) | Falhas: 0
13:41:56 | INFO     | [13:41:56] ✅ DONE | RT | 00034/2024 | 115/376 (30.6%) | Falhas: 0
13:41:56 | INFO     | [13:41:56] ✅ DONE | RT | 00034/2025 | 116/376 (30.9%) | Falhas: 0
13:41:57 | INFO     | [13:41:57] ✅ DONE | RT | 00035/2024 | 117/376 (31.1%) | Falhas: 0
13:41:57 | INFO     | [13:41:57] ✅ DONE | RT | 00035/2023 | 118/376 (31.4%) | Falhas: 0
13:41:58 | INFO     | [13:41:58] ✅ DONE | RT | 00035/2025 | 119/376 (31.6%) | Falhas: 0
13:41:59 | INFO     | [13:41:59] ✅ DONE | RT | 00036/2023 | 120/376 (31.9%) | Falhas: 0
13:41:59 | INFO     | [13:41:59] ✅ DONE | RT | 00036/2024 | 121/376 (32.2%) | Falhas: 0
13:42:00 | INFO     | [13:42:00] ✅ DONE | RT | 00036/2025 | 122/376 (32.4%) | Falhas: 0
13:42:00 | INFO     | [13:42:00] ✅ DONE | RT | 00037/2024 | 123/376 (32.7%) | Falhas: 0
13:42:01 | INFO     | [13:42:01] ✅ DONE | RT | 00037/2023 | 124/376 (33.0%) | Falhas: 0
13:42:03 | INFO     | [13:42:03] ✅ DONE | RT | 00037/2025 | 125/376 (33.2%) | Falhas: 0
13:42:05 | INFO     | [13:42:05] ✅ DONE | RT | 00038/2024 | 126/376 (33.5%) | Falhas: 0
13:42:06 | INFO     | [13:42:06] ✅ DONE | RT | 00038/2025 | 127/376 (33.8%) | Falhas: 0
13:42:08 | INFO     | [13:42:08] ✅ DONE | RT | 00039/2023 | 128/376 (34.0%) | Falhas: 0
13:42:12 | INFO     | [13:42:12] ✅ DONE | RT | 00039/2024 | 129/376 (34.3%) | Falhas: 0
13:42:13 | INFO     | [13:42:13] ✅ DONE | RT | 00039/2025 | 130/376 (34.6%) | Falhas: 0
13:42:13 | INFO     | [13:42:13] ✅ DONE | RT | 00038/2023 | 131/376 (34.8%) | Falhas: 0
13:42:14 | INFO     | [13:42:14] ✅ DONE | RT | 00040/2023 | 132/376 (35.1%) | Falhas: 0
13:42:14 | INFO     | [13:42:14] ✅ DONE | RT | 00040/2025 | 133/376 (35.4%) | Falhas: 0
13:42:15 | INFO     | [13:42:15] ✅ DONE | RT | 00041/2024 | 134/376 (35.6%) | Falhas: 0
13:42:16 | INFO     | [13:42:16] ✅ DONE | RT | 00041/2025 | 135/376 (35.9%) | Falhas: 0
13:42:16 | INFO     | [13:42:16] ✅ DONE | RT | 00042/2024 | 136/376 (36.2%) | Falhas: 0
13:42:18 | INFO     | [13:42:18] ✅ DONE | RT | 00042/2025 | 137/376 (36.4%) | Falhas: 0
13:42:18 | INFO     | [13:42:18] ✅ DONE | RT | 00043/2025 | 138/376 (36.7%) | Falhas: 0
13:42:20 | INFO     | [13:42:20] ✅ DONE | RT | 00044/2024 | 139/376 (37.0%) | Falhas: 0
13:42:21 | INFO     | [13:42:21] ✅ DONE | RT | 00044/2025 | 140/376 (37.2%) | Falhas: 0
13:42:22 | INFO     | [13:42:22] ✅ DONE | RT | 00045/2024 | 141/376 (37.5%) | Falhas: 0
13:42:23 | INFO     | [13:42:23] ✅ DONE | RT | 00045/2025 | 142/376 (37.8%) | Falhas: 0
13:42:24 | INFO     | [13:42:24] ✅ DONE | RT | 00046/2024 | 143/376 (38.0%) | Falhas: 0
13:42:25 | INFO     | [13:42:25] ✅ DONE | RT | 00046/2025 | 144/376 (38.3%) | Falhas: 0
13:42:26 | INFO     | [13:42:26] ✅ DONE | RT | 00047/2024 | 145/376 (38.6%) | Falhas: 0
13:42:27 | INFO     | [13:42:27] ✅ DONE | RT | 00043/2024 | 146/376 (38.8%) | Falhas: 0
13:42:27 | INFO     | [13:42:27] ✅ DONE | RT | 00047/2025 | 147/376 (39.1%) | Falhas: 0
13:42:28 | INFO     | [13:42:28] ✅ DONE | RT | 00048/2024 | 148/376 (39.4%) | Falhas: 0
13:42:28 | INFO     | [13:42:28] ✅ DONE | RT | 00049/2024 | 149/376 (39.6%) | Falhas: 0
13:42:28 | INFO     | [13:42:28] ✅ DONE | RT | 00048/2025 | 150/376 (39.9%) | Falhas: 0
13:42:29 | INFO     | [13:42:29] ✅ DONE | RT | 00049/2025 | 151/376 (40.2%) | Falhas: 0
13:42:29 | INFO     | [13:42:29] ✅ DONE | RT | 00050/2024 | 152/376 (40.4%) | Falhas: 0
13:42:30 | INFO     | [13:42:30] ✅ DONE | RT | 00050/2025 | 153/376 (40.7%) | Falhas: 0
13:42:30 | INFO     | [13:42:30] ✅ DONE | RT | 00051/2024 | 154/376 (41.0%) | Falhas: 0
13:42:30 | INFO     | [13:42:30] ✅ DONE | RT | 00051/2025 | 155/376 (41.2%) | Falhas: 0
13:42:31 | INFO     | [13:42:31] ✅ DONE | RT | 00052/2025 | 156/376 (41.5%) | Falhas: 0
13:42:32 | INFO     | [13:42:32] ✅ DONE | RT | 00052/2024 | 157/376 (41.8%) | Falhas: 0
13:42:33 | INFO     | [13:42:33] ✅ DONE | RT | 00053/2024 | 158/376 (42.0%) | Falhas: 0
13:42:33 | INFO     | [13:42:33] ✅ DONE | RT | 00053/2025 | 159/376 (42.3%) | Falhas: 0
13:42:34 | INFO     | [13:42:34] ✅ DONE | RT | 00054/2025 | 160/376 (42.6%) | Falhas: 0
13:42:34 | INFO     | [13:42:34] ✅ DONE | RT | 00054/2024 | 161/376 (42.8%) | Falhas: 0
13:42:35 | INFO     | [13:42:35] ✅ DONE | RT | 00055/2024 | 162/376 (43.1%) | Falhas: 0
13:42:35 | INFO     | [13:42:35] ✅ DONE | RT | 00055/2025 | 163/376 (43.4%) | Falhas: 0
13:42:36 | INFO     | [13:42:36] ✅ DONE | RT | 00056/2024 | 164/376 (43.6%) | Falhas: 0
13:42:36 | INFO     | [13:42:36] ✅ DONE | RT | 00056/2025 | 165/376 (43.9%) | Falhas: 0
13:42:37 | INFO     | [13:42:37] ✅ DONE | RT | 00057/2024 | 166/376 (44.1%) | Falhas: 0
13:42:37 | INFO     | [13:42:37] ✅ DONE | RT | 00057/2025 | 167/376 (44.4%) | Falhas: 0
13:42:37 | INFO     | [13:42:37] ✅ DONE | RT | 00058/2024 | 168/376 (44.7%) | Falhas: 0
13:42:38 | INFO     | [13:42:38] ✅ DONE | RT | 00059/2024 | 169/376 (44.9%) | Falhas: 0
13:42:39 | INFO     | [13:42:39] ✅ DONE | RT | 00059/2025 | 170/376 (45.2%) | Falhas: 0
13:42:39 | INFO     | [13:42:39] ✅ DONE | RT | 00001/2023 | 171/376 (45.5%) | Falhas: 0
13:42:39 | INFO     | [13:42:39] ✅ DONE | RT | 00060/2024 | 172/376 (45.7%) | Falhas: 0
13:42:39 | INFO     | [13:42:39] ✅ DONE | RT | 00058/2025 | 173/376 (46.0%) | Falhas: 0
13:42:40 | INFO     | [13:42:40] ✅ DONE | RT | 00060/2025 | 174/376 (46.3%) | Falhas: 0
13:42:41 | INFO     | [13:42:41] ✅ DONE | RT | 00061/2024 | 175/376 (46.5%) | Falhas: 0
13:42:41 | INFO     | [13:42:41] ✅ DONE | RT | 00061/2025 | 176/376 (46.8%) | Falhas: 0
13:42:42 | INFO     | [13:42:42] ✅ DONE | RT | 00062/2025 | 177/376 (47.1%) | Falhas: 0
13:42:42 | INFO     | [13:42:42] ✅ DONE | RT | 00062/2024 | 178/376 (47.3%) | Falhas: 0
13:42:42 | INFO     | [13:42:42] ✅ DONE | RT | 00063/2024 | 179/376 (47.6%) | Falhas: 0
13:42:43 | INFO     | [13:42:43] ✅ DONE | RT | 00063/2025 | 180/376 (47.9%) | Falhas: 0
13:42:43 | INFO     | [13:42:43] ✅ DONE | RT | 00064/2024 | 181/376 (48.1%) | Falhas: 0
13:42:43 | INFO     | [13:42:43] ✅ DONE | RT | 00064/2025 | 182/376 (48.4%) | Falhas: 0
13:42:43 | INFO     | [13:42:43] ✅ DONE | RT | 00065/2024 | 183/376 (48.7%) | Falhas: 0
13:42:44 | INFO     | [13:42:44] ✅ DONE | RT | 00066/2025 | 184/376 (48.9%) | Falhas: 0
13:42:44 | INFO     | [13:42:44] ✅ DONE | RT | 00065/2025 | 185/376 (49.2%) | Falhas: 0
13:42:45 | INFO     | [13:42:45] ✅ DONE | RT | 00066/2024 | 186/376 (49.5%) | Falhas: 0
13:42:45 | INFO     | [13:42:45] ✅ DONE | RT | 00067/2024 | 187/376 (49.7%) | Falhas: 0
13:42:45 | INFO     | [13:42:45] ✅ DONE | RT | 00067/2025 | 188/376 (50.0%) | Falhas: 0
13:42:46 | INFO     | [13:42:46] ✅ DONE | RT | 00068/2024 | 189/376 (50.3%) | Falhas: 0
13:42:46 | INFO     | [13:42:46] ✅ DONE | RT | 00068/2025 | 190/376 (50.5%) | Falhas: 0
13:42:46 | INFO     | [13:42:46] ✅ DONE | RT | 00069/2024 | 191/376 (50.8%) | Falhas: 0
13:42:47 | INFO     | [13:42:47] ✅ DONE | RT | 00069/2025 | 192/376 (51.1%) | Falhas: 0
13:42:47 | INFO     | [13:42:47] ✅ DONE | RT | 00070/2025 | 193/376 (51.3%) | Falhas: 0
13:42:47 | INFO     | [13:42:47] ✅ DONE | RT | 00070/2024 | 194/376 (51.6%) | Falhas: 0
13:42:48 | INFO     | [13:42:48] ✅ DONE | RT | 00071/2025 | 195/376 (51.9%) | Falhas: 0
13:42:48 | INFO     | [13:42:48] ✅ DONE | RT | 00071/2024 | 196/376 (52.1%) | Falhas: 0
13:42:48 | INFO     | [13:42:48] ✅ DONE | RT | 00072/2024 | 197/376 (52.4%) | Falhas: 0
13:42:49 | INFO     | [13:42:49] ✅ DONE | RT | 00072/2025 | 198/376 (52.7%) | Falhas: 0
13:42:49 | INFO     | [13:42:49] ✅ DONE | RT | 00073/2025 | 199/376 (52.9%) | Falhas: 0
13:42:50 | INFO     | [13:42:50] ✅ DONE | RT | 00074/2025 | 200/376 (53.2%) | Falhas: 0
13:42:50 | INFO     | [13:42:50] ✅ DONE | RT | 00074/2024 | 201/376 (53.5%) | Falhas: 0
13:42:50 | INFO     | [13:42:50] ✅ DONE | RT | 00073/2024 | 202/376 (53.7%) | Falhas: 0
13:42:51 | INFO     | [13:42:51] ✅ DONE | RT | 00075/2025 | 203/376 (54.0%) | Falhas: 0
13:42:51 | INFO     | [13:42:51] ✅ DONE | RT | 00075/2024 | 204/376 (54.3%) | Falhas: 0
13:42:51 | INFO     | [13:42:51] ✅ DONE | RT | 00076/2025 | 205/376 (54.5%) | Falhas: 0
13:42:52 | INFO     | [13:42:52] ✅ DONE | RT | 00077/2025 | 206/376 (54.8%) | Falhas: 0
13:43:07 | INFO     | [13:43:07] ✅ DONE | RT | 00077/2024 | 207/376 (55.1%) | Falhas: 0
13:43:07 | INFO     | [13:43:07] ✅ DONE | RT | 00076/2024 | 208/376 (55.3%) | Falhas: 0
13:43:07 | INFO     | [13:43:07] ✅ DONE | RT | 00078/2025 | 209/376 (55.6%) | Falhas: 0
13:43:08 | INFO     | [13:43:08] ✅ DONE | RT | 00079/2024 | 210/376 (55.9%) | Falhas: 0
13:43:08 | INFO     | [13:43:08] ✅ DONE | RT | 00078/2024 | 211/376 (56.1%) | Falhas: 0
13:43:08 | INFO     | [13:43:08] ✅ DONE | RT | 00079/2025 | 212/376 (56.4%) | Falhas: 0
13:43:09 | INFO     | [13:43:09] ✅ DONE | RT | 00080/2024 | 213/376 (56.6%) | Falhas: 0
13:43:09 | INFO     | [13:43:09] ✅ DONE | RT | 00080/2025 | 214/376 (56.9%) | Falhas: 0
13:43:09 | INFO     | [13:43:09] ✅ DONE | RT | 00081/2024 | 215/376 (57.2%) | Falhas: 0
13:43:10 | INFO     | [13:43:10] ✅ DONE | RT | 00081/2025 | 216/376 (57.4%) | Falhas: 0
13:43:10 | INFO     | [13:43:10] ✅ DONE | RT | 00082/2024 | 217/376 (57.7%) | Falhas: 0
13:43:10 | INFO     | [13:43:10] ✅ DONE | RT | 00082/2025 | 218/376 (58.0%) | Falhas: 0
13:43:10 | INFO     | [13:43:10] ✅ DONE | RT | 00083/2025 | 219/376 (58.2%) | Falhas: 0
13:43:11 | INFO     | [13:43:11] ✅ DONE | RT | 00083/2024 | 220/376 (58.5%) | Falhas: 0
13:43:11 | INFO     | [13:43:11] ✅ DONE | RT | 00084/2024 | 221/376 (58.8%) | Falhas: 0
13:43:11 | INFO     | [13:43:11] ✅ DONE | RT | 00084/2025 | 222/376 (59.0%) | Falhas: 0
13:43:11 | INFO     | [13:43:11] ✅ DONE | RT | 00085/2024 | 223/376 (59.3%) | Falhas: 0
13:43:12 | INFO     | [13:43:12] ✅ DONE | RT | 00086/2024 | 224/376 (59.6%) | Falhas: 0
13:43:12 | INFO     | [13:43:12] ✅ DONE | RT | 00086/2025 | 225/376 (59.8%) | Falhas: 0
13:43:12 | INFO     | [13:43:12] ✅ DONE | RT | 00087/2024 | 226/376 (60.1%) | Falhas: 0
13:43:12 | INFO     | [13:43:12] ✅ DONE | RT | 00085/2025 | 227/376 (60.4%) | Falhas: 0
13:43:12 | INFO     | [13:43:12] ✅ DONE | RT | 00087/2025 | 228/376 (60.6%) | Falhas: 0
13:43:13 | INFO     | [13:43:13] ✅ DONE | RT | 00088/2024 | 229/376 (60.9%) | Falhas: 0
13:43:13 | INFO     | [13:43:13] ✅ DONE | RT | 00089/2024 | 230/376 (61.2%) | Falhas: 0
13:43:14 | INFO     | [13:43:14] ✅ DONE | RT | 00088/2025 | 231/376 (61.4%) | Falhas: 0
13:43:14 | INFO     | [13:43:14] ✅ DONE | RT | 00089/2025 | 232/376 (61.7%) | Falhas: 0
13:43:14 | INFO     | [13:43:14] ✅ DONE | RT | 00090/2024 | 233/376 (62.0%) | Falhas: 0
13:43:15 | INFO     | [13:43:15] ✅ DONE | RT | 00090/2025 | 234/376 (62.2%) | Falhas: 0
13:43:16 | INFO     | [13:43:16] ✅ DONE | RT | 00092/2024 | 235/376 (62.5%) | Falhas: 0
13:43:17 | INFO     | [13:43:17] ✅ DONE | RT | 00092/2025 | 236/376 (62.8%) | Falhas: 0
13:43:17 | INFO     | [13:43:17] ✅ DONE | RT | 00093/2024 | 237/376 (63.0%) | Falhas: 0
13:43:18 | INFO     | [13:43:18] ✅ DONE | RT | 00093/2025 | 238/376 (63.3%) | Falhas: 0
13:43:19 | INFO     | [13:43:19] ✅ DONE | RT | 00094/2024 | 239/376 (63.6%) | Falhas: 0
13:43:20 | INFO     | [13:43:20] ✅ DONE | RT | 00094/2025 | 240/376 (63.8%) | Falhas: 0
13:43:21 | INFO     | [13:43:21] ✅ DONE | RT | 00095/2024 | 241/376 (64.1%) | Falhas: 0
13:43:22 | INFO     | [13:43:22] ✅ DONE | RT | 00095/2025 | 242/376 (64.4%) | Falhas: 0
13:43:23 | INFO     | [13:43:23] ✅ DONE | RT | 00096/2024 | 243/376 (64.6%) | Falhas: 0
13:43:24 | INFO     | [13:43:24] ✅ DONE | RT | 00096/2025 | 244/376 (64.9%) | Falhas: 0
13:43:25 | INFO     | [13:43:25] ✅ DONE | RT | 00097/2024 | 245/376 (65.2%) | Falhas: 0
13:43:25 | INFO     | [13:43:25] ✅ DONE | RT | 00097/2025 | 246/376 (65.4%) | Falhas: 0
13:43:30 | INFO     | [13:43:30] ✅ DONE | RT | 00091/2024 | 247/376 (65.7%) | Falhas: 0
13:43:30 | INFO     | [13:43:30] ✅ DONE | RT | 00091/2025 | 248/376 (66.0%) | Falhas: 0
13:43:30 | INFO     | [13:43:30] ✅ DONE | RT | 00098/2025 | 249/376 (66.2%) | Falhas: 0
13:43:31 | INFO     | [13:43:31] ✅ DONE | RT | 00099/2024 | 250/376 (66.5%) | Falhas: 0
13:43:32 | INFO     | [13:43:32] ✅ DONE | RT | 00100/2024 | 251/376 (66.8%) | Falhas: 0
13:43:32 | INFO     | [13:43:32] ✅ DONE | RT | 00099/2025 | 252/376 (67.0%) | Falhas: 0
13:43:33 | INFO     | [13:43:33] ✅ DONE | RT | 00100/2025 | 253/376 (67.3%) | Falhas: 0
13:43:34 | INFO     | [13:43:34] ✅ DONE | RT | 00101/2024 | 254/376 (67.6%) | Falhas: 0
13:43:34 | INFO     | [13:43:34] ✅ DONE | RT | 00101/2025 | 255/376 (67.8%) | Falhas: 0
13:43:35 | INFO     | [13:43:35] ✅ DONE | RT | 00102/2025 | 256/376 (68.1%) | Falhas: 0
13:43:35 | INFO     | [13:43:35] ✅ DONE | RT | 00102/2024 | 257/376 (68.4%) | Falhas: 0
13:43:36 | INFO     | [13:43:36] ✅ DONE | RT | 00104/2025 | 258/376 (68.6%) | Falhas: 0
13:43:37 | INFO     | [13:43:37] ✅ DONE | RT | 00103/2025 | 259/376 (68.9%) | Falhas: 0
13:43:38 | INFO     | [13:43:38] ✅ DONE | RT | 00105/2025 | 260/376 (69.1%) | Falhas: 0
13:43:38 | INFO     | [13:43:38] ✅ DONE | RT | 00106/2025 | 261/376 (69.4%) | Falhas: 0
13:43:38 | INFO     | [13:43:38] ✅ DONE | RT | 00107/2025 | 262/376 (69.7%) | Falhas: 0
13:43:39 | INFO     | [13:43:39] ✅ DONE | RT | 00109/2025 | 263/376 (69.9%) | Falhas: 0
13:43:39 | INFO     | [13:43:39] ✅ DONE | RT | 00108/2025 | 264/376 (70.2%) | Falhas: 0
13:43:40 | INFO     | [13:43:40] ✅ DONE | RT | 00110/2025 | 265/376 (70.5%) | Falhas: 0
13:43:40 | INFO     | [13:43:40] ✅ DONE | RT | 00111/2025 | 266/376 (70.7%) | Falhas: 0
13:43:42 | INFO     | [13:43:42] ✅ DONE | RT | 00112/2025 | 267/376 (71.0%) | Falhas: 0
13:43:42 | INFO     | [13:43:42] ✅ DONE | RT | 00098/2024 | 268/376 (71.3%) | Falhas: 0
13:43:43 | INFO     | [13:43:43] ✅ DONE | RT | 00114/2025 | 269/376 (71.5%) | Falhas: 0
13:43:43 | INFO     | [13:43:43] ✅ DONE | RT | 00115/2025 | 270/376 (71.8%) | Falhas: 0
13:43:44 | INFO     | [13:43:44] ✅ DONE | RT | 00117/2025 | 271/376 (72.1%) | Falhas: 0
13:43:45 | INFO     | [13:43:45] ✅ DONE | RT | 00113/2025 | 272/376 (72.3%) | Falhas: 0
13:43:46 | INFO     | [13:43:46] ✅ DONE | RT | 00118/2025 | 273/376 (72.6%) | Falhas: 0
13:43:47 | INFO     | [13:43:47] ✅ DONE | RT | 00119/2025 | 274/376 (72.9%) | Falhas: 0
13:43:48 | INFO     | [13:43:48] ✅ DONE | RT | 00121/2025 | 275/376 (73.1%) | Falhas: 0
13:43:48 | INFO     | [13:43:48] ✅ DONE | RT | 00120/2025 | 276/376 (73.4%) | Falhas: 0
13:43:49 | INFO     | [13:43:49] ✅ DONE | RT | 00116/2025 | 277/376 (73.7%) | Falhas: 0
13:43:50 | INFO     | [13:43:50] ✅ DONE | RT | 00122/2025 | 278/376 (73.9%) | Falhas: 0
13:43:50 | INFO     | [13:43:50] ✅ DONE | RT | 00124/2025 | 279/376 (74.2%) | Falhas: 0
13:43:50 | INFO     | [13:43:50] ✅ DONE | RT | 00123/2025 | 280/376 (74.5%) | Falhas: 0
13:43:51 | INFO     | [13:43:51] ✅ DONE | RT | 00126/2025 | 281/376 (74.7%) | Falhas: 0
13:43:51 | INFO     | [13:43:51] ✅ DONE | RT | 00127/2025 | 282/376 (75.0%) | Falhas: 0
13:43:51 | INFO     | [13:43:51] ✅ DONE | RT | 00125/2025 | 283/376 (75.3%) | Falhas: 0
13:43:52 | INFO     | [13:43:52] ✅ DONE | RT | 00128/2025 | 284/376 (75.5%) | Falhas: 0
13:43:52 | INFO     | [13:43:52] ✅ DONE | RT | 00130/2025 | 285/376 (75.8%) | Falhas: 0
13:43:52 | INFO     | [13:43:52] ✅ DONE | RT | 00129/2025 | 286/376 (76.1%) | Falhas: 0
13:43:54 | INFO     | [13:43:54] ✅ DONE | RT | 00131/2025 | 287/376 (76.3%) | Falhas: 0
13:43:54 | INFO     | [13:43:54] ✅ DONE | RT | 00132/2025 | 288/376 (76.6%) | Falhas: 0
13:43:54 | INFO     | [13:43:54] ✅ DONE | RT | 00134/2025 | 289/376 (76.9%) | Falhas: 0
13:43:55 | INFO     | [13:43:55] ✅ DONE | RT | 00133/2025 | 290/376 (77.1%) | Falhas: 0
13:43:55 | INFO     | [13:43:55] ✅ DONE | RT | 00135/2025 | 291/376 (77.4%) | Falhas: 0
13:43:55 | INFO     | [13:43:55] ✅ DONE | RT | 00136/2025 | 292/376 (77.7%) | Falhas: 0
13:43:56 | INFO     | [13:43:56] ✅ DONE | RT | 00131/2023 | 293/376 (77.9%) | Falhas: 0
13:43:56 | INFO     | [13:43:56] ✅ DONE | RT | 00137/2025 | 294/376 (78.2%) | Falhas: 0
13:43:56 | INFO     | [13:43:56] ✅ DONE | RT | 00138/2025 | 295/376 (78.5%) | Falhas: 0
13:43:56 | INFO     | [13:43:56] ✅ DONE | RT | 00139/2025 | 296/376 (78.7%) | Falhas: 0
13:43:56 | INFO     | [13:43:56] ✅ DONE | RT | 00140/2025 | 297/376 (79.0%) | Falhas: 0
13:43:57 | INFO     | [13:43:57] ✅ DONE | RT | 00141/2025 | 298/376 (79.3%) | Falhas: 0
13:43:57 | INFO     | [13:43:57] ✅ DONE | RT | 00143/2025 | 299/376 (79.5%) | Falhas: 0
13:43:57 | INFO     | [13:43:57] ✅ DONE | RT | 00142/2025 | 300/376 (79.8%) | Falhas: 0
13:43:58 | INFO     | [13:43:58] ✅ DONE | RT | 00146/2025 | 301/376 (80.1%) | Falhas: 0
13:43:58 | INFO     | [13:43:58] ✅ DONE | RT | 00144/2025 | 302/376 (80.3%) | Falhas: 0
13:43:58 | INFO     | [13:43:58] ✅ DONE | RT | 00145/2025 | 303/376 (80.6%) | Falhas: 0
13:43:58 | INFO     | [13:43:58] ✅ DONE | RT | 00148/2025 | 304/376 (80.9%) | Falhas: 0
13:43:59 | INFO     | [13:43:59] ✅ DONE | RT | 00147/2025 | 305/376 (81.1%) | Falhas: 0
13:43:59 | INFO     | [13:43:59] ✅ DONE | RT | 00149/2025 | 306/376 (81.4%) | Falhas: 0
13:44:15 | INFO     | [13:44:15] ✅ DONE | RT | 00150/2025 | 307/376 (81.6%) | Falhas: 0
13:44:15 | INFO     | [13:44:15] ✅ DONE | RT | 00152/2025 | 308/376 (81.9%) | Falhas: 0
13:44:15 | INFO     | [13:44:15] ✅ DONE | RT | 00151/2025 | 309/376 (82.2%) | Falhas: 0
13:44:16 | INFO     | [13:44:16] ✅ DONE | RT | 00155/2025 | 310/376 (82.4%) | Falhas: 0
13:44:16 | INFO     | [13:44:16] ✅ DONE | RT | 00153/2025 | 311/376 (82.7%) | Falhas: 0
13:44:16 | INFO     | [13:44:16] ✅ DONE | RT | 00154/2025 | 312/376 (83.0%) | Falhas: 0
13:44:16 | INFO     | [13:44:16] ✅ DONE | RT | 00156/2025 | 313/376 (83.2%) | Falhas: 0
13:44:16 | INFO     | [13:44:16] ✅ DONE | RT | 00157/2025 | 314/376 (83.5%) | Falhas: 0
13:44:17 | INFO     | [13:44:17] ✅ DONE | RT | 00159/2025 | 315/376 (83.8%) | Falhas: 0
13:44:17 | INFO     | [13:44:17] ✅ DONE | RT | 00158/2025 | 316/376 (84.0%) | Falhas: 0
13:44:17 | INFO     | [13:44:17] ✅ DONE | RT | 00160/2025 | 317/376 (84.3%) | Falhas: 0
13:44:17 | INFO     | [13:44:17] ✅ DONE | RT | 00161/2025 | 318/376 (84.6%) | Falhas: 0
13:44:17 | INFO     | [13:44:17] ✅ DONE | RT | 00162/2025 | 319/376 (84.8%) | Falhas: 0
13:44:18 | INFO     | [13:44:18] ✅ DONE | RT | 00163/2025 | 320/376 (85.1%) | Falhas: 0
13:44:18 | INFO     | [13:44:18] ✅ DONE | RT | 00165/2025 | 321/376 (85.4%) | Falhas: 0
13:44:18 | INFO     | [13:44:18] ✅ DONE | RT | 00164/2025 | 322/376 (85.6%) | Falhas: 0
13:44:19 | INFO     | [13:44:19] ✅ DONE | RT | 00166/2025 | 323/376 (85.9%) | Falhas: 0
13:44:19 | INFO     | [13:44:19] ✅ DONE | RT | 00168/2025 | 324/376 (86.2%) | Falhas: 0
13:44:19 | INFO     | [13:44:19] ✅ DONE | RT | 00167/2025 | 325/376 (86.4%) | Falhas: 0
13:44:20 | INFO     | [13:44:20] ✅ DONE | RT | 00171/2025 | 326/376 (86.7%) | Falhas: 0
13:44:20 | INFO     | [13:44:20] ✅ DONE | RT | 00170/2025 | 327/376 (87.0%) | Falhas: 0
13:44:21 | INFO     | [13:44:21] ✅ DONE | RT | 00169/2025 | 328/376 (87.2%) | Falhas: 0
13:44:22 | INFO     | [13:44:22] ✅ DONE | RT | 00173/2025 | 329/376 (87.5%) | Falhas: 0
13:44:22 | INFO     | [13:44:22] ✅ DONE | RT | 00172/2025 | 330/376 (87.8%) | Falhas: 0
13:44:23 | INFO     | [13:44:23] ✅ DONE | RT | 00174/2025 | 331/376 (88.0%) | Falhas: 0
13:44:23 | INFO     | [13:44:23] ✅ DONE | RT | 00175/2025 | 332/376 (88.3%) | Falhas: 0
13:44:24 | INFO     | [13:44:24] ✅ DONE | RT | 00176/2025 | 333/376 (88.6%) | Falhas: 0
13:44:24 | INFO     | [13:44:24] ✅ DONE | RT | 00177/2025 | 334/376 (88.8%) | Falhas: 0
13:44:24 | INFO     | [13:44:24] ✅ DONE | RT | 00178/2025 | 335/376 (89.1%) | Falhas: 0
13:44:25 | INFO     | [13:44:25] ✅ DONE | RT | 00180/2025 | 336/376 (89.4%) | Falhas: 0
13:44:25 | INFO     | [13:44:25] ✅ DONE | RT | 00181/2025 | 337/376 (89.6%) | Falhas: 0
13:44:26 | INFO     | [13:44:26] ✅ DONE | RT | 00179/2025 | 338/376 (89.9%) | Falhas: 0
13:44:26 | INFO     | [13:44:26] ✅ DONE | RT | 00183/2025 | 339/376 (90.2%) | Falhas: 0
13:44:26 | INFO     | [13:44:26] ✅ DONE | RT | 00182/2025 | 340/376 (90.4%) | Falhas: 0
13:44:27 | INFO     | [13:44:27] ✅ DONE | RT | 00184/2025 | 341/376 (90.7%) | Falhas: 0
13:44:27 | INFO     | [13:44:27] ✅ DONE | RT | 00187/2025 | 342/376 (91.0%) | Falhas: 0
13:44:28 | INFO     | [13:44:28] ✅ DONE | RT | 00189/2025 | 343/376 (91.2%) | Falhas: 0
13:44:28 | INFO     | [13:44:28] ✅ DONE | RT | 00186/2025 | 344/376 (91.5%) | Falhas: 0
13:44:28 | INFO     | [13:44:28] ✅ DONE | RT | 00188/2025 | 345/376 (91.8%) | Falhas: 0
13:44:29 | INFO     | [13:44:29] ✅ DONE | RT | 00191/2025 | 346/376 (92.0%) | Falhas: 0
13:44:29 | INFO     | [13:44:29] ✅ DONE | RT | 00190/2025 | 347/376 (92.3%) | Falhas: 0
13:44:45 | INFO     | [13:44:45] ✅ DONE | RT | 00193/2025 | 348/376 (92.6%) | Falhas: 0
13:44:45 | INFO     | [13:44:45] ✅ DONE | RT | 00192/2025 | 349/376 (92.8%) | Falhas: 0
13:44:46 | INFO     | [13:44:46] ✅ DONE | RT | 00195/2025 | 350/376 (93.1%) | Falhas: 0
13:44:46 | INFO     | [13:44:46] ✅ DONE | RT | 00196/2025 | 351/376 (93.4%) | Falhas: 0
13:44:46 | INFO     | [13:44:46] ✅ DONE | RT | 00194/2025 | 352/376 (93.6%) | Falhas: 0
13:44:47 | INFO     | [13:44:47] ✅ DONE | RT | 00197/2025 | 353/376 (93.9%) | Falhas: 0
13:44:47 | INFO     | [13:44:47] ✅ DONE | RT | 00200/2025 | 354/376 (94.1%) | Falhas: 0
13:44:48 | INFO     | [13:44:48] ✅ DONE | RT | 00199/2025 | 355/376 (94.4%) | Falhas: 0
13:44:48 | INFO     | [13:44:48] ✅ DONE | RT | 00201/2025 | 356/376 (94.7%) | Falhas: 0
13:44:49 | INFO     | [13:44:49] ✅ DONE | RT | 00202/2025 | 357/376 (94.9%) | Falhas: 0
13:44:49 | INFO     | [13:44:49] ✅ DONE | RT | 00203/2025 | 358/376 (95.2%) | Falhas: 0
13:44:49 | INFO     | [13:44:49] ✅ DONE | RT | 00204/2025 | 359/376 (95.5%) | Falhas: 0
13:44:50 | INFO     | [13:44:50] ✅ DONE | RT | 00205/2025 | 360/376 (95.7%) | Falhas: 0
13:44:50 | INFO     | [13:44:50] ✅ DONE | RT | 00206/2025 | 361/376 (96.0%) | Falhas: 0
13:44:50 | INFO     | [13:44:50] ✅ DONE | RT | 00207/2025 | 362/376 (96.3%) | Falhas: 0
13:44:50 | INFO     | [13:44:50] ✅ DONE | RT | 00209/2025 | 363/376 (96.5%) | Falhas: 0
13:44:50 | INFO     | [13:44:50] ✅ DONE | RT | 00208/2025 | 364/376 (96.8%) | Falhas: 0
13:44:52 | INFO     | [13:44:52] ✅ DONE | RT | 00212/2025 | 365/376 (97.1%) | Falhas: 0
13:44:52 | INFO     | [13:44:52] ✅ DONE | RT | 00211/2025 | 366/376 (97.3%) | Falhas: 0
13:44:52 | INFO     | [13:44:52] ✅ DONE | RT | 00210/2025 | 367/376 (97.6%) | Falhas: 0
13:44:53 | INFO     | [13:44:53] ✅ DONE | RT | 00213/2025 | 368/376 (97.9%) | Falhas: 0
13:44:53 | INFO     | [13:44:53] ✅ DONE | RT | 00215/2025 | 369/376 (98.1%) | Falhas: 0
13:44:53 | INFO     | [13:44:53] ✅ DONE | RT | 00214/2025 | 370/376 (98.4%) | Falhas: 0
13:44:55 | INFO     | [13:44:55] ✅ DONE | RT | 00821/2024 | 371/376 (98.7%) | Falhas: 0
13:44:56 | INFO     | [13:44:56] ✅ DONE | RT | 00263/2025 | 372/376 (98.9%) | Falhas: 0
13:44:56 | INFO     | [13:44:56] ✅ DONE | RT | 90014/2024 | 373/376 (99.2%) | Falhas: 0
13:44:56 | INFO     | [13:44:56] ✅ DONE | RT | 90204/2025 | 374/376 (99.5%) | Falhas: 0
13:44:57 | INFO     | [13:44:57] ✅ DONE | RT | 99263/2025 | 375/376 (99.7%) | Falhas: 0
13:45:03 | INFO     | [13:45:03] ✅ DONE | RT | 91400/2024 | 376/376 (100.0%) | Falhas: 0
13:45:03 | INFO     | ✅ FIM | Falhas: 0 | SKIPs: 0
13:45:03 | INFO     | ============================================================
13:45:03 | INFO     | 📤 GERANDO atas_saldos.csv...
13:45:03 | INFO     | 📂 376 arquivo(s) de saldos encontrado(s). Processando...
13:45:05 | INFO     | ✅ CSV gerado: data\atas_saldos.csv
13:45:05 | INFO     | Registros        : 2194
13:45:05 | INFO     | Participantes    : 1938
13:45:05 | INFO     | Não participantes: 150
13:45:05 | INFO     | Colunas          : 12
13:45:05 | INFO     | ============================================================
13:45:05 | INFO     | 🏢 INICIANDO EXTRAÇÃO DE UNIDADES PARTICIPANTES
13:45:06 | INFO     | UASG        : RT (158132)
13:45:06 | INFO     | A extrair   : 0
13:45:06 | INFO     | ⏭️  Tudo em cache. Nada a extrair.
13:45:06 | INFO     | ============================================================
13:45:06 | INFO     | 📤 GERANDO atas_unidades.csv...
13:45:06 | INFO     | 📂 2961 arquivo(s) de unidades encontrado(s). Processando...
13:45:07 | INFO     | ✅ CSV gerado: data\atas_unidades.csv
13:45:07 | INFO     | Registros        : 9567
13:45:07 | INFO     | Participantes    : 6621
13:45:07 | INFO     | Não participantes: 2946
13:45:07 | INFO     | Aceita adesão    : 3735
13:45:07 | INFO     | Colunas          : 27
13:45:07 | INFO     | ============================================================
13:45:07 | INFO     | ============================================================
13:45:07 | INFO     | 📊 RESUMO FINAL
13:45:07 | INFO     |   Falhas compras        : 0
13:45:07 | INFO     |   Falhas itens          : 0
13:45:07 | INFO     |   Falhas atas           : 0
13:45:07 | INFO     |   Falhas atas_itens     : 0
13:45:07 | INFO     |   Falhas atas_saldos    : 0
13:45:07 | INFO     |   Falhas atas_unidades  : 0
13:45:07 | INFO     | 🎉 PIPELINE CONCLUÍDO COM SUCESSO!
